/data/gb/envs/gola/lib/python3.10/site-packages/timm/models/layers/__init__.py:48: FutureWarning: Importing from timm.models.layers is deprecated, please import via timm.layers
  warnings.warn(f"Importing from {__name__} is deprecated, please import via timm.layers", FutureWarning)
/data/gb/GOLA/research/collect_rollouts.py:76: UserWarning: The given NumPy array is not writable, and PyTorch does not support non-writable tensors. This means writing to this tensor will result in undefined behavior. You may want to copy the array to protect its data or make it writable before converting it to a tensor. This type of warning will be suppressed for the rest of this program. (Triggered internally at ../torch/csrc/utils/tensor_numpy.cpp:206.)
  return float(box_iou(torch.from_numpy(box), torch.from_numpy(target)))
{"completed": 1, "total": 418, "sequence": "ab_bolster", "query_frame": 5947, "legal_actions": 3, "elapsed_seconds": 247.07650028401986}
{"completed": 2, "total": 418, "sequence": "rightblkgirlNo_11", "query_frame": 66, "legal_actions": 4, "elapsed_seconds": 253.31970393611118}
{"completed": 3, "total": 418, "sequence": "rightblkgirlNo_11", "query_frame": 155, "legal_actions": 2, "elapsed_seconds": 258.87864601099864}
{"completed": 4, "total": 418, "sequence": "rightblkgirlNo_11", "query_frame": 180, "legal_actions": 2, "elapsed_seconds": 262.00697110407054}
{"completed": 5, "total": 418, "sequence": "rightblkgirlNo_11", "query_frame": 235, "legal_actions": 3, "elapsed_seconds": 267.3488281648606}
{"completed": 6, "total": 418, "sequence": "rightblkgirlNo_11", "query_frame": 344, "legal_actions": 3, "elapsed_seconds": 274.66935844300315}
{"completed": 7, "total": 418, "sequence": "rightblkgirlNo_11", "query_frame": 476, "legal_actions": 3, "elapsed_seconds": 287.77010913100094}
{"completed": 8, "total": 418, "sequence": "rightblkgirlNo_11", "query_frame": 584, "legal_actions": 3, "elapsed_seconds": 300.50930405175313}
{"completed": 9, "total": 418, "sequence": "rightblkgirlNo_11", "query_frame": 602, "legal_actions": 5, "elapsed_seconds": 307.6147356610745}
{"completed": 10, "total": 418, "sequence": "rightblkgirlNo_11", "query_frame": 668, "legal_actions": 1, "elapsed_seconds": 314.4488547388464}
{"completed": 11, "total": 418, "sequence": "rightblkgirlNo_11", "query_frame": 748, "legal_actions": 3, "elapsed_seconds": 324.4747699848376}
{"completed": 12, "total": 418, "sequence": "rightblkgirlNo_11", "query_frame": 2374, "legal_actions": 5, "elapsed_seconds": 455.40768265305087}
{"completed": 13, "total": 418, "sequence": "leftaloneboy-gai", "query_frame": 4146, "legal_actions": 2, "elapsed_seconds": 764.9196736500598}
{"completed": 14, "total": 418, "sequence": "girl2-gai", "query_frame": 3500, "legal_actions": 2, "elapsed_seconds": 1036.9768625777215}
{"completed": 15, "total": 418, "sequence": "higherthwartbottle_quezhen", "query_frame": 9, "legal_actions": 3, "elapsed_seconds": 1041.1110839219764}
{"completed": 16, "total": 418, "sequence": "higherthwartbottle_quezhen", "query_frame": 116, "legal_actions": 5, "elapsed_seconds": 1053.8872700817883}
{"completed": 17, "total": 418, "sequence": "higherthwartbottle_quezhen", "query_frame": 238, "legal_actions": 1, "elapsed_seconds": 1062.9895280478522}
{"completed": 18, "total": 418, "sequence": "higherthwartbottle_quezhen", "query_frame": 2656, "legal_actions": 3, "elapsed_seconds": 1256.6581551120616}
{"completed": 19, "total": 418, "sequence": "midboyblue", "query_frame": 180, "legal_actions": 5, "elapsed_seconds": 1271.4339840007015}
{"completed": 20, "total": 418, "sequence": "midboyblue", "query_frame": 193, "legal_actions": 3, "elapsed_seconds": 1275.7321140090935}
{"completed": 21, "total": 418, "sequence": "midboyblue", "query_frame": 381, "legal_actions": 3, "elapsed_seconds": 1290.5042229727842}
{"completed": 22, "total": 418, "sequence": "midboyblue", "query_frame": 481, "legal_actions": 3, "elapsed_seconds": 1300.5097135570832}
{"completed": 23, "total": 418, "sequence": "midboyblue", "query_frame": 491, "legal_actions": 3, "elapsed_seconds": 1305.5729153617285}
{"completed": 24, "total": 418, "sequence": "midboyblue", "query_frame": 569, "legal_actions": 5, "elapsed_seconds": 1317.3087384658866}
{"completed": 25, "total": 418, "sequence": "midboyblue", "query_frame": 684, "legal_actions": 3, "elapsed_seconds": 1329.8362433849834}
{"completed": 26, "total": 418, "sequence": "midboyblue", "query_frame": 806, "legal_actions": 4, "elapsed_seconds": 1343.2584139648825}
{"completed": 27, "total": 418, "sequence": "midboyblue", "query_frame": 1226, "legal_actions": 3, "elapsed_seconds": 1374.0389890028164}
{"completed": 28, "total": 418, "sequence": "lefthyalinepaper", "query_frame": 297, "legal_actions": 3, "elapsed_seconds": 1399.3190090279095}
{"completed": 29, "total": 418, "sequence": "lefthyalinepaper", "query_frame": 2475, "legal_actions": 3, "elapsed_seconds": 1566.491805025842}
{"completed": 30, "total": 418, "sequence": "rightblkgirlrunning", "query_frame": 417, "legal_actions": 2, "elapsed_seconds": 1597.3878997508436}
{"completed": 31, "total": 418, "sequence": "rightblkgirlrunning", "query_frame": 748, "legal_actions": 1, "elapsed_seconds": 1618.7664094478823}
{"completed": 32, "total": 418, "sequence": "rightblkgirlrunning", "query_frame": 758, "legal_actions": 1, "elapsed_seconds": 1620.9013428897597}
{"completed": 33, "total": 418, "sequence": "rightblkgirlrunning", "query_frame": 1976, "legal_actions": 1, "elapsed_seconds": 1702.6035890518688}
{"completed": 34, "total": 418, "sequence": "midpinkblkglasscup", "query_frame": 69, "legal_actions": 3, "elapsed_seconds": 1710.6403188398108}
{"completed": 35, "total": 418, "sequence": "midpinkblkglasscup", "query_frame": 80, "legal_actions": 3, "elapsed_seconds": 1715.4414728130214}
{"completed": 36, "total": 418, "sequence": "midpinkblkglasscup", "query_frame": 99, "legal_actions": 3, "elapsed_seconds": 1721.2842248147354}
{"completed": 37, "total": 418, "sequence": "midpinkblkglasscup", "query_frame": 129, "legal_actions": 3, "elapsed_seconds": 1728.2808302049525}
{"completed": 38, "total": 418, "sequence": "midpinkblkglasscup", "query_frame": 135, "legal_actions": 3, "elapsed_seconds": 1733.4776420048438}
{"completed": 39, "total": 418, "sequence": "midpinkblkglasscup", "query_frame": 146, "legal_actions": 3, "elapsed_seconds": 1739.1009609429166}
{"completed": 40, "total": 418, "sequence": "midpinkblkglasscup", "query_frame": 458, "legal_actions": 3, "elapsed_seconds": 1765.1723589659669}
{"completed": 41, "total": 418, "sequence": "midpinkblkglasscup", "query_frame": 501, "legal_actions": 5, "elapsed_seconds": 1776.2469067769125}
{"completed": 42, "total": 418, "sequence": "midpinkblkglasscup", "query_frame": 601, "legal_actions": 3, "elapsed_seconds": 1789.3564209239557}
{"completed": 43, "total": 418, "sequence": "midpinkblkglasscup", "query_frame": 715, "legal_actions": 3, "elapsed_seconds": 1803.8247063788585}
{"completed": 44, "total": 418, "sequence": "leftlastboy-sq", "query_frame": 109, "legal_actions": 1, "elapsed_seconds": 1811.6013126969337}
{"completed": 45, "total": 418, "sequence": "leftlastboy-sq", "query_frame": 145, "legal_actions": 3, "elapsed_seconds": 1816.860933470074}
{"completed": 46, "total": 418, "sequence": "leftlastboy-sq", "query_frame": 153, "legal_actions": 3, "elapsed_seconds": 1820.5587314600125}
{"completed": 47, "total": 418, "sequence": "leftlastboy-sq", "query_frame": 175, "legal_actions": 3, "elapsed_seconds": 1825.1121576717123}
{"completed": 48, "total": 418, "sequence": "leftlastboy-sq", "query_frame": 334, "legal_actions": 1, "elapsed_seconds": 1836.4055170728825}
{"completed": 49, "total": 418, "sequence": "leftlastboy-sq", "query_frame": 417, "legal_actions": 3, "elapsed_seconds": 1846.613079323899}
{"completed": 50, "total": 418, "sequence": "leftlastboy-sq", "query_frame": 468, "legal_actions": 3, "elapsed_seconds": 1855.2322470070794}
{"completed": 51, "total": 418, "sequence": "leftlastboy-sq", "query_frame": 493, "legal_actions": 3, "elapsed_seconds": 1862.070342428051}
{"completed": 52, "total": 418, "sequence": "leftlastboy-sq", "query_frame": 770, "legal_actions": 3, "elapsed_seconds": 1887.2406500698999}
{"completed": 53, "total": 418, "sequence": "boyplayingphone366", "query_frame": 65, "legal_actions": 3, "elapsed_seconds": 1897.3579733809456}
{"completed": 54, "total": 418, "sequence": "boyplayingphone366", "query_frame": 68, "legal_actions": 1, "elapsed_seconds": 1899.4519513491541}
{"completed": 55, "total": 418, "sequence": "boyplayingphone366", "query_frame": 98, "legal_actions": 5, "elapsed_seconds": 1909.7964978427626}
{"completed": 56, "total": 418, "sequence": "boyplayingphone366", "query_frame": 100, "legal_actions": 3, "elapsed_seconds": 1914.7839285358787}
{"completed": 57, "total": 418, "sequence": "boyplayingphone366", "query_frame": 106, "legal_actions": 3, "elapsed_seconds": 1919.7835686667822}
{"completed": 58, "total": 418, "sequence": "boyplayingphone366", "query_frame": 151, "legal_actions": 3, "elapsed_seconds": 1928.29746383382}
{"completed": 59, "total": 418, "sequence": "boyplayingphone366", "query_frame": 162, "legal_actions": 3, "elapsed_seconds": 1934.065474387724}
{"completed": 60, "total": 418, "sequence": "boyplayingphone366", "query_frame": 165, "legal_actions": 5, "elapsed_seconds": 1941.9283390818164}
{"completed": 61, "total": 418, "sequence": "boyplayingphone366", "query_frame": 172, "legal_actions": 1, "elapsed_seconds": 1944.444002485834}
{"completed": 62, "total": 418, "sequence": "boyplayingphone366", "query_frame": 174, "legal_actions": 1, "elapsed_seconds": 1946.5055976198055}
{"completed": 63, "total": 418, "sequence": "boyplayingphone366", "query_frame": 283, "legal_actions": 3, "elapsed_seconds": 1959.487276955042}
{"completed": 64, "total": 418, "sequence": "hyalinepaperfrontclothes", "query_frame": 132, "legal_actions": 2, "elapsed_seconds": 1968.3872524718754}
{"completed": 65, "total": 418, "sequence": "hyalinepaperfrontclothes", "query_frame": 189, "legal_actions": 5, "elapsed_seconds": 1976.5739286537282}
{"completed": 66, "total": 418, "sequence": "hyalinepaperfrontclothes", "query_frame": 258, "legal_actions": 3, "elapsed_seconds": 1983.9102735607885}
{"completed": 67, "total": 418, "sequence": "hyalinepaperfrontclothes", "query_frame": 293, "legal_actions": 3, "elapsed_seconds": 1990.1993160089478}
{"completed": 68, "total": 418, "sequence": "hyalinepaperfrontclothes", "query_frame": 1422, "legal_actions": 1, "elapsed_seconds": 2080.6794404741377}
{"completed": 69, "total": 418, "sequence": "Amidredgirl", "query_frame": 151, "legal_actions": 3, "elapsed_seconds": 2091.599323112052}
{"completed": 70, "total": 418, "sequence": "Amidredgirl", "query_frame": 159, "legal_actions": 3, "elapsed_seconds": 2095.982641238719}
{"completed": 71, "total": 418, "sequence": "Amidredgirl", "query_frame": 197, "legal_actions": 3, "elapsed_seconds": 2102.4671520851552}
{"completed": 72, "total": 418, "sequence": "Amidredgirl", "query_frame": 230, "legal_actions": 3, "elapsed_seconds": 2108.827810294926}
{"completed": 73, "total": 418, "sequence": "Amidredgirl", "query_frame": 252, "legal_actions": 3, "elapsed_seconds": 2113.5064786090516}
{"completed": 74, "total": 418, "sequence": "Amidredgirl", "query_frame": 297, "legal_actions": 3, "elapsed_seconds": 2119.548519379925}
{"completed": 75, "total": 418, "sequence": "Amidredgirl", "query_frame": 302, "legal_actions": 3, "elapsed_seconds": 2122.964108355809}
{"completed": 76, "total": 418, "sequence": "Amidredgirl", "query_frame": 552, "legal_actions": 3, "elapsed_seconds": 2145.980332578998}
{"completed": 77, "total": 418, "sequence": "the2ndboyunderbasket", "query_frame": 80, "legal_actions": 2, "elapsed_seconds": 2152.6790458471514}
{"completed": 78, "total": 418, "sequence": "the2ndboyunderbasket", "query_frame": 82, "legal_actions": 2, "elapsed_seconds": 2154.848294302821}
{"completed": 79, "total": 418, "sequence": "the2ndboyunderbasket", "query_frame": 327, "legal_actions": 2, "elapsed_seconds": 2172.0568204680458}
{"completed": 80, "total": 418, "sequence": "the2ndboyunderbasket", "query_frame": 329, "legal_actions": 2, "elapsed_seconds": 2174.286131152883}
{"completed": 81, "total": 418, "sequence": "the2ndboyunderbasket", "query_frame": 334, "legal_actions": 2, "elapsed_seconds": 2176.6598762539215}
{"completed": 82, "total": 418, "sequence": "the2ndboyunderbasket", "query_frame": 556, "legal_actions": 5, "elapsed_seconds": 2199.5206238911487}
{"completed": 83, "total": 418, "sequence": "the2ndboyunderbasket", "query_frame": 679, "legal_actions": 1, "elapsed_seconds": 2211.0545036857948}
{"completed": 84, "total": 418, "sequence": "greenleftbackblack", "query_frame": 228, "legal_actions": 1, "elapsed_seconds": 2224.595386859961}
{"completed": 85, "total": 418, "sequence": "greenleftbackblack", "query_frame": 236, "legal_actions": 1, "elapsed_seconds": 2226.4588885977864}
{"completed": 86, "total": 418, "sequence": "greenleftbackblack", "query_frame": 370, "legal_actions": 1, "elapsed_seconds": 2239.1048006019555}
{"completed": 87, "total": 418, "sequence": "greenleftbackblack", "query_frame": 377, "legal_actions": 3, "elapsed_seconds": 2243.268790787086}
{"completed": 88, "total": 418, "sequence": "greenleftbackblack", "query_frame": 620, "legal_actions": 2, "elapsed_seconds": 2264.281169803813}
{"completed": 89, "total": 418, "sequence": "greenleftbackblack", "query_frame": 691, "legal_actions": 2, "elapsed_seconds": 2271.6985950008966}
{"completed": 90, "total": 418, "sequence": "leftblkboyunderbasketballhoop", "query_frame": 242, "legal_actions": 3, "elapsed_seconds": 2289.509902781807}
{"completed": 91, "total": 418, "sequence": "leftblkboyunderbasketballhoop", "query_frame": 275, "legal_actions": 5, "elapsed_seconds": 2298.0007256697863}
{"completed": 92, "total": 418, "sequence": "leftblkboyunderbasketballhoop", "query_frame": 574, "legal_actions": 5, "elapsed_seconds": 2324.0964866238646}
{"completed": 93, "total": 418, "sequence": "leftblkboyunderbasketballhoop", "query_frame": 668, "legal_actions": 3, "elapsed_seconds": 2333.6954501881264}
{"completed": 94, "total": 418, "sequence": "leftblkboyunderbasketballhoop", "query_frame": 813, "legal_actions": 1, "elapsed_seconds": 2344.7201822479255}
{"completed": 95, "total": 418, "sequence": "leftmirror2", "query_frame": 424, "legal_actions": 4, "elapsed_seconds": 2379.6185840391554}
{"completed": 96, "total": 418, "sequence": "leftmirror2", "query_frame": 632, "legal_actions": 4, "elapsed_seconds": 2398.6441579847597}
{"completed": 97, "total": 418, "sequence": "leftmirror2", "query_frame": 1126, "legal_actions": 4, "elapsed_seconds": 2438.3704451541416}
{"completed": 98, "total": 418, "sequence": "rightumbrella_quezhen", "query_frame": 538, "legal_actions": 4, "elapsed_seconds": 2478.297208250966}
{"completed": 99, "total": 418, "sequence": "rightumbrella_quezhen", "query_frame": 1241, "legal_actions": 2, "elapsed_seconds": 2528.678141886834}
{"completed": 100, "total": 418, "sequence": "besom-ymm", "query_frame": 349, "legal_actions": 4, "elapsed_seconds": 2559.735892492812}
{"completed": 101, "total": 418, "sequence": "besom-ymm", "query_frame": 363, "legal_actions": 3, "elapsed_seconds": 2564.296031967737}
{"completed": 102, "total": 418, "sequence": "besom-ymm", "query_frame": 970, "legal_actions": 2, "elapsed_seconds": 2612.8301480971277}
{"completed": 103, "total": 418, "sequence": "3girl1", "query_frame": 33, "legal_actions": 1, "elapsed_seconds": 2616.0577811370604}
{"completed": 104, "total": 418, "sequence": "3girl1", "query_frame": 38, "legal_actions": 5, "elapsed_seconds": 2622.5775284818374}
{"completed": 105, "total": 418, "sequence": "3girl1", "query_frame": 47, "legal_actions": 3, "elapsed_seconds": 2626.6967317848466}
{"completed": 106, "total": 418, "sequence": "3girl1", "query_frame": 86, "legal_actions": 5, "elapsed_seconds": 2635.3249021680094}
{"completed": 107, "total": 418, "sequence": "3girl1", "query_frame": 112, "legal_actions": 5, "elapsed_seconds": 2643.7032389841042}
{"completed": 108, "total": 418, "sequence": "3girl1", "query_frame": 359, "legal_actions": 3, "elapsed_seconds": 2659.7837101607583}
{"completed": 109, "total": 418, "sequence": "mengointrees", "query_frame": 103, "legal_actions": 5, "elapsed_seconds": 2672.1084216311574}
{"completed": 110, "total": 418, "sequence": "mengointrees", "query_frame": 121, "legal_actions": 3, "elapsed_seconds": 2677.9152269680053}
{"completed": 111, "total": 418, "sequence": "mengointrees", "query_frame": 205, "legal_actions": 5, "elapsed_seconds": 2688.389132821001}
{"completed": 112, "total": 418, "sequence": "mengointrees", "query_frame": 211, "legal_actions": 5, "elapsed_seconds": 2693.4957955679856}
{"completed": 113, "total": 418, "sequence": "mengointrees", "query_frame": 264, "legal_actions": 5, "elapsed_seconds": 2702.413144207094}
{"completed": 114, "total": 418, "sequence": "mengointrees", "query_frame": 308, "legal_actions": 5, "elapsed_seconds": 2712.3754267580807}
{"completed": 115, "total": 418, "sequence": "large2-gai", "query_frame": 417, "legal_actions": 3, "elapsed_seconds": 2741.490843317006}
{"completed": 116, "total": 418, "sequence": "large2-gai", "query_frame": 504, "legal_actions": 1, "elapsed_seconds": 2748.919948808849}
{"completed": 117, "total": 418, "sequence": "large2-gai", "query_frame": 512, "legal_actions": 2, "elapsed_seconds": 2751.795497884974}
{"completed": 118, "total": 418, "sequence": "large2-gai", "query_frame": 592, "legal_actions": 3, "elapsed_seconds": 2760.410136559978}
{"completed": 119, "total": 418, "sequence": "rightfirstgirl-gai", "query_frame": 65, "legal_actions": 3, "elapsed_seconds": 2768.975960920099}
{"completed": 120, "total": 418, "sequence": "rightfirstgirl-gai", "query_frame": 969, "legal_actions": 1, "elapsed_seconds": 2833.9041178650223}
{"completed": 121, "total": 418, "sequence": "rightbottle-gai", "query_frame": 9, "legal_actions": 4, "elapsed_seconds": 2840.2895592977293}
{"completed": 122, "total": 418, "sequence": "rightbottle-gai", "query_frame": 18, "legal_actions": 2, "elapsed_seconds": 2844.138043948915}
{"completed": 123, "total": 418, "sequence": "rightbottle-gai", "query_frame": 294, "legal_actions": 1, "elapsed_seconds": 2864.819842075929}
{"completed": 124, "total": 418, "sequence": "rightbottle-gai", "query_frame": 503, "legal_actions": 3, "elapsed_seconds": 2885.3167566559277}
{"completed": 125, "total": 418, "sequence": "girlfoldumbrella", "query_frame": 120, "legal_actions": 1, "elapsed_seconds": 2892.248291486874}
{"completed": 126, "total": 418, "sequence": "girlfoldumbrella", "query_frame": 233, "legal_actions": 3, "elapsed_seconds": 2903.643118568696}
{"completed": 127, "total": 418, "sequence": "girlfoldumbrella", "query_frame": 279, "legal_actions": 2, "elapsed_seconds": 2908.867382033728}
{"completed": 128, "total": 418, "sequence": "girlfoldumbrella", "query_frame": 482, "legal_actions": 2, "elapsed_seconds": 2921.342225376051}
{"completed": 129, "total": 418, "sequence": "righttallholdball", "query_frame": 214, "legal_actions": 2, "elapsed_seconds": 2939.0328397629783}
{"completed": 130, "total": 418, "sequence": "righttallholdball", "query_frame": 467, "legal_actions": 5, "elapsed_seconds": 2963.4940316369757}
{"completed": 131, "total": 418, "sequence": "righttallholdball", "query_frame": 656, "legal_actions": 3, "elapsed_seconds": 2981.5461284350604}
{"completed": 132, "total": 418, "sequence": "leftlastgirl-yxb", "query_frame": 1017, "legal_actions": 1, "elapsed_seconds": 3055.2067141658626}
{"completed": 133, "total": 418, "sequence": "rightbattle", "query_frame": 16, "legal_actions": 1, "elapsed_seconds": 3058.1082220417447}
{"completed": 134, "total": 418, "sequence": "rightbattle", "query_frame": 49, "legal_actions": 1, "elapsed_seconds": 3061.7825159551576}
{"completed": 135, "total": 418, "sequence": "rightbattle", "query_frame": 140, "legal_actions": 3, "elapsed_seconds": 3071.0438415450044}
{"completed": 136, "total": 418, "sequence": "rightbattle", "query_frame": 210, "legal_actions": 3, "elapsed_seconds": 3079.787419822067}
{"completed": 137, "total": 418, "sequence": "rightbattle", "query_frame": 219, "legal_actions": 1, "elapsed_seconds": 3082.403199738823}
{"completed": 138, "total": 418, "sequence": "girlbikeinlight", "query_frame": 10, "legal_actions": 2, "elapsed_seconds": 3084.810077519156}
{"completed": 139, "total": 418, "sequence": "girlbikeinlight", "query_frame": 214, "legal_actions": 5, "elapsed_seconds": 3099.987893343903}
{"completed": 140, "total": 418, "sequence": "girlbikeinlight", "query_frame": 249, "legal_actions": 5, "elapsed_seconds": 3108.1810420677066}
{"completed": 141, "total": 418, "sequence": "girlbikeinlight", "query_frame": 369, "legal_actions": 5, "elapsed_seconds": 3120.561691683717}
{"completed": 142, "total": 418, "sequence": "swan2_0109", "query_frame": 928, "legal_actions": 3, "elapsed_seconds": 3190.0205838410184}
{"completed": 143, "total": 418, "sequence": "redgirl2trees", "query_frame": 103, "legal_actions": 2, "elapsed_seconds": 3197.125098287128}
{"completed": 144, "total": 418, "sequence": "redgirl2trees", "query_frame": 192, "legal_actions": 5, "elapsed_seconds": 3206.861561137717}
{"completed": 145, "total": 418, "sequence": "redgirl2trees", "query_frame": 255, "legal_actions": 5, "elapsed_seconds": 3216.4659685180523}
{"completed": 146, "total": 418, "sequence": "redgirl2trees", "query_frame": 327, "legal_actions": 3, "elapsed_seconds": 3226.076838094741}
{"completed": 147, "total": 418, "sequence": "bolster", "query_frame": 895, "legal_actions": 3, "elapsed_seconds": 3299.503436966799}
{"completed": 148, "total": 418, "sequence": "righthunchblack", "query_frame": 177, "legal_actions": 3, "elapsed_seconds": 3315.04458224494}
{"completed": 149, "total": 418, "sequence": "righthunchblack", "query_frame": 190, "legal_actions": 1, "elapsed_seconds": 3317.8960036267526}
{"completed": 150, "total": 418, "sequence": "righthunchblack", "query_frame": 224, "legal_actions": 3, "elapsed_seconds": 3325.408329829108}
{"completed": 151, "total": 418, "sequence": "righthunchblack", "query_frame": 285, "legal_actions": 1, "elapsed_seconds": 3331.7932490510866}
{"completed": 152, "total": 418, "sequence": "farmanrightwhitesmallhouse", "query_frame": 120, "legal_actions": 1, "elapsed_seconds": 3341.2668853718787}
{"completed": 153, "total": 418, "sequence": "farmanrightwhitesmallhouse", "query_frame": 130, "legal_actions": 3, "elapsed_seconds": 3346.1171191758476}
{"completed": 154, "total": 418, "sequence": "farmanrightwhitesmallhouse", "query_frame": 177, "legal_actions": 3, "elapsed_seconds": 3352.783621564973}
{"completed": 155, "total": 418, "sequence": "farmanrightwhitesmallhouse", "query_frame": 281, "legal_actions": 3, "elapsed_seconds": 3363.6502810050733}
{"completed": 156, "total": 418, "sequence": "foundsecondpeople_0109", "query_frame": 419, "legal_actions": 5, "elapsed_seconds": 3402.6610018331558}
{"completed": 157, "total": 418, "sequence": "foundsecondpeople_0109", "query_frame": 649, "legal_actions": 3, "elapsed_seconds": 3422.983554000035}
{"completed": 158, "total": 418, "sequence": "left2ndgirl", "query_frame": 223, "legal_actions": 3, "elapsed_seconds": 3442.523469354026}
{"completed": 159, "total": 418, "sequence": "left2ndgirl", "query_frame": 240, "legal_actions": 3, "elapsed_seconds": 3449.2577300900593}
{"completed": 160, "total": 418, "sequence": "left2ndgirl", "query_frame": 436, "legal_actions": 3, "elapsed_seconds": 3471.1462238049135}
{"completed": 161, "total": 418, "sequence": "rightboyleader", "query_frame": 118, "legal_actions": 3, "elapsed_seconds": 3481.7934754318558}
{"completed": 162, "total": 418, "sequence": "rightboyleader", "query_frame": 126, "legal_actions": 3, "elapsed_seconds": 3486.230439616833}
{"completed": 163, "total": 418, "sequence": "rightboyleader", "query_frame": 133, "legal_actions": 3, "elapsed_seconds": 3490.516999600921}
{"completed": 164, "total": 418, "sequence": "rightboyleader", "query_frame": 241, "legal_actions": 3, "elapsed_seconds": 3502.3061540219933}
{"completed": 165, "total": 418, "sequence": "basketballshooting2", "query_frame": 37, "legal_actions": 3, "elapsed_seconds": 3508.4904867857695}
{"completed": 166, "total": 418, "sequence": "basketballshooting2", "query_frame": 60, "legal_actions": 3, "elapsed_seconds": 3513.9481058618985}
{"completed": 167, "total": 418, "sequence": "basketballshooting2", "query_frame": 82, "legal_actions": 5, "elapsed_seconds": 3522.4483253248036}
{"completed": 168, "total": 418, "sequence": "basketballshooting2", "query_frame": 222, "legal_actions": 3, "elapsed_seconds": 3536.4492558031343}
{"completed": 169, "total": 418, "sequence": "rightmirrorbackwards", "query_frame": 219, "legal_actions": 1, "elapsed_seconds": 3555.061469397042}
{"completed": 170, "total": 418, "sequence": "rightmirrorbackwards", "query_frame": 577, "legal_actions": 3, "elapsed_seconds": 3583.5343392840587}
{"completed": 171, "total": 418, "sequence": "whiteboy`head", "query_frame": 244, "legal_actions": 1, "elapsed_seconds": 3598.210301195737}
{"completed": 172, "total": 418, "sequence": "whiteboy`head", "query_frame": 563, "legal_actions": 2, "elapsed_seconds": 3623.3554596607573}
{"completed": 173, "total": 418, "sequence": "theleftestrunningboy", "query_frame": 18, "legal_actions": 3, "elapsed_seconds": 3627.92231304897}
{"completed": 174, "total": 418, "sequence": "theleftestrunningboy", "query_frame": 37, "legal_actions": 3, "elapsed_seconds": 3632.196803824976}
{"completed": 175, "total": 418, "sequence": "theleftestrunningboy", "query_frame": 120, "legal_actions": 3, "elapsed_seconds": 3641.012125718873}
{"completed": 176, "total": 418, "sequence": "theleftestrunningboy", "query_frame": 165, "legal_actions": 3, "elapsed_seconds": 3647.299332567025}
{"completed": 177, "total": 418, "sequence": "frontmirror", "query_frame": 695, "legal_actions": 3, "elapsed_seconds": 3697.098725519143}
{"completed": 178, "total": 418, "sequence": "bookatfloor", "query_frame": 106, "legal_actions": 1, "elapsed_seconds": 3701.917836094741}
{"completed": 179, "total": 418, "sequence": "bookatfloor", "query_frame": 263, "legal_actions": 3, "elapsed_seconds": 3710.2744694300927}
{"completed": 180, "total": 418, "sequence": "bookatfloor", "query_frame": 296, "legal_actions": 2, "elapsed_seconds": 3713.6673936410807}
{"completed": 181, "total": 418, "sequence": "left3rdrunwaygirlbesideswhitepants", "query_frame": 429, "legal_actions": 3, "elapsed_seconds": 3750.0814069397748}
{"completed": 182, "total": 418, "sequence": "left3rdrunwaygirlbesideswhitepants", "query_frame": 471, "legal_actions": 3, "elapsed_seconds": 3757.940456401091}
{"completed": 183, "total": 418, "sequence": "twopeople", "query_frame": 34, "legal_actions": 3, "elapsed_seconds": 3762.673164891079}
{"completed": 184, "total": 418, "sequence": "twopeople", "query_frame": 460, "legal_actions": 3, "elapsed_seconds": 3785.5124964267015}
{"completed": 185, "total": 418, "sequence": "leftfallenchair_inf_white", "query_frame": 134, "legal_actions": 2, "elapsed_seconds": 3795.09778887406}
{"completed": 186, "total": 418, "sequence": "leftfallenchair_inf_white", "query_frame": 452, "legal_actions": 2, "elapsed_seconds": 3818.219751143828}
{"completed": 187, "total": 418, "sequence": "7rightwhitegirl", "query_frame": 342, "legal_actions": 5, "elapsed_seconds": 3847.8044132920913}
{"completed": 188, "total": 418, "sequence": "7rightwhitegirl", "query_frame": 428, "legal_actions": 3, "elapsed_seconds": 3857.2898991829716}
{"completed": 189, "total": 418, "sequence": "girlrightcomein", "query_frame": 234, "legal_actions": 5, "elapsed_seconds": 3878.172719970811}
{"completed": 190, "total": 418, "sequence": "girlrightcomein", "query_frame": 419, "legal_actions": 3, "elapsed_seconds": 3894.037855141796}
{"completed": 191, "total": 418, "sequence": "large3-gai", "query_frame": 9, "legal_actions": 2, "elapsed_seconds": 3898.024600377772}
{"completed": 192, "total": 418, "sequence": "large3-gai", "query_frame": 179, "legal_actions": 5, "elapsed_seconds": 3915.875250250101}
{"completed": 193, "total": 418, "sequence": "large3-gai", "query_frame": 211, "legal_actions": 1, "elapsed_seconds": 3919.8583016237244}
{"completed": 194, "total": 418, "sequence": "boyrightthelightbrown", "query_frame": 127, "legal_actions": 3, "elapsed_seconds": 3929.6729019000195}
{"completed": 195, "total": 418, "sequence": "boyrightthelightbrown", "query_frame": 185, "legal_actions": 1, "elapsed_seconds": 3935.0815524817444}
{"completed": 196, "total": 418, "sequence": "boyrightthelightbrown", "query_frame": 193, "legal_actions": 3, "elapsed_seconds": 3939.3436666191556}
{"completed": 197, "total": 418, "sequence": "blkboycoming", "query_frame": 560, "legal_actions": 5, "elapsed_seconds": 3992.231795984786}
{"completed": 198, "total": 418, "sequence": "boybesidesbar2putcup", "query_frame": 248, "legal_actions": 5, "elapsed_seconds": 4019.1577603160404}
{"completed": 199, "total": 418, "sequence": "boybesidesbar2putcup", "query_frame": 357, "legal_actions": 1, "elapsed_seconds": 4029.2599953557365}
{"completed": 200, "total": 418, "sequence": "carleaves", "query_frame": 30, "legal_actions": 2, "elapsed_seconds": 4033.335758968722}
{"completed": 201, "total": 418, "sequence": "carleaves", "query_frame": 142, "legal_actions": 2, "elapsed_seconds": 4043.9761567539535}
{"completed": 202, "total": 418, "sequence": "carleaves", "query_frame": 144, "legal_actions": 2, "elapsed_seconds": 4046.307756111957}
{"completed": 203, "total": 418, "sequence": "2girlinrain", "query_frame": 199, "legal_actions": 3, "elapsed_seconds": 4059.4055884387344}
{"completed": 204, "total": 418, "sequence": "2girlinrain", "query_frame": 330, "legal_actions": 3, "elapsed_seconds": 4069.428097099997}
{"completed": 205, "total": 418, "sequence": "boyleft161", "query_frame": 67, "legal_actions": 3, "elapsed_seconds": 4075.333114503883}
{"completed": 206, "total": 418, "sequence": "boyleft161", "query_frame": 101, "legal_actions": 1, "elapsed_seconds": 4078.163036053069}
{"completed": 207, "total": 418, "sequence": "boyleft161", "query_frame": 123, "legal_actions": 3, "elapsed_seconds": 4082.385316655971}
{"completed": 208, "total": 418, "sequence": "leftlastgirl2", "query_frame": 501, "legal_actions": 2, "elapsed_seconds": 4118.685383206699}
{"completed": 209, "total": 418, "sequence": "pingpongpad2", "query_frame": 30, "legal_actions": 5, "elapsed_seconds": 4127.06364225084}
{"completed": 210, "total": 418, "sequence": "pingpongpad2", "query_frame": 303, "legal_actions": 1, "elapsed_seconds": 4145.152813354041}
{"completed": 211, "total": 418, "sequence": "1rowleft2ndgirl", "query_frame": 157, "legal_actions": 3, "elapsed_seconds": 4160.52373275999}
{"completed": 212, "total": 418, "sequence": "1rowleft2ndgirl", "query_frame": 293, "legal_actions": 4, "elapsed_seconds": 4173.823677408043}
{"completed": 213, "total": 418, "sequence": "leftgirlat1row", "query_frame": 224, "legal_actions": 2, "elapsed_seconds": 4191.711762004066}
{"completed": 214, "total": 418, "sequence": "leftgirlat1row", "query_frame": 287, "legal_actions": 1, "elapsed_seconds": 4198.181825235952}
{"completed": 215, "total": 418, "sequence": "rightredboy", "query_frame": 460, "legal_actions": 4, "elapsed_seconds": 4219.5048030461185}
{"completed": 216, "total": 418, "sequence": "rightbluegirl", "query_frame": 452, "legal_actions": 2, "elapsed_seconds": 4245.810967538971}
{"completed": 217, "total": 418, "sequence": "redbaginbike", "query_frame": 24, "legal_actions": 5, "elapsed_seconds": 4251.614998250734}
{"completed": 218, "total": 418, "sequence": "redbaginbike", "query_frame": 60, "legal_actions": 1, "elapsed_seconds": 4254.130598932039}
{"completed": 219, "total": 418, "sequence": "redbaginbike", "query_frame": 67, "legal_actions": 3, "elapsed_seconds": 4257.168664692901}
{"completed": 220, "total": 418, "sequence": "man2startmoto", "query_frame": 432, "legal_actions": 3, "elapsed_seconds": 4275.956476700958}
{"completed": 221, "total": 418, "sequence": "boybehindbus", "query_frame": 137, "legal_actions": 5, "elapsed_seconds": 4290.620786560699}
{"completed": 222, "total": 418, "sequence": "boybehindbus", "query_frame": 230, "legal_actions": 3, "elapsed_seconds": 4298.610649393871}
{"completed": 223, "total": 418, "sequence": "2ndgirlmove", "query_frame": 8, "legal_actions": 1, "elapsed_seconds": 4300.804932289757}
{"completed": 224, "total": 418, "sequence": "2ndgirlmove", "query_frame": 25, "legal_actions": 3, "elapsed_seconds": 4305.399182272144}
{"completed": 225, "total": 418, "sequence": "2ndgirlmove", "query_frame": 32, "legal_actions": 5, "elapsed_seconds": 4310.798012837768}
{"completed": 226, "total": 418, "sequence": "folderatlefthand", "query_frame": 181, "legal_actions": 1, "elapsed_seconds": 4324.77404585015}
{"completed": 227, "total": 418, "sequence": "folderatlefthand", "query_frame": 211, "legal_actions": 1, "elapsed_seconds": 4328.176709116902}
{"completed": 228, "total": 418, "sequence": "rightwhitegirlleftpink", "query_frame": 396, "legal_actions": 1, "elapsed_seconds": 4355.131054313853}
{"completed": 229, "total": 418, "sequence": "right2ndblkboy", "query_frame": 46, "legal_actions": 1, "elapsed_seconds": 4359.007615311071}
{"completed": 230, "total": 418, "sequence": "right2ndblkboy", "query_frame": 195, "legal_actions": 3, "elapsed_seconds": 4371.327862211969}
{"completed": 231, "total": 418, "sequence": "besom4", "query_frame": 384, "legal_actions": 2, "elapsed_seconds": 4398.276206425857}
{"completed": 232, "total": 418, "sequence": "blkboygoleft", "query_frame": 30, "legal_actions": 5, "elapsed_seconds": 4404.963382041082}
{"completed": 233, "total": 418, "sequence": "blkboygoleft", "query_frame": 183, "legal_actions": 5, "elapsed_seconds": 4420.284795452841}
{"completed": 234, "total": 418, "sequence": "folderinrighthand", "query_frame": 369, "legal_actions": 2, "elapsed_seconds": 4448.202478511725}
{"completed": 235, "total": 418, "sequence": "right2ndfarboytakinglight2left", "query_frame": 360, "legal_actions": 3, "elapsed_seconds": 4468.711304389872}
{"completed": 236, "total": 418, "sequence": "openthisexersicebook", "query_frame": 351, "legal_actions": 3, "elapsed_seconds": 4484.609019912779}
{"completed": 237, "total": 418, "sequence": "boytakepath", "query_frame": 347, "legal_actions": 3, "elapsed_seconds": 4503.77902915515}
{"completed": 238, "total": 418, "sequence": "ab_girlrideintrees", "query_frame": 112, "legal_actions": 2, "elapsed_seconds": 4509.5514976698905}
{"completed": 239, "total": 418, "sequence": "ab_girlrideintrees", "query_frame": 150, "legal_actions": 3, "elapsed_seconds": 4513.999461936764}
{"completed": 240, "total": 418, "sequence": "rightbhindbike-gai", "query_frame": 32, "legal_actions": 3, "elapsed_seconds": 4521.050015323795}
{"completed": 241, "total": 418, "sequence": "rightbhindbike-gai", "query_frame": 137, "legal_actions": 3, "elapsed_seconds": 4533.6450213617645}
{"completed": 242, "total": 418, "sequence": "leftgirl", "query_frame": 327, "legal_actions": 4, "elapsed_seconds": 4552.105159523897}
{"completed": 243, "total": 418, "sequence": "girl", "query_frame": 323, "legal_actions": 2, "elapsed_seconds": 4578.978947469965}
{"completed": 244, "total": 418, "sequence": "catbrown", "query_frame": 314, "legal_actions": 1, "elapsed_seconds": 4599.900598657783}
{"completed": 245, "total": 418, "sequence": "3blackboys", "query_frame": 113, "legal_actions": 3, "elapsed_seconds": 4608.8419369771145}
{"completed": 246, "total": 418, "sequence": "3blackboys", "query_frame": 118, "legal_actions": 5, "elapsed_seconds": 4613.616794836707}
{"completed": 247, "total": 418, "sequence": "moto2north1", "query_frame": 20, "legal_actions": 2, "elapsed_seconds": 4616.627960375976}
{"completed": 248, "total": 418, "sequence": "moto2north1", "query_frame": 114, "legal_actions": 4, "elapsed_seconds": 4624.7823539120145}
{"completed": 249, "total": 418, "sequence": "umbrellainblack", "query_frame": 59, "legal_actions": 1, "elapsed_seconds": 4629.628800769802}
{"completed": 250, "total": 418, "sequence": "umbrellainblack", "query_frame": 107, "legal_actions": 5, "elapsed_seconds": 4637.02048436692}
{"completed": 251, "total": 418, "sequence": "whitegirl2right", "query_frame": 297, "legal_actions": 3, "elapsed_seconds": 4659.706432981882}
{"completed": 252, "total": 418, "sequence": "boybetween2blkcar", "query_frame": 8, "legal_actions": 2, "elapsed_seconds": 4662.051654036157}
{"completed": 253, "total": 418, "sequence": "boybetween2blkcar", "query_frame": 101, "legal_actions": 5, "elapsed_seconds": 4673.051280763}
{"completed": 254, "total": 418, "sequence": "actor_1202", "query_frame": 280, "legal_actions": 2, "elapsed_seconds": 4694.581379605923}
{"completed": 255, "total": 418, "sequence": "moto2ground", "query_frame": 56, "legal_actions": 3, "elapsed_seconds": 4702.019105292857}
{"completed": 256, "total": 418, "sequence": "moto2ground", "query_frame": 87, "legal_actions": 3, "elapsed_seconds": 4707.95088663185}
{"completed": 257, "total": 418, "sequence": "bikecome", "query_frame": 73, "legal_actions": 2, "elapsed_seconds": 4712.670738264918}
{"completed": 258, "total": 418, "sequence": "bikecome", "query_frame": 82, "legal_actions": 2, "elapsed_seconds": 4714.962818518747}
{"completed": 259, "total": 418, "sequence": "takeoutmoto521", "query_frame": 270, "legal_actions": 2, "elapsed_seconds": 4731.66234358307}
{"completed": 260, "total": 418, "sequence": "2sisiters", "query_frame": 263, "legal_actions": 2, "elapsed_seconds": 4751.332149535883}
{"completed": 261, "total": 418, "sequence": "boy2_1227", "query_frame": 258, "legal_actions": 3, "elapsed_seconds": 4773.6182547970675}
{"completed": 262, "total": 418, "sequence": "10rightblackboy", "query_frame": 256, "legal_actions": 3, "elapsed_seconds": 4786.340907782782}
{"completed": 263, "total": 418, "sequence": "manstarttreecar", "query_frame": 249, "legal_actions": 5, "elapsed_seconds": 4807.82880097907}
{"completed": 264, "total": 418, "sequence": "motoslow", "query_frame": 242, "legal_actions": 2, "elapsed_seconds": 4821.85158882197}
{"completed": 265, "total": 418, "sequence": "boysumbrella", "query_frame": 234, "legal_actions": 1, "elapsed_seconds": 4831.557629910763}
{"completed": 266, "total": 418, "sequence": "5runthree", "query_frame": 231, "legal_actions": 4, "elapsed_seconds": 4850.619318279903}
{"completed": 267, "total": 418, "sequence": "blackbetweengreenandorange", "query_frame": 230, "legal_actions": 2, "elapsed_seconds": 4868.8002887130715}
{"completed": 268, "total": 418, "sequence": "shotmaker2", "query_frame": 219, "legal_actions": 3, "elapsed_seconds": 4889.186533077154}
{"completed": 269, "total": 418, "sequence": "biketurndark", "query_frame": 11, "legal_actions": 2, "elapsed_seconds": 4892.223521771841}
{"completed": 270, "total": 418, "sequence": "biketurndark", "query_frame": 22, "legal_actions": 2, "elapsed_seconds": 4894.599783807993}
{"completed": 271, "total": 418, "sequence": "whiteboy", "query_frame": 212, "legal_actions": 2, "elapsed_seconds": 4906.620060272049}
{"completed": 272, "total": 418, "sequence": "whitewoman_1202", "query_frame": 203, "legal_actions": 3, "elapsed_seconds": 4924.155614037067}
{"completed": 273, "total": 418, "sequence": "whiteof2boys", "query_frame": 202, "legal_actions": 3, "elapsed_seconds": 4940.070810690988}
{"completed": 274, "total": 418, "sequence": "foamboardatlefthand", "query_frame": 3, "legal_actions": 3, "elapsed_seconds": 4943.645198827144}
{"completed": 275, "total": 418, "sequence": "foamboardatlefthand", "query_frame": 4, "legal_actions": 1, "elapsed_seconds": 4944.902299537789}
{"completed": 276, "total": 418, "sequence": "4runeight", "query_frame": 194, "legal_actions": 3, "elapsed_seconds": 4962.9207482649945}
{"completed": 277, "total": 418, "sequence": "carfarstart", "query_frame": 192, "legal_actions": 2, "elapsed_seconds": 4975.518087354954}
{"completed": 278, "total": 418, "sequence": "rightestblkboy2", "query_frame": 190, "legal_actions": 2, "elapsed_seconds": 4988.76008567214}
{"completed": 279, "total": 418, "sequence": "manrun250", "query_frame": 185, "legal_actions": 4, "elapsed_seconds": 5001.75792916771}
{"completed": 280, "total": 418, "sequence": "redshirtman", "query_frame": 176, "legal_actions": 2, "elapsed_seconds": 5009.453143348917}
{"completed": 281, "total": 418, "sequence": "lonelyman", "query_frame": 175, "legal_actions": 3, "elapsed_seconds": 5019.160209870897}
{"completed": 282, "total": 418, "sequence": "The_one_on_the_left_in_black_1202", "query_frame": 165, "legal_actions": 2, "elapsed_seconds": 5029.825111145154}
{"completed": 283, "total": 418, "sequence": "runningwhiteboy249", "query_frame": 165, "legal_actions": 3, "elapsed_seconds": 5042.014993635938}
{"completed": 284, "total": 418, "sequence": "bikeumbrellacome", "query_frame": 163, "legal_actions": 4, "elapsed_seconds": 5053.3195553091355}
{"completed": 285, "total": 418, "sequence": "rainblackcarcome", "query_frame": 159, "legal_actions": 2, "elapsed_seconds": 5062.793555505108}
{"completed": 286, "total": 418, "sequence": "4four", "query_frame": 156, "legal_actions": 3, "elapsed_seconds": 5076.71178595908}
{"completed": 287, "total": 418, "sequence": "boy_0115", "query_frame": 155, "legal_actions": 2, "elapsed_seconds": 5088.532507630065}
{"completed": 288, "total": 418, "sequence": "left3boycoming", "query_frame": 151, "legal_actions": 2, "elapsed_seconds": 5101.56858543586}
{"completed": 289, "total": 418, "sequence": "midblkboyplayingphone", "query_frame": 151, "legal_actions": 4, "elapsed_seconds": 5117.081440682989}
{"completed": 290, "total": 418, "sequence": "mirroratleft", "query_frame": 150, "legal_actions": 4, "elapsed_seconds": 5129.391982726753}
{"completed": 291, "total": 418, "sequence": "carturnleft", "query_frame": 147, "legal_actions": 4, "elapsed_seconds": 5139.310826615896}
{"completed": 292, "total": 418, "sequence": "girlbesidesboy", "query_frame": 147, "legal_actions": 3, "elapsed_seconds": 5149.063198989723}
{"completed": 293, "total": 418, "sequence": "boyridesbike", "query_frame": 141, "legal_actions": 1, "elapsed_seconds": 5155.754287522752}
{"completed": 294, "total": 418, "sequence": "carfromnorth2", "query_frame": 139, "legal_actions": 2, "elapsed_seconds": 5163.094199116807}
{"completed": 295, "total": 418, "sequence": "elector_0115", "query_frame": 135, "legal_actions": 4, "elapsed_seconds": 5171.943726744037}
{"completed": 296, "total": 418, "sequence": "fatmancome", "query_frame": 133, "legal_actions": 4, "elapsed_seconds": 5183.50363495294}
{"completed": 297, "total": 418, "sequence": "rainywhitecar", "query_frame": 132, "legal_actions": 2, "elapsed_seconds": 5190.656271528918}
{"completed": 298, "total": 418, "sequence": "blackman_0115", "query_frame": 130, "legal_actions": 2, "elapsed_seconds": 5197.714211791754}
{"completed": 299, "total": 418, "sequence": "5one", "query_frame": 125, "legal_actions": 4, "elapsed_seconds": 5208.727039142977}
{"completed": 300, "total": 418, "sequence": "small2-gai", "query_frame": 125, "legal_actions": 1, "elapsed_seconds": 5220.2894592667}
{"completed": 301, "total": 418, "sequence": "bus2north", "query_frame": 119, "legal_actions": 2, "elapsed_seconds": 5227.334554988891}
{"completed": 302, "total": 418, "sequence": "abeauty_1202", "query_frame": 119, "legal_actions": 2, "elapsed_seconds": 5233.80709752487}
{"completed": 303, "total": 418, "sequence": "takeoutman953", "query_frame": 118, "legal_actions": 2, "elapsed_seconds": 5241.676889188122}
{"completed": 304, "total": 418, "sequence": "comingboy'shead", "query_frame": 116, "legal_actions": 3, "elapsed_seconds": 5252.550050161779}
{"completed": 305, "total": 418, "sequence": "bikewithbag", "query_frame": 113, "legal_actions": 2, "elapsed_seconds": 5261.822224059142}
{"completed": 306, "total": 418, "sequence": "midblkbike", "query_frame": 112, "legal_actions": 1, "elapsed_seconds": 5268.643714315724}
{"completed": 307, "total": 418, "sequence": "easy_blackboy", "query_frame": 110, "legal_actions": 2, "elapsed_seconds": 5277.382976775058}
{"completed": 308, "total": 418, "sequence": "pingpongball2", "query_frame": 108, "legal_actions": 3, "elapsed_seconds": 5287.08460758999}
{"completed": 309, "total": 418, "sequence": "mancarstart", "query_frame": 105, "legal_actions": 2, "elapsed_seconds": 5294.933224842884}
{"completed": 310, "total": 418, "sequence": "whitegirlcrossingroad", "query_frame": 103, "legal_actions": 1, "elapsed_seconds": 5301.093946737703}
{"completed": 311, "total": 418, "sequence": "2whitegirl", "query_frame": 100, "legal_actions": 3, "elapsed_seconds": 5309.136801967863}
{"completed": 312, "total": 418, "sequence": "easy_runninggirls", "query_frame": 99, "legal_actions": 4, "elapsed_seconds": 5318.828280788846}
{"completed": 313, "total": 418, "sequence": "lovers_1227", "query_frame": 98, "legal_actions": 2, "elapsed_seconds": 5327.69364839606}
{"completed": 314, "total": 418, "sequence": "man_0109", "query_frame": 97, "legal_actions": 3, "elapsed_seconds": 5337.0084795537405}
{"completed": 315, "total": 418, "sequence": "11runone", "query_frame": 95, "legal_actions": 3, "elapsed_seconds": 5346.919838233851}
{"completed": 316, "total": 418, "sequence": "girl2trees", "query_frame": 95, "legal_actions": 1, "elapsed_seconds": 5353.016157215927}
{"completed": 317, "total": 418, "sequence": "browncar2north", "query_frame": 93, "legal_actions": 2, "elapsed_seconds": 5359.66309324}
{"completed": 318, "total": 418, "sequence": "lightcarstart", "query_frame": 91, "legal_actions": 2, "elapsed_seconds": 5365.202101393137}
{"completed": 319, "total": 418, "sequence": "rightboyatwindow", "query_frame": 90, "legal_actions": 1, "elapsed_seconds": 5373.032710354775}
{"completed": 320, "total": 418, "sequence": "jeepleave", "query_frame": 89, "legal_actions": 2, "elapsed_seconds": 5379.355966413859}
{"completed": 321, "total": 418, "sequence": "bikeboy128", "query_frame": 88, "legal_actions": 1, "elapsed_seconds": 5385.5327344187535}
{"completed": 322, "total": 418, "sequence": "AQraincarturn2", "query_frame": 87, "legal_actions": 4, "elapsed_seconds": 5393.4645261038095}
{"completed": 323, "total": 418, "sequence": "ab_moto2north0", "query_frame": 86, "legal_actions": 3, "elapsed_seconds": 5403.612572861835}
{"completed": 324, "total": 418, "sequence": "whitecarturn137", "query_frame": 85, "legal_actions": 2, "elapsed_seconds": 5408.8480324517}
{"completed": 325, "total": 418, "sequence": "twoperpson_1202", "query_frame": 83, "legal_actions": 3, "elapsed_seconds": 5419.309418013785}
{"completed": 326, "total": 418, "sequence": "trolleywith2boxes1_quezhen", "query_frame": 82, "legal_actions": 2, "elapsed_seconds": 5427.59838135913}
{"completed": 327, "total": 418, "sequence": "boybackpack", "query_frame": 81, "legal_actions": 3, "elapsed_seconds": 5434.87328544585}
{"completed": 328, "total": 418, "sequence": "whiteman", "query_frame": 80, "legal_actions": 3, "elapsed_seconds": 5441.337672942784}
{"completed": 329, "total": 418, "sequence": "5runtwo", "query_frame": 78, "legal_actions": 1, "elapsed_seconds": 5447.502107623033}
{"completed": 330, "total": 418, "sequence": "blackboypushbike", "query_frame": 76, "legal_actions": 4, "elapsed_seconds": 5454.714608900715}
{"completed": 331, "total": 418, "sequence": "smallmoto", "query_frame": 76, "legal_actions": 3, "elapsed_seconds": 5461.4509595218115}
{"completed": 332, "total": 418, "sequence": "manfromcar", "query_frame": 74, "legal_actions": 1, "elapsed_seconds": 5466.395283177961}
{"completed": 333, "total": 418, "sequence": "dogouttrees", "query_frame": 73, "legal_actions": 3, "elapsed_seconds": 5471.784562205896}
{"completed": 334, "total": 418, "sequence": "yellowcar", "query_frame": 73, "legal_actions": 4, "elapsed_seconds": 5479.320135805756}
{"completed": 335, "total": 418, "sequence": "7one", "query_frame": 71, "legal_actions": 4, "elapsed_seconds": 5487.556953868829}
{"completed": 336, "total": 418, "sequence": "midflag-qzc", "query_frame": 71, "legal_actions": 2, "elapsed_seconds": 5495.56621675007}
{"completed": 337, "total": 418, "sequence": "girlshakeinrain", "query_frame": 69, "legal_actions": 4, "elapsed_seconds": 5502.534894010052}
{"completed": 338, "total": 418, "sequence": "nearmangotoD", "query_frame": 67, "legal_actions": 2, "elapsed_seconds": 5507.934751997702}
{"completed": 339, "total": 418, "sequence": "trashtruck", "query_frame": 66, "legal_actions": 2, "elapsed_seconds": 5513.339826970827}
{"completed": 340, "total": 418, "sequence": "mototurn", "query_frame": 65, "legal_actions": 2, "elapsed_seconds": 5519.590990785044}
{"completed": 341, "total": 418, "sequence": "7two", "query_frame": 63, "legal_actions": 3, "elapsed_seconds": 5527.960119642783}
{"completed": 342, "total": 418, "sequence": "girlumbrella", "query_frame": 63, "legal_actions": 3, "elapsed_seconds": 5533.334589423146}
{"completed": 343, "total": 418, "sequence": "bikecoming", "query_frame": 62, "legal_actions": 1, "elapsed_seconds": 5536.881866463926}
{"completed": 344, "total": 418, "sequence": "blktakeoutmoto", "query_frame": 60, "legal_actions": 2, "elapsed_seconds": 5541.427499683108}
{"completed": 345, "total": 418, "sequence": "whitegirlundertheumbrella", "query_frame": 60, "legal_actions": 3, "elapsed_seconds": 5547.280119823758}
{"completed": 346, "total": 418, "sequence": "whitemoto", "query_frame": 59, "legal_actions": 2, "elapsed_seconds": 5551.81837544404}
{"completed": 347, "total": 418, "sequence": "bikefromnorth2", "query_frame": 57, "legal_actions": 3, "elapsed_seconds": 5557.446444991976}
{"completed": 348, "total": 418, "sequence": "whiteatright", "query_frame": 57, "legal_actions": 3, "elapsed_seconds": 5562.079059510026}
{"completed": 349, "total": 418, "sequence": "leftconerbattle-gai", "query_frame": 55, "legal_actions": 3, "elapsed_seconds": 5568.961655439809}
{"completed": 350, "total": 418, "sequence": "blackcar", "query_frame": 54, "legal_actions": 2, "elapsed_seconds": 5573.158287628088}
{"completed": 351, "total": 418, "sequence": "leftwhitebike", "query_frame": 53, "legal_actions": 4, "elapsed_seconds": 5580.1274874708615}
{"completed": 352, "total": 418, "sequence": "boyshead509", "query_frame": 52, "legal_actions": 1, "elapsed_seconds": 5586.0441747531295}
{"completed": 353, "total": 418, "sequence": "manopendoor", "query_frame": 50, "legal_actions": 1, "elapsed_seconds": 5588.921861517709}
{"completed": 354, "total": 418, "sequence": "take-out-motocoming", "query_frame": 50, "legal_actions": 2, "elapsed_seconds": 5592.463482886087}
{"completed": 355, "total": 418, "sequence": "car", "query_frame": 48, "legal_actions": 2, "elapsed_seconds": 5597.0788557617925}
{"completed": 356, "total": 418, "sequence": "whitecarturn85", "query_frame": 48, "legal_actions": 2, "elapsed_seconds": 5601.3103081420995}
{"completed": 357, "total": 418, "sequence": "bluetruck", "query_frame": 47, "legal_actions": 2, "elapsed_seconds": 5605.865437196102}
{"completed": 358, "total": 418, "sequence": "rightboy_1227", "query_frame": 45, "legal_actions": 1, "elapsed_seconds": 5611.052837052848}
{"completed": 359, "total": 418, "sequence": "blkmototurn", "query_frame": 44, "legal_actions": 4, "elapsed_seconds": 5617.051760768052}
{"completed": 360, "total": 418, "sequence": "moto78", "query_frame": 44, "legal_actions": 2, "elapsed_seconds": 5620.446992661804}
{"completed": 361, "total": 418, "sequence": "girlinfrontofcars", "query_frame": 42, "legal_actions": 2, "elapsed_seconds": 5624.815791466739}
{"completed": 362, "total": 418, "sequence": "whitecarfromnorth", "query_frame": 42, "legal_actions": 2, "elapsed_seconds": 5628.8697716630995}
{"completed": 363, "total": 418, "sequence": "orange", "query_frame": 41, "legal_actions": 3, "elapsed_seconds": 5636.905904147774}
{"completed": 364, "total": 418, "sequence": "carstop", "query_frame": 40, "legal_actions": 2, "elapsed_seconds": 5641.88115768414}
{"completed": 365, "total": 418, "sequence": "boyouttrees", "query_frame": 40, "legal_actions": 3, "elapsed_seconds": 5646.000158606097}
{"completed": 366, "total": 418, "sequence": "whitegirlatbike", "query_frame": 39, "legal_actions": 2, "elapsed_seconds": 5650.099989966955}
{"completed": 367, "total": 418, "sequence": "carlight", "query_frame": 38, "legal_actions": 2, "elapsed_seconds": 5654.324807825033}
{"completed": 368, "total": 418, "sequence": "turnblkbike", "query_frame": 38, "legal_actions": 2, "elapsed_seconds": 5657.483170316089}
{"completed": 369, "total": 418, "sequence": "boyleft", "query_frame": 37, "legal_actions": 2, "elapsed_seconds": 5661.877057313919}
{"completed": 370, "total": 418, "sequence": "bus2north111", "query_frame": 36, "legal_actions": 4, "elapsed_seconds": 5667.414865853731}
{"completed": 371, "total": 418, "sequence": "man_head", "query_frame": 36, "legal_actions": 3, "elapsed_seconds": 5672.505700483918}
{"completed": 372, "total": 418, "sequence": "carfromnorth", "query_frame": 33, "legal_actions": 2, "elapsed_seconds": 5676.328881952912}
{"completed": 373, "total": 418, "sequence": "moto2north2", "query_frame": 33, "legal_actions": 2, "elapsed_seconds": 5679.339840196073}
{"completed": 374, "total": 418, "sequence": "dogunderthelamp", "query_frame": 32, "legal_actions": 3, "elapsed_seconds": 5684.436049148906}
{"completed": 375, "total": 418, "sequence": "manafetrtrees", "query_frame": 32, "legal_actions": 3, "elapsed_seconds": 5690.02020535199}
{"completed": 376, "total": 418, "sequence": "boydown", "query_frame": 31, "legal_actions": 3, "elapsed_seconds": 5695.158859740943}
{"completed": 377, "total": 418, "sequence": "rightestblkboy", "query_frame": 30, "legal_actions": 4, "elapsed_seconds": 5701.197441807017}
{"completed": 378, "total": 418, "sequence": "guardatbike_ab", "query_frame": 30, "legal_actions": 4, "elapsed_seconds": 5706.936866872013}
{"completed": 379, "total": 418, "sequence": "lefthandfoamboard", "query_frame": 29, "legal_actions": 1, "elapsed_seconds": 5710.786678934004}
{"completed": 380, "total": 418, "sequence": "bike2north", "query_frame": 28, "legal_actions": 2, "elapsed_seconds": 5714.29414891405}
{"completed": 381, "total": 418, "sequence": "man_with_black_clothes2", "query_frame": 28, "legal_actions": 2, "elapsed_seconds": 5718.007299520075}
{"completed": 382, "total": 418, "sequence": "7runone", "query_frame": 27, "legal_actions": 3, "elapsed_seconds": 5722.362106646877}
{"completed": 383, "total": 418, "sequence": "whitecarcoming", "query_frame": 27, "legal_actions": 2, "elapsed_seconds": 5725.100351654924}
{"completed": 384, "total": 418, "sequence": "blackaftertrees", "query_frame": 25, "legal_actions": 3, "elapsed_seconds": 5730.040114516858}
{"completed": 385, "total": 418, "sequence": "lowerfoam2throw", "query_frame": 25, "legal_actions": 1, "elapsed_seconds": 5732.487268319819}
{"completed": 386, "total": 418, "sequence": "2up", "query_frame": 24, "legal_actions": 3, "elapsed_seconds": 5736.709341070149}
{"completed": 387, "total": 418, "sequence": "elector_1227", "query_frame": 24, "legal_actions": 2, "elapsed_seconds": 5740.65274794586}
{"completed": 388, "total": 418, "sequence": "nightmototurn", "query_frame": 24, "legal_actions": 2, "elapsed_seconds": 5743.437962765805}
{"completed": 389, "total": 418, "sequence": "whitecat", "query_frame": 23, "legal_actions": 2, "elapsed_seconds": 5748.063329417724}
{"completed": 390, "total": 418, "sequence": "2ndcarcome", "query_frame": 21, "legal_actions": 2, "elapsed_seconds": 5751.129635950085}
{"completed": 391, "total": 418, "sequence": "blkcarinrain", "query_frame": 21, "legal_actions": 4, "elapsed_seconds": 5756.430395948701}
{"completed": 392, "total": 418, "sequence": "10crosswhite", "query_frame": 20, "legal_actions": 2, "elapsed_seconds": 5760.51971790893}
{"completed": 393, "total": 418, "sequence": "yellowtruck", "query_frame": 20, "legal_actions": 2, "elapsed_seconds": 5763.72999131307}
{"completed": 394, "total": 418, "sequence": "motoprecede", "query_frame": 19, "legal_actions": 2, "elapsed_seconds": 5766.968350081705}
{"completed": 395, "total": 418, "sequence": "blackcarcome", "query_frame": 17, "legal_actions": 2, "elapsed_seconds": 5770.345935662743}
{"completed": 396, "total": 418, "sequence": "motoinrain56", "query_frame": 17, "legal_actions": 2, "elapsed_seconds": 5773.312862999737}
{"completed": 397, "total": 418, "sequence": "bike2", "query_frame": 16, "legal_actions": 2, "elapsed_seconds": 5777.1526041771285}
{"completed": 398, "total": 418, "sequence": "boyfromdark2", "query_frame": 15, "legal_actions": 4, "elapsed_seconds": 5782.523783690762}
{"completed": 399, "total": 418, "sequence": "rightboystand", "query_frame": 15, "legal_actions": 2, "elapsed_seconds": 5786.320423070807}
{"completed": 400, "total": 418, "sequence": "biketurnleft", "query_frame": 14, "legal_actions": 4, "elapsed_seconds": 5791.338703416754}
{"completed": 401, "total": 418, "sequence": "boyalonecoming", "query_frame": 14, "legal_actions": 4, "elapsed_seconds": 5796.614993866067}
{"completed": 402, "total": 418, "sequence": "twopeople_0109", "query_frame": 14, "legal_actions": 3, "elapsed_seconds": 5801.120577957947}
{"completed": 403, "total": 418, "sequence": "minibus152", "query_frame": 13, "legal_actions": 2, "elapsed_seconds": 5804.136287382804}
{"completed": 404, "total": 418, "sequence": "guardman", "query_frame": 13, "legal_actions": 4, "elapsed_seconds": 5808.1202822229825}
{"completed": 405, "total": 418, "sequence": "blkcarcomeinrain", "query_frame": 11, "legal_actions": 4, "elapsed_seconds": 5812.566590601113}
{"completed": 406, "total": 418, "sequence": "whitecarturnl", "query_frame": 11, "legal_actions": 4, "elapsed_seconds": 5816.699625440873}
{"completed": 407, "total": 418, "sequence": "motocominginlight", "query_frame": 10, "legal_actions": 2, "elapsed_seconds": 5819.144062616862}
{"completed": 408, "total": 418, "sequence": "7runthree", "query_frame": 7, "legal_actions": 3, "elapsed_seconds": 5822.723586837761}
{"completed": 409, "total": 418, "sequence": "etrike", "query_frame": 7, "legal_actions": 2, "elapsed_seconds": 5825.445630033035}
{"completed": 410, "total": 418, "sequence": "moto2trees2", "query_frame": 7, "legal_actions": 2, "elapsed_seconds": 5827.999171042815}
{"completed": 411, "total": 418, "sequence": "bikeorange", "query_frame": 6, "legal_actions": 4, "elapsed_seconds": 5832.1179022178985}
{"completed": 412, "total": 418, "sequence": "whiteboywithbag", "query_frame": 6, "legal_actions": 4, "elapsed_seconds": 5836.277242920827}
{"completed": 413, "total": 418, "sequence": "girlruns2right", "query_frame": 5, "legal_actions": 2, "elapsed_seconds": 5839.375955890864}
{"completed": 414, "total": 418, "sequence": "biketurn", "query_frame": 4, "legal_actions": 4, "elapsed_seconds": 5843.558086045086}
{"completed": 415, "total": 418, "sequence": "outerfoam", "query_frame": 4, "legal_actions": 3, "elapsed_seconds": 5847.631161341909}
{"completed": 416, "total": 418, "sequence": "4two", "query_frame": 3, "legal_actions": 1, "elapsed_seconds": 5848.884973561857}
{"completed": 417, "total": 418, "sequence": "silvercarcome", "query_frame": 2, "legal_actions": 4, "elapsed_seconds": 5853.014459788799}
{"completed": 418, "total": 418, "sequence": "basketballshooting", "query_frame": 1, "legal_actions": 1, "elapsed_seconds": 5854.352048251778}
