/data/gb/envs/gola/lib/python3.10/site-packages/timm/models/layers/__init__.py:48: FutureWarning: Importing from timm.models.layers is deprecated, please import via timm.layers
  warnings.warn(f"Importing from {__name__} is deprecated, please import via timm.layers", FutureWarning)
/data/gb/GOLA/research/collect_rollouts.py:76: UserWarning: The given NumPy array is not writable, and PyTorch does not support non-writable tensors. This means writing to this tensor will result in undefined behavior. You may want to copy the array to protect its data or make it writable before converting it to a tensor. This type of warning will be suppressed for the rest of this program. (Triggered internally at ../torch/csrc/utils/tensor_numpy.cpp:206.)
  return float(box_iou(torch.from_numpy(box), torch.from_numpy(target)))
{"completed": 1, "total": 466, "sequence": "1strowleft3rdgirl", "query_frame": 61, "legal_actions": 3, "elapsed_seconds": 7.658686394337565}
{"completed": 2, "total": 466, "sequence": "1strowleft3rdgirl", "query_frame": 68, "legal_actions": 3, "elapsed_seconds": 11.802701600361615}
{"completed": 3, "total": 466, "sequence": "1strowleft3rdgirl", "query_frame": 72, "legal_actions": 1, "elapsed_seconds": 13.495044789277017}
{"completed": 4, "total": 466, "sequence": "1strowleft3rdgirl", "query_frame": 78, "legal_actions": 1, "elapsed_seconds": 15.258458202239126}
{"completed": 5, "total": 466, "sequence": "1strowleft3rdgirl", "query_frame": 83, "legal_actions": 3, "elapsed_seconds": 19.177777423057705}
{"completed": 6, "total": 466, "sequence": "1strowleft3rdgirl", "query_frame": 108, "legal_actions": 1, "elapsed_seconds": 21.985694715287536}
{"completed": 7, "total": 466, "sequence": "1strowleft3rdgirl", "query_frame": 113, "legal_actions": 1, "elapsed_seconds": 23.736083093099296}
{"completed": 8, "total": 466, "sequence": "1strowleft3rdgirl", "query_frame": 118, "legal_actions": 3, "elapsed_seconds": 27.42689338931814}
{"completed": 9, "total": 466, "sequence": "1strowleft3rdgirl", "query_frame": 129, "legal_actions": 1, "elapsed_seconds": 29.52215460734442}
{"completed": 10, "total": 466, "sequence": "1strowleft3rdgirl", "query_frame": 186, "legal_actions": 3, "elapsed_seconds": 36.692454050295055}
{"completed": 11, "total": 466, "sequence": "1strowleft3rdgirl", "query_frame": 235, "legal_actions": 3, "elapsed_seconds": 43.56661103712395}
{"completed": 12, "total": 466, "sequence": "1strowleft3rdgirl", "query_frame": 341, "legal_actions": 3, "elapsed_seconds": 54.89651293121278}
{"completed": 13, "total": 466, "sequence": "1strowleft3rdgirl", "query_frame": 371, "legal_actions": 3, "elapsed_seconds": 61.102545872330666}
{"completed": 14, "total": 466, "sequence": "1strowleft3rdgirl", "query_frame": 387, "legal_actions": 3, "elapsed_seconds": 66.52271602116525}
{"completed": 15, "total": 466, "sequence": "1strowleft3rdgirl", "query_frame": 408, "legal_actions": 3, "elapsed_seconds": 72.36176561797038}
{"completed": 16, "total": 466, "sequence": "1strowleft3rdgirl", "query_frame": 413, "legal_actions": 3, "elapsed_seconds": 76.6380883869715}
{"completed": 17, "total": 466, "sequence": "1strowleft3rdgirl", "query_frame": 449, "legal_actions": 3, "elapsed_seconds": 83.58317013131455}
{"completed": 18, "total": 466, "sequence": "1strowleft3rdgirl", "query_frame": 454, "legal_actions": 5, "elapsed_seconds": 91.22912667039782}
{"completed": 19, "total": 466, "sequence": "1strowleft3rdgirl", "query_frame": 465, "legal_actions": 3, "elapsed_seconds": 96.4857699200511}
{"completed": 20, "total": 466, "sequence": "1strowleft3rdgirl", "query_frame": 474, "legal_actions": 3, "elapsed_seconds": 101.37960020033643}
{"completed": 21, "total": 466, "sequence": "1strowleft3rdgirl", "query_frame": 478, "legal_actions": 1, "elapsed_seconds": 103.47040912229568}
{"completed": 22, "total": 466, "sequence": "1strowleft3rdgirl", "query_frame": 483, "legal_actions": 3, "elapsed_seconds": 108.12758916523308}
{"completed": 23, "total": 466, "sequence": "1strowleft3rdgirl", "query_frame": 497, "legal_actions": 3, "elapsed_seconds": 113.51154592400417}
{"completed": 24, "total": 466, "sequence": "1strowleft3rdgirl", "query_frame": 503, "legal_actions": 1, "elapsed_seconds": 115.66073466325179}
{"completed": 25, "total": 466, "sequence": "1strowleft3rdgirl", "query_frame": 527, "legal_actions": 3, "elapsed_seconds": 121.99065017234534}
{"completed": 26, "total": 466, "sequence": "1strowleft3rdgirl", "query_frame": 538, "legal_actions": 5, "elapsed_seconds": 130.6198845943436}
{"completed": 27, "total": 466, "sequence": "1strowleft3rdgirl", "query_frame": 560, "legal_actions": 3, "elapsed_seconds": 137.1347596300766}
{"completed": 28, "total": 466, "sequence": "1strowleft3rdgirl", "query_frame": 650, "legal_actions": 1, "elapsed_seconds": 146.26136861229315}
{"completed": 29, "total": 466, "sequence": "rightof2cupsattached", "query_frame": 234, "legal_actions": 1, "elapsed_seconds": 162.20787668740377}
{"completed": 30, "total": 466, "sequence": "rightof2cupsattached", "query_frame": 244, "legal_actions": 3, "elapsed_seconds": 166.06458693696186}
{"completed": 31, "total": 466, "sequence": "rightof2cupsattached", "query_frame": 320, "legal_actions": 3, "elapsed_seconds": 174.74085986800492}
{"completed": 32, "total": 466, "sequence": "rightof2cupsattached", "query_frame": 393, "legal_actions": 1, "elapsed_seconds": 180.96970111504197}
{"completed": 33, "total": 466, "sequence": "rightof2cupsattached", "query_frame": 673, "legal_actions": 1, "elapsed_seconds": 201.95457918103784}
{"completed": 34, "total": 466, "sequence": "rightof2cupsattached", "query_frame": 3480, "legal_actions": 3, "elapsed_seconds": 430.24478281708434}
{"completed": 35, "total": 466, "sequence": "2ndblkboy1_quezhen", "query_frame": 347, "legal_actions": 2, "elapsed_seconds": 454.35792308300734}
{"completed": 36, "total": 466, "sequence": "2ndblkboy1_quezhen", "query_frame": 449, "legal_actions": 2, "elapsed_seconds": 463.0051773530431}
{"completed": 37, "total": 466, "sequence": "2ndblkboy1_quezhen", "query_frame": 463, "legal_actions": 2, "elapsed_seconds": 466.08024688530713}
{"completed": 38, "total": 466, "sequence": "2ndblkboy1_quezhen", "query_frame": 468, "legal_actions": 2, "elapsed_seconds": 468.6229311400093}
{"completed": 39, "total": 466, "sequence": "2ndblkboy1_quezhen", "query_frame": 479, "legal_actions": 2, "elapsed_seconds": 471.3873401810415}
{"completed": 40, "total": 466, "sequence": "2ndblkboy1_quezhen", "query_frame": 485, "legal_actions": 4, "elapsed_seconds": 475.70111596398056}
{"completed": 41, "total": 466, "sequence": "2ndblkboy1_quezhen", "query_frame": 489, "legal_actions": 2, "elapsed_seconds": 478.14774032030255}
{"completed": 42, "total": 466, "sequence": "2ndblkboy1_quezhen", "query_frame": 492, "legal_actions": 2, "elapsed_seconds": 480.5532808001153}
{"completed": 43, "total": 466, "sequence": "2ndblkboy1_quezhen", "query_frame": 505, "legal_actions": 2, "elapsed_seconds": 483.71842789510265}
{"completed": 44, "total": 466, "sequence": "2ndblkboy1_quezhen", "query_frame": 565, "legal_actions": 3, "elapsed_seconds": 491.8617881811224}
{"completed": 45, "total": 466, "sequence": "2ndblkboy1_quezhen", "query_frame": 606, "legal_actions": 3, "elapsed_seconds": 500.2455500252545}
{"completed": 46, "total": 466, "sequence": "2ndblkboy1_quezhen", "query_frame": 625, "legal_actions": 5, "elapsed_seconds": 508.80699367122725}
{"completed": 47, "total": 466, "sequence": "2ndblkboy1_quezhen", "query_frame": 735, "legal_actions": 4, "elapsed_seconds": 522.0779598713852}
{"completed": 48, "total": 466, "sequence": "2ndblkboy1_quezhen", "query_frame": 1551, "legal_actions": 3, "elapsed_seconds": 594.194715985097}
{"completed": 49, "total": 466, "sequence": "1strowrightgirl", "query_frame": 330, "legal_actions": 1, "elapsed_seconds": 620.0623276932165}
{"completed": 50, "total": 466, "sequence": "1strowrightgirl", "query_frame": 349, "legal_actions": 3, "elapsed_seconds": 626.6915502492338}
{"completed": 51, "total": 466, "sequence": "1strowrightgirl", "query_frame": 3188, "legal_actions": 1, "elapsed_seconds": 895.8292367863469}
{"completed": 52, "total": 466, "sequence": "lastblkboy1_quezhen", "query_frame": 53, "legal_actions": 3, "elapsed_seconds": 904.8414125461131}
{"completed": 53, "total": 466, "sequence": "lastblkboy1_quezhen", "query_frame": 82, "legal_actions": 3, "elapsed_seconds": 911.0706590581685}
{"completed": 54, "total": 466, "sequence": "lastblkboy1_quezhen", "query_frame": 88, "legal_actions": 3, "elapsed_seconds": 915.13778199628}
{"completed": 55, "total": 466, "sequence": "lastblkboy1_quezhen", "query_frame": 96, "legal_actions": 5, "elapsed_seconds": 921.0100805102848}
{"completed": 56, "total": 466, "sequence": "lastblkboy1_quezhen", "query_frame": 102, "legal_actions": 3, "elapsed_seconds": 924.6916500530206}
{"completed": 57, "total": 466, "sequence": "lastblkboy1_quezhen", "query_frame": 108, "legal_actions": 3, "elapsed_seconds": 928.1840944462456}
{"completed": 58, "total": 466, "sequence": "lastblkboy1_quezhen", "query_frame": 111, "legal_actions": 3, "elapsed_seconds": 931.4039626349695}
{"completed": 59, "total": 466, "sequence": "lastblkboy1_quezhen", "query_frame": 1833, "legal_actions": 2, "elapsed_seconds": 1070.713760257233}
{"completed": 60, "total": 466, "sequence": "ab_hyalinepaperatground", "query_frame": 84, "legal_actions": 1, "elapsed_seconds": 1076.73044208996}
{"completed": 61, "total": 466, "sequence": "ab_hyalinepaperatground", "query_frame": 96, "legal_actions": 3, "elapsed_seconds": 1081.7442698180676}
{"completed": 62, "total": 466, "sequence": "ab_hyalinepaperatground", "query_frame": 172, "legal_actions": 3, "elapsed_seconds": 1090.994427409023}
{"completed": 63, "total": 466, "sequence": "ab_hyalinepaperatground", "query_frame": 208, "legal_actions": 3, "elapsed_seconds": 1098.301849261392}
{"completed": 64, "total": 466, "sequence": "ab_hyalinepaperatground", "query_frame": 239, "legal_actions": 5, "elapsed_seconds": 1106.682935292367}
{"completed": 65, "total": 466, "sequence": "ab_hyalinepaperatground", "query_frame": 268, "legal_actions": 5, "elapsed_seconds": 1115.5997354709543}
{"completed": 66, "total": 466, "sequence": "ab_hyalinepaperatground", "query_frame": 294, "legal_actions": 5, "elapsed_seconds": 1123.502757040318}
{"completed": 67, "total": 466, "sequence": "ab_hyalinepaperatground", "query_frame": 357, "legal_actions": 3, "elapsed_seconds": 1132.7205517892726}
{"completed": 68, "total": 466, "sequence": "ab_hyalinepaperatground", "query_frame": 1296, "legal_actions": 5, "elapsed_seconds": 1222.6728716432117}
{"completed": 69, "total": 466, "sequence": "rightofthe4girls", "query_frame": 192, "legal_actions": 1, "elapsed_seconds": 1234.68693643203}
{"completed": 70, "total": 466, "sequence": "rightofthe4girls", "query_frame": 201, "legal_actions": 1, "elapsed_seconds": 1236.7735182889737}
{"completed": 71, "total": 466, "sequence": "rightofthe4girls", "query_frame": 203, "legal_actions": 1, "elapsed_seconds": 1238.3668767130002}
{"completed": 72, "total": 466, "sequence": "rightofthe4girls", "query_frame": 243, "legal_actions": 1, "elapsed_seconds": 1242.392748025246}
{"completed": 73, "total": 466, "sequence": "rightofthe4girls", "query_frame": 319, "legal_actions": 1, "elapsed_seconds": 1249.3823938360438}
{"completed": 74, "total": 466, "sequence": "rightofthe4girls", "query_frame": 323, "legal_actions": 1, "elapsed_seconds": 1251.3996379072778}
{"completed": 75, "total": 466, "sequence": "rightofthe4girls", "query_frame": 331, "legal_actions": 3, "elapsed_seconds": 1256.5341697703116}
{"completed": 76, "total": 466, "sequence": "rightofthe4girls", "query_frame": 338, "legal_actions": 3, "elapsed_seconds": 1261.8539439011365}
{"completed": 77, "total": 466, "sequence": "rightofthe4girls", "query_frame": 374, "legal_actions": 3, "elapsed_seconds": 1269.4733671662398}
{"completed": 78, "total": 466, "sequence": "rightofthe4girls", "query_frame": 436, "legal_actions": 3, "elapsed_seconds": 1279.6919242101721}
{"completed": 79, "total": 466, "sequence": "rightofthe4girls", "query_frame": 496, "legal_actions": 5, "elapsed_seconds": 1292.6469257283024}
{"completed": 80, "total": 466, "sequence": "rightofthe4girls", "query_frame": 546, "legal_actions": 5, "elapsed_seconds": 1304.2281025880948}
{"completed": 81, "total": 466, "sequence": "left3rdgirlbesideswhitepants", "query_frame": 69, "legal_actions": 3, "elapsed_seconds": 1311.7703073541634}
{"completed": 82, "total": 466, "sequence": "left3rdgirlbesideswhitepants", "query_frame": 96, "legal_actions": 3, "elapsed_seconds": 1317.925425444264}
{"completed": 83, "total": 466, "sequence": "left3rdgirlbesideswhitepants", "query_frame": 144, "legal_actions": 5, "elapsed_seconds": 1329.0302431862801}
{"completed": 84, "total": 466, "sequence": "left3rdgirlbesideswhitepants", "query_frame": 146, "legal_actions": 5, "elapsed_seconds": 1336.5879995073192}
{"completed": 85, "total": 466, "sequence": "left3rdgirlbesideswhitepants", "query_frame": 164, "legal_actions": 3, "elapsed_seconds": 1342.7551306420937}
{"completed": 86, "total": 466, "sequence": "left3rdgirlbesideswhitepants", "query_frame": 260, "legal_actions": 3, "elapsed_seconds": 1353.5444740550593}
{"completed": 87, "total": 466, "sequence": "left3rdgirlbesideswhitepants", "query_frame": 288, "legal_actions": 1, "elapsed_seconds": 1357.192093996331}
{"completed": 88, "total": 466, "sequence": "left3rdgirlbesideswhitepants", "query_frame": 346, "legal_actions": 3, "elapsed_seconds": 1364.9899900471792}
{"completed": 89, "total": 466, "sequence": "left3rdgirlbesideswhitepants", "query_frame": 371, "legal_actions": 3, "elapsed_seconds": 1371.0813139099628}
{"completed": 90, "total": 466, "sequence": "left3rdgirlbesideswhitepants", "query_frame": 388, "legal_actions": 3, "elapsed_seconds": 1377.2346888901666}
{"completed": 91, "total": 466, "sequence": "left3rdgirlbesideswhitepants", "query_frame": 410, "legal_actions": 5, "elapsed_seconds": 1386.7360229273327}
{"completed": 92, "total": 466, "sequence": "left3rdgirlbesideswhitepants", "query_frame": 436, "legal_actions": 1, "elapsed_seconds": 1390.6241708071902}
{"completed": 93, "total": 466, "sequence": "lastrowrightboy", "query_frame": 30, "legal_actions": 3, "elapsed_seconds": 1398.1619146093726}
{"completed": 94, "total": 466, "sequence": "lastrowrightboy", "query_frame": 66, "legal_actions": 3, "elapsed_seconds": 1405.5177713991143}
{"completed": 95, "total": 466, "sequence": "lastrowrightboy", "query_frame": 73, "legal_actions": 3, "elapsed_seconds": 1410.5434061470442}
{"completed": 96, "total": 466, "sequence": "lastrowrightboy", "query_frame": 78, "legal_actions": 1, "elapsed_seconds": 1412.7565723671578}
{"completed": 97, "total": 466, "sequence": "lastrowrightboy", "query_frame": 88, "legal_actions": 1, "elapsed_seconds": 1415.5334448469803}
{"completed": 98, "total": 466, "sequence": "lastrowrightboy", "query_frame": 97, "legal_actions": 5, "elapsed_seconds": 1423.4317617029883}
{"completed": 99, "total": 466, "sequence": "lastrowrightboy", "query_frame": 134, "legal_actions": 3, "elapsed_seconds": 1430.2107570031658}
{"completed": 100, "total": 466, "sequence": "lastrowrightboy", "query_frame": 275, "legal_actions": 3, "elapsed_seconds": 1446.484374366235}
{"completed": 101, "total": 466, "sequence": "lastrowrightboy", "query_frame": 278, "legal_actions": 5, "elapsed_seconds": 1453.412284543272}
{"completed": 102, "total": 466, "sequence": "lastrowrightboy", "query_frame": 280, "legal_actions": 1, "elapsed_seconds": 1455.1888044700027}
{"completed": 103, "total": 466, "sequence": "lastrowrightboy", "query_frame": 472, "legal_actions": 5, "elapsed_seconds": 1479.5286806100048}
{"completed": 104, "total": 466, "sequence": "leftcup", "query_frame": 135, "legal_actions": 1, "elapsed_seconds": 1487.6071493732743}
{"completed": 105, "total": 466, "sequence": "leftcup", "query_frame": 356, "legal_actions": 1, "elapsed_seconds": 1500.8768440671265}
{"completed": 106, "total": 466, "sequence": "leftcup", "query_frame": 378, "legal_actions": 1, "elapsed_seconds": 1503.3625043593347}
{"completed": 107, "total": 466, "sequence": "leftcup", "query_frame": 461, "legal_actions": 3, "elapsed_seconds": 1511.978546122089}
{"completed": 108, "total": 466, "sequence": "leftcup", "query_frame": 1547, "legal_actions": 1, "elapsed_seconds": 1589.5004553110339}
{"completed": 109, "total": 466, "sequence": "basketballbyNo_9boyplaying", "query_frame": 214, "legal_actions": 3, "elapsed_seconds": 1605.5492888712324}
{"completed": 110, "total": 466, "sequence": "basketballbyNo_9boyplaying", "query_frame": 244, "legal_actions": 5, "elapsed_seconds": 1613.9977215183899}
{"completed": 111, "total": 466, "sequence": "basketballbyNo_9boyplaying", "query_frame": 255, "legal_actions": 1, "elapsed_seconds": 1616.1364051112905}
{"completed": 112, "total": 466, "sequence": "basketballbyNo_9boyplaying", "query_frame": 263, "legal_actions": 1, "elapsed_seconds": 1617.9743162239902}
{"completed": 113, "total": 466, "sequence": "basketballbyNo_9boyplaying", "query_frame": 326, "legal_actions": 3, "elapsed_seconds": 1626.6490157083608}
{"completed": 114, "total": 466, "sequence": "basketballbyNo_9boyplaying", "query_frame": 350, "legal_actions": 1, "elapsed_seconds": 1630.4529204871505}
{"completed": 115, "total": 466, "sequence": "basketballbyNo_9boyplaying", "query_frame": 355, "legal_actions": 5, "elapsed_seconds": 1638.0344890342094}
{"completed": 116, "total": 466, "sequence": "basketballbyNo_9boyplaying", "query_frame": 443, "legal_actions": 1, "elapsed_seconds": 1646.2534670899622}
{"completed": 117, "total": 466, "sequence": "basketballbyNo_9boyplaying", "query_frame": 488, "legal_actions": 3, "elapsed_seconds": 1653.6849725893699}
{"completed": 118, "total": 466, "sequence": "basketballbyNo_9boyplaying", "query_frame": 520, "legal_actions": 1, "elapsed_seconds": 1657.6139804753475}
{"completed": 119, "total": 466, "sequence": "strongboy`head", "query_frame": 150, "legal_actions": 3, "elapsed_seconds": 1670.9607120254077}
{"completed": 120, "total": 466, "sequence": "strongboy`head", "query_frame": 370, "legal_actions": 1, "elapsed_seconds": 1685.01764021907}
{"completed": 121, "total": 466, "sequence": "strongboy`head", "query_frame": 458, "legal_actions": 1, "elapsed_seconds": 1691.717372182291}
{"completed": 122, "total": 466, "sequence": "strongboy`head", "query_frame": 500, "legal_actions": 1, "elapsed_seconds": 1695.6097553111613}
{"completed": 123, "total": 466, "sequence": "strongboy`head", "query_frame": 579, "legal_actions": 1, "elapsed_seconds": 1702.8074795831926}
{"completed": 124, "total": 466, "sequence": "strongboy`head", "query_frame": 693, "legal_actions": 3, "elapsed_seconds": 1716.2991193640046}
{"completed": 125, "total": 466, "sequence": "strongboy`head", "query_frame": 916, "legal_actions": 3, "elapsed_seconds": 1740.3731966512278}
{"completed": 126, "total": 466, "sequence": "greenrightblack", "query_frame": 242, "legal_actions": 3, "elapsed_seconds": 1762.0087880371138}
{"completed": 127, "total": 466, "sequence": "greenrightblack", "query_frame": 277, "legal_actions": 1, "elapsed_seconds": 1766.0950901079923}
{"completed": 128, "total": 466, "sequence": "greenrightblack", "query_frame": 317, "legal_actions": 3, "elapsed_seconds": 1773.8947401200421}
{"completed": 129, "total": 466, "sequence": "greenrightblack", "query_frame": 653, "legal_actions": 2, "elapsed_seconds": 1801.3930517053232}
{"completed": 130, "total": 466, "sequence": "greenrightblack", "query_frame": 747, "legal_actions": 1, "elapsed_seconds": 1810.2120705321431}
{"completed": 131, "total": 466, "sequence": "greenrightblack", "query_frame": 751, "legal_actions": 3, "elapsed_seconds": 1813.9272831701674}
{"completed": 132, "total": 466, "sequence": "greenrightblack", "query_frame": 827, "legal_actions": 1, "elapsed_seconds": 1821.183012902271}
{"completed": 133, "total": 466, "sequence": "1strow3rdboymid", "query_frame": 45, "legal_actions": 1, "elapsed_seconds": 1825.5249101310037}
{"completed": 134, "total": 466, "sequence": "1strow3rdboymid", "query_frame": 63, "legal_actions": 3, "elapsed_seconds": 1830.7885447531007}
{"completed": 135, "total": 466, "sequence": "1strow3rdboymid", "query_frame": 67, "legal_actions": 3, "elapsed_seconds": 1835.4211835432798}
{"completed": 136, "total": 466, "sequence": "1strow3rdboymid", "query_frame": 72, "legal_actions": 5, "elapsed_seconds": 1842.9296710980125}
{"completed": 137, "total": 466, "sequence": "1strow3rdboymid", "query_frame": 98, "legal_actions": 5, "elapsed_seconds": 1851.931372890249}
{"completed": 138, "total": 466, "sequence": "1strow3rdboymid", "query_frame": 108, "legal_actions": 5, "elapsed_seconds": 1860.5057559120469}
{"completed": 139, "total": 466, "sequence": "1strow3rdboymid", "query_frame": 697, "legal_actions": 3, "elapsed_seconds": 1920.9376050322317}
{"completed": 140, "total": 466, "sequence": "right1stgirlin2ndqueue", "query_frame": 150, "legal_actions": 3, "elapsed_seconds": 1932.7110871393234}
{"completed": 141, "total": 466, "sequence": "right1stgirlin2ndqueue", "query_frame": 228, "legal_actions": 1, "elapsed_seconds": 1939.2967906319536}
{"completed": 142, "total": 466, "sequence": "right1stgirlin2ndqueue", "query_frame": 476, "legal_actions": 3, "elapsed_seconds": 1959.538813751191}
{"completed": 143, "total": 466, "sequence": "right1stgirlin2ndqueue", "query_frame": 492, "legal_actions": 3, "elapsed_seconds": 1965.5227517862804}
{"completed": 144, "total": 466, "sequence": "right1stgirlin2ndqueue", "query_frame": 501, "legal_actions": 3, "elapsed_seconds": 1971.027971309144}
{"completed": 145, "total": 466, "sequence": "right1stgirlin2ndqueue", "query_frame": 521, "legal_actions": 5, "elapsed_seconds": 1979.7402767883614}
{"completed": 146, "total": 466, "sequence": "right1stgirlin2ndqueue", "query_frame": 546, "legal_actions": 3, "elapsed_seconds": 1985.769304569345}
{"completed": 147, "total": 466, "sequence": "girlleft2right1", "query_frame": 208, "legal_actions": 5, "elapsed_seconds": 2001.958302874118}
{"completed": 148, "total": 466, "sequence": "girlleft2right1", "query_frame": 211, "legal_actions": 3, "elapsed_seconds": 2005.6887736953795}
{"completed": 149, "total": 466, "sequence": "girlleft2right1", "query_frame": 215, "legal_actions": 3, "elapsed_seconds": 2009.6133316992782}
{"completed": 150, "total": 466, "sequence": "girlleft2right1", "query_frame": 217, "legal_actions": 1, "elapsed_seconds": 2010.9700634642504}
{"completed": 151, "total": 466, "sequence": "girlleft2right1", "query_frame": 220, "legal_actions": 1, "elapsed_seconds": 2012.4354882561602}
{"completed": 152, "total": 466, "sequence": "girlleft2right1", "query_frame": 232, "legal_actions": 1, "elapsed_seconds": 2014.5325483782217}
{"completed": 153, "total": 466, "sequence": "girlleft2right1", "query_frame": 369, "legal_actions": 3, "elapsed_seconds": 2026.5350556951016}
{"completed": 154, "total": 466, "sequence": "rightgirlplayingphone", "query_frame": 407, "legal_actions": 1, "elapsed_seconds": 2056.3776812111028}
{"completed": 155, "total": 466, "sequence": "rightgirlplayingphone", "query_frame": 442, "legal_actions": 4, "elapsed_seconds": 2064.302165103145}
{"completed": 156, "total": 466, "sequence": "rightgirlplayingphone", "query_frame": 602, "legal_actions": 3, "elapsed_seconds": 2082.2884354912676}
{"completed": 157, "total": 466, "sequence": "rightgirlplayingphone", "query_frame": 936, "legal_actions": 1, "elapsed_seconds": 2115.0268608340994}
{"completed": 158, "total": 466, "sequence": "rightstripeblack", "query_frame": 490, "legal_actions": 3, "elapsed_seconds": 2150.295049162116}
{"completed": 159, "total": 466, "sequence": "rightstripeblack", "query_frame": 571, "legal_actions": 5, "elapsed_seconds": 2164.219044689089}
{"completed": 160, "total": 466, "sequence": "rightstripeblack", "query_frame": 611, "legal_actions": 1, "elapsed_seconds": 2169.573263759259}
{"completed": 161, "total": 466, "sequence": "rightstripeblack", "query_frame": 906, "legal_actions": 2, "elapsed_seconds": 2194.751306507271}
{"completed": 162, "total": 466, "sequence": "leftredflag-lsz", "query_frame": 422, "legal_actions": 2, "elapsed_seconds": 2223.3000024403445}
{"completed": 163, "total": 466, "sequence": "leftredflag-lsz", "query_frame": 425, "legal_actions": 4, "elapsed_seconds": 2227.4686560542323}
{"completed": 164, "total": 466, "sequence": "leftredflag-lsz", "query_frame": 466, "legal_actions": 4, "elapsed_seconds": 2234.405162306037}
{"completed": 165, "total": 466, "sequence": "leftredflag-lsz", "query_frame": 539, "legal_actions": 2, "elapsed_seconds": 2242.08616967313}
{"completed": 166, "total": 466, "sequence": "leftredflag-lsz", "query_frame": 584, "legal_actions": 2, "elapsed_seconds": 2247.820687223226}
{"completed": 167, "total": 466, "sequence": "runninggreenboyafterwhite", "query_frame": 6, "legal_actions": 3, "elapsed_seconds": 2252.2299495073967}
{"completed": 168, "total": 466, "sequence": "runninggreenboyafterwhite", "query_frame": 72, "legal_actions": 3, "elapsed_seconds": 2260.493325242307}
{"completed": 169, "total": 466, "sequence": "runninggreenboyafterwhite", "query_frame": 143, "legal_actions": 5, "elapsed_seconds": 2270.9145039492287}
{"completed": 170, "total": 466, "sequence": "runninggreenboyafterwhite", "query_frame": 737, "legal_actions": 1, "elapsed_seconds": 2314.6022097840905}
{"completed": 171, "total": 466, "sequence": "2ndrunningboy", "query_frame": 43, "legal_actions": 3, "elapsed_seconds": 2319.6044664271176}
{"completed": 172, "total": 466, "sequence": "2ndrunningboy", "query_frame": 212, "legal_actions": 5, "elapsed_seconds": 2335.9009143351577}
{"completed": 173, "total": 466, "sequence": "2ndrunningboy", "query_frame": 237, "legal_actions": 5, "elapsed_seconds": 2344.7161055849865}
{"completed": 174, "total": 466, "sequence": "2ndrunningboy", "query_frame": 241, "legal_actions": 3, "elapsed_seconds": 2349.2849535299465}
{"completed": 175, "total": 466, "sequence": "2ndrunningboy", "query_frame": 259, "legal_actions": 3, "elapsed_seconds": 2355.1565348803997}
{"completed": 176, "total": 466, "sequence": "2ndrunningboy", "query_frame": 277, "legal_actions": 3, "elapsed_seconds": 2361.529516955372}
{"completed": 177, "total": 466, "sequence": "1strowright2ndgirl", "query_frame": 191, "legal_actions": 1, "elapsed_seconds": 2379.114342383109}
{"completed": 178, "total": 466, "sequence": "1strowright2ndgirl", "query_frame": 261, "legal_actions": 1, "elapsed_seconds": 2387.7477954542264}
{"completed": 179, "total": 466, "sequence": "1strowright2ndgirl", "query_frame": 375, "legal_actions": 5, "elapsed_seconds": 2407.38025605632}
{"completed": 180, "total": 466, "sequence": "1strowright2ndgirl", "query_frame": 628, "legal_actions": 3, "elapsed_seconds": 2438.230546528008}
{"completed": 181, "total": 466, "sequence": "whitegirl2", "query_frame": 1121, "legal_actions": 2, "elapsed_seconds": 2520.8182572601363}
{"completed": 182, "total": 466, "sequence": "leftgirl1299", "query_frame": 1103, "legal_actions": 2, "elapsed_seconds": 2604.956046048086}
{"completed": 183, "total": 466, "sequence": "rightredboy954", "query_frame": 615, "legal_actions": 1, "elapsed_seconds": 2651.3924033902586}
{"completed": 184, "total": 466, "sequence": "rightredboy954", "query_frame": 619, "legal_actions": 3, "elapsed_seconds": 2655.1348987910897}
{"completed": 185, "total": 466, "sequence": "rightredboy954", "query_frame": 672, "legal_actions": 1, "elapsed_seconds": 2660.662852179259}
{"completed": 186, "total": 466, "sequence": "fardarkboyleftthe1stgirl", "query_frame": 24, "legal_actions": 3, "elapsed_seconds": 2665.714097895194}
{"completed": 187, "total": 466, "sequence": "fardarkboyleftthe1stgirl", "query_frame": 579, "legal_actions": 5, "elapsed_seconds": 2709.2285273363814}
{"completed": 188, "total": 466, "sequence": "fardarkboyleftthe1stgirl", "query_frame": 650, "legal_actions": 1, "elapsed_seconds": 2714.866829819046}
{"completed": 189, "total": 466, "sequence": "twolinefirstone-gai", "query_frame": 1012, "legal_actions": 1, "elapsed_seconds": 2789.0733798523434}
{"completed": 190, "total": 466, "sequence": "whiteboy-gai", "query_frame": 745, "legal_actions": 1, "elapsed_seconds": 2855.373697969131}
{"completed": 191, "total": 466, "sequence": "whiteboy-gai", "query_frame": 796, "legal_actions": 1, "elapsed_seconds": 2861.5167080052197}
{"completed": 192, "total": 466, "sequence": "right2ndgirl", "query_frame": 31, "legal_actions": 2, "elapsed_seconds": 2866.7852522991598}
{"completed": 193, "total": 466, "sequence": "right2ndgirl", "query_frame": 100, "legal_actions": 3, "elapsed_seconds": 2878.101061583031}
{"completed": 194, "total": 466, "sequence": "right2ndgirl", "query_frame": 110, "legal_actions": 5, "elapsed_seconds": 2887.1447071162984}
{"completed": 195, "total": 466, "sequence": "right2ndgirl", "query_frame": 166, "legal_actions": 5, "elapsed_seconds": 2900.107947175391}
{"completed": 196, "total": 466, "sequence": "right2ndgirl", "query_frame": 178, "legal_actions": 3, "elapsed_seconds": 2906.025590497069}
{"completed": 197, "total": 466, "sequence": "rightblkgirl", "query_frame": 59, "legal_actions": 3, "elapsed_seconds": 2912.6001804471016}
{"completed": 198, "total": 466, "sequence": "rightblkgirl", "query_frame": 70, "legal_actions": 1, "elapsed_seconds": 2914.5099808322266}
{"completed": 199, "total": 466, "sequence": "rightblkgirl", "query_frame": 137, "legal_actions": 2, "elapsed_seconds": 2919.8741919472814}
{"completed": 200, "total": 466, "sequence": "rightblkgirl", "query_frame": 161, "legal_actions": 2, "elapsed_seconds": 2923.4988583792}
{"completed": 201, "total": 466, "sequence": "rightblkgirl", "query_frame": 166, "legal_actions": 2, "elapsed_seconds": 2926.0492299222387}
{"completed": 202, "total": 466, "sequence": "leftdrillmasterstandsundertree", "query_frame": 117, "legal_actions": 2, "elapsed_seconds": 2936.393641536124}
{"completed": 203, "total": 466, "sequence": "leftdrillmasterstandsundertree", "query_frame": 708, "legal_actions": 3, "elapsed_seconds": 2986.4195350543596}
{"completed": 204, "total": 466, "sequence": "whiteboy1_quezhen", "query_frame": 209, "legal_actions": 2, "elapsed_seconds": 3000.34090960538}
{"completed": 205, "total": 466, "sequence": "whiteboy1_quezhen", "query_frame": 699, "legal_actions": 3, "elapsed_seconds": 3033.2488319622353}
{"completed": 206, "total": 466, "sequence": "left11", "query_frame": 878, "legal_actions": 2, "elapsed_seconds": 3100.017586056143}
{"completed": 207, "total": 466, "sequence": "firstrightflagcoming", "query_frame": 526, "legal_actions": 3, "elapsed_seconds": 3144.6019274271093}
{"completed": 208, "total": 466, "sequence": "firstrightflagcoming", "query_frame": 653, "legal_actions": 1, "elapsed_seconds": 3156.4083280153573}
{"completed": 209, "total": 466, "sequence": "2ndboyfarintheforest2right", "query_frame": 329, "legal_actions": 3, "elapsed_seconds": 3188.0867714881897}
{"completed": 210, "total": 466, "sequence": "2ndboyfarintheforest2right", "query_frame": 448, "legal_actions": 3, "elapsed_seconds": 3199.859944697004}
{"completed": 211, "total": 466, "sequence": "2ndboyfarintheforest2right", "query_frame": 454, "legal_actions": 3, "elapsed_seconds": 3203.326884320006}
{"completed": 212, "total": 466, "sequence": "boyscome", "query_frame": 92, "legal_actions": 3, "elapsed_seconds": 3209.370759861078}
{"completed": 213, "total": 466, "sequence": "boyscome", "query_frame": 98, "legal_actions": 3, "elapsed_seconds": 3212.366818262264}
{"completed": 214, "total": 466, "sequence": "boyscome", "query_frame": 242, "legal_actions": 3, "elapsed_seconds": 3220.4617325323634}
{"completed": 215, "total": 466, "sequence": "boyscome", "query_frame": 249, "legal_actions": 3, "elapsed_seconds": 3223.7350862049498}
{"completed": 216, "total": 466, "sequence": "firstboythroughtrees", "query_frame": 149, "legal_actions": 3, "elapsed_seconds": 3238.746562703047}
{"completed": 217, "total": 466, "sequence": "firstboythroughtrees", "query_frame": 621, "legal_actions": 5, "elapsed_seconds": 3290.531824962236}
{"completed": 218, "total": 466, "sequence": "manleftsmallwhitehouse", "query_frame": 266, "legal_actions": 3, "elapsed_seconds": 3312.155916132033}
{"completed": 219, "total": 466, "sequence": "manleftsmallwhitehouse", "query_frame": 365, "legal_actions": 3, "elapsed_seconds": 3321.4173190603033}
{"completed": 220, "total": 466, "sequence": "manleftsmallwhitehouse", "query_frame": 405, "legal_actions": 3, "elapsed_seconds": 3328.097333441023}
{"completed": 221, "total": 466, "sequence": "boytakesuicase", "query_frame": 317, "legal_actions": 1, "elapsed_seconds": 3344.6896752831526}
{"completed": 222, "total": 466, "sequence": "boytakesuicase", "query_frame": 361, "legal_actions": 3, "elapsed_seconds": 3351.150440926198}
{"completed": 223, "total": 466, "sequence": "boytakesuicase", "query_frame": 393, "legal_actions": 3, "elapsed_seconds": 3356.5872851233}
{"completed": 224, "total": 466, "sequence": "goaftrtrees", "query_frame": 67, "legal_actions": 3, "elapsed_seconds": 3363.93960608216}
{"completed": 225, "total": 466, "sequence": "goaftrtrees", "query_frame": 145, "legal_actions": 3, "elapsed_seconds": 3371.5651020482183}
{"completed": 226, "total": 466, "sequence": "goaftrtrees", "query_frame": 169, "legal_actions": 1, "elapsed_seconds": 3374.567065743264}
{"completed": 227, "total": 466, "sequence": "goaftrtrees", "query_frame": 184, "legal_actions": 3, "elapsed_seconds": 3379.8670110991225}
{"completed": 228, "total": 466, "sequence": "rightbottle2-gai", "query_frame": 42, "legal_actions": 3, "elapsed_seconds": 3386.6445138743147}
{"completed": 229, "total": 466, "sequence": "rightbottle2-gai", "query_frame": 218, "legal_actions": 3, "elapsed_seconds": 3403.5299492180347}
{"completed": 230, "total": 466, "sequence": "rightbottle2-gai", "query_frame": 334, "legal_actions": 3, "elapsed_seconds": 3417.7628452870995}
{"completed": 231, "total": 466, "sequence": "leftrunningboy", "query_frame": 25, "legal_actions": 1, "elapsed_seconds": 3421.1944714463316}
{"completed": 232, "total": 466, "sequence": "leftrunningboy", "query_frame": 41, "legal_actions": 1, "elapsed_seconds": 3424.0332981352694}
{"completed": 233, "total": 466, "sequence": "leftrunningboy", "query_frame": 109, "legal_actions": 3, "elapsed_seconds": 3431.7639216901734}
{"completed": 234, "total": 466, "sequence": "leftrunningboy", "query_frame": 137, "legal_actions": 3, "elapsed_seconds": 3437.4058715682477}
{"completed": 235, "total": 466, "sequence": "bluemanof3", "query_frame": 173, "legal_actions": 2, "elapsed_seconds": 3450.932746928185}
{"completed": 236, "total": 466, "sequence": "bluemanof3", "query_frame": 492, "legal_actions": 4, "elapsed_seconds": 3476.261121814139}
{"completed": 237, "total": 466, "sequence": "1strowright1stboy", "query_frame": 658, "legal_actions": 4, "elapsed_seconds": 3529.3164764172398}
{"completed": 238, "total": 466, "sequence": "girltakingplate", "query_frame": 657, "legal_actions": 1, "elapsed_seconds": 3580.0942643643357}
{"completed": 239, "total": 466, "sequence": "9handlowboy", "query_frame": 637, "legal_actions": 2, "elapsed_seconds": 3625.418912024237}
{"completed": 240, "total": 466, "sequence": "whitecatjump", "query_frame": 6, "legal_actions": 2, "elapsed_seconds": 3628.2053985809907}
{"completed": 241, "total": 466, "sequence": "whitecatjump", "query_frame": 437, "legal_actions": 2, "elapsed_seconds": 3656.987659079954}
{"completed": 242, "total": 466, "sequence": "exercisebook", "query_frame": 607, "legal_actions": 1, "elapsed_seconds": 3682.0484774853103}
{"completed": 243, "total": 466, "sequence": "ab_leftmirrordancing", "query_frame": 593, "legal_actions": 1, "elapsed_seconds": 3714.574090378359}
{"completed": 244, "total": 466, "sequence": "rightof2boys", "query_frame": 29, "legal_actions": 3, "elapsed_seconds": 3720.0510906679556}
{"completed": 245, "total": 466, "sequence": "rightof2boys", "query_frame": 160, "legal_actions": 1, "elapsed_seconds": 3727.6151447580196}
{"completed": 246, "total": 466, "sequence": "rightof2boys", "query_frame": 196, "legal_actions": 3, "elapsed_seconds": 3732.6032331613824}
{"completed": 247, "total": 466, "sequence": "rightgirlwithumbrella", "query_frame": 559, "legal_actions": 4, "elapsed_seconds": 3766.963866405189}
{"completed": 248, "total": 466, "sequence": "bikefromnorth", "query_frame": 61, "legal_actions": 3, "elapsed_seconds": 3774.230065311305}
{"completed": 249, "total": 466, "sequence": "bikefromnorth", "query_frame": 108, "legal_actions": 5, "elapsed_seconds": 3781.670886558015}
{"completed": 250, "total": 466, "sequence": "bikefromnorth", "query_frame": 161, "legal_actions": 2, "elapsed_seconds": 3785.9963143742643}
{"completed": 251, "total": 466, "sequence": "rightboywithbluebackpack", "query_frame": 55, "legal_actions": 3, "elapsed_seconds": 3794.382951939013}
{"completed": 252, "total": 466, "sequence": "rightboywithbluebackpack", "query_frame": 57, "legal_actions": 3, "elapsed_seconds": 3797.6078258501366}
{"completed": 253, "total": 466, "sequence": "rightboywithbluebackpack", "query_frame": 155, "legal_actions": 3, "elapsed_seconds": 3809.8604000220075}
{"completed": 254, "total": 466, "sequence": "boy_1227", "query_frame": 514, "legal_actions": 2, "elapsed_seconds": 3851.7252164282836}
{"completed": 255, "total": 466, "sequence": "girlshead", "query_frame": 506, "legal_actions": 2, "elapsed_seconds": 3894.223024582956}
{"completed": 256, "total": 466, "sequence": "girlalone", "query_frame": 502, "legal_actions": 2, "elapsed_seconds": 3923.774911995977}
{"completed": 257, "total": 466, "sequence": "rightbiggreenboy", "query_frame": 494, "legal_actions": 3, "elapsed_seconds": 3949.9437586651184}
{"completed": 258, "total": 466, "sequence": "whitegirl2_0115", "query_frame": 177, "legal_actions": 3, "elapsed_seconds": 3966.972401794046}
{"completed": 259, "total": 466, "sequence": "whitegirl2_0115", "query_frame": 296, "legal_actions": 2, "elapsed_seconds": 3978.6953210900538}
{"completed": 260, "total": 466, "sequence": "cargirl2", "query_frame": 474, "legal_actions": 3, "elapsed_seconds": 4004.9293356901035}
{"completed": 261, "total": 466, "sequence": "greyboysit1_quezhen", "query_frame": 222, "legal_actions": 3, "elapsed_seconds": 4022.966966180131}
{"completed": 262, "total": 466, "sequence": "greyboysit1_quezhen", "query_frame": 280, "legal_actions": 1, "elapsed_seconds": 4028.311717311386}
{"completed": 263, "total": 466, "sequence": "boyputtinghandup", "query_frame": 22, "legal_actions": 1, "elapsed_seconds": 4031.482889302075}
{"completed": 264, "total": 466, "sequence": "boyputtinghandup", "query_frame": 37, "legal_actions": 2, "elapsed_seconds": 4034.340046928264}
{"completed": 265, "total": 466, "sequence": "boyputtinghandup", "query_frame": 67, "legal_actions": 2, "elapsed_seconds": 4038.259080177173}
{"completed": 266, "total": 466, "sequence": "carstarts", "query_frame": 434, "legal_actions": 4, "elapsed_seconds": 4067.7763919499703}
{"completed": 267, "total": 466, "sequence": "lightredboy", "query_frame": 143, "legal_actions": 2, "elapsed_seconds": 4079.9750104122795}
{"completed": 268, "total": 466, "sequence": "lightredboy", "query_frame": 241, "legal_actions": 3, "elapsed_seconds": 4092.243665172253}
{"completed": 269, "total": 466, "sequence": "boygointrees", "query_frame": 188, "legal_actions": 1, "elapsed_seconds": 4102.159591024276}
{"completed": 270, "total": 466, "sequence": "boygointrees", "query_frame": 239, "legal_actions": 3, "elapsed_seconds": 4110.015318929218}
{"completed": 271, "total": 466, "sequence": "rightboywitjbag", "query_frame": 48, "legal_actions": 3, "elapsed_seconds": 4116.168004134204}
{"completed": 272, "total": 466, "sequence": "rightboywitjbag", "query_frame": 222, "legal_actions": 3, "elapsed_seconds": 4127.901253642049}
{"completed": 273, "total": 466, "sequence": "righthand`sfoam", "query_frame": 156, "legal_actions": 3, "elapsed_seconds": 4140.5478981193155}
{"completed": 274, "total": 466, "sequence": "righthand`sfoam", "query_frame": 212, "legal_actions": 5, "elapsed_seconds": 4148.855112031102}
{"completed": 275, "total": 466, "sequence": "girlatwindow", "query_frame": 95, "legal_actions": 1, "elapsed_seconds": 4158.8048114744015}
{"completed": 276, "total": 466, "sequence": "girlatwindow", "query_frame": 201, "legal_actions": 2, "elapsed_seconds": 4168.78164630197}
{"completed": 277, "total": 466, "sequence": "suitcase", "query_frame": 390, "legal_actions": 1, "elapsed_seconds": 4183.025564618409}
{"completed": 278, "total": 466, "sequence": "rightfirstboy-ly", "query_frame": 383, "legal_actions": 2, "elapsed_seconds": 4212.3222800982185}
{"completed": 279, "total": 466, "sequence": "umbrellainyellowhand", "query_frame": 15, "legal_actions": 3, "elapsed_seconds": 4216.784461887088}
{"completed": 280, "total": 466, "sequence": "umbrellainyellowhand", "query_frame": 184, "legal_actions": 4, "elapsed_seconds": 4227.973427980207}
{"completed": 281, "total": 466, "sequence": "leftlightsweaterboy", "query_frame": 368, "legal_actions": 3, "elapsed_seconds": 4258.297461470123}
{"completed": 282, "total": 466, "sequence": "leftboy-gai", "query_frame": 360, "legal_actions": 1, "elapsed_seconds": 4288.265227267053}
{"completed": 283, "total": 466, "sequence": "blackinpeople", "query_frame": 72, "legal_actions": 3, "elapsed_seconds": 4294.206133074127}
{"completed": 284, "total": 466, "sequence": "blackinpeople", "query_frame": 164, "legal_actions": 5, "elapsed_seconds": 4303.271358901169}
{"completed": 285, "total": 466, "sequence": "girltakingblkumbrella", "query_frame": 39, "legal_actions": 2, "elapsed_seconds": 4308.414200348314}
{"completed": 286, "total": 466, "sequence": "girltakingblkumbrella", "query_frame": 152, "legal_actions": 5, "elapsed_seconds": 4323.862480119336}
{"completed": 287, "total": 466, "sequence": "Blue_in_line_1202", "query_frame": 339, "legal_actions": 2, "elapsed_seconds": 4346.450440973975}
{"completed": 288, "total": 466, "sequence": "umbregirl", "query_frame": 332, "legal_actions": 2, "elapsed_seconds": 4367.980631113052}
{"completed": 289, "total": 466, "sequence": "whiteboy395", "query_frame": 327, "legal_actions": 3, "elapsed_seconds": 4388.970804284327}
{"completed": 290, "total": 466, "sequence": "blackbag", "query_frame": 66, "legal_actions": 3, "elapsed_seconds": 4397.194566124119}
{"completed": 291, "total": 466, "sequence": "blackbag", "query_frame": 127, "legal_actions": 5, "elapsed_seconds": 4408.960434864275}
{"completed": 292, "total": 466, "sequence": "whiteskirtgirl", "query_frame": 317, "legal_actions": 4, "elapsed_seconds": 4427.965130981058}
{"completed": 293, "total": 466, "sequence": "blackruning", "query_frame": 308, "legal_actions": 1, "elapsed_seconds": 4450.676378596108}
{"completed": 294, "total": 466, "sequence": "leftmen-chong1", "query_frame": 35, "legal_actions": 4, "elapsed_seconds": 4457.77972426638}
{"completed": 295, "total": 466, "sequence": "leftmen-chong1", "query_frame": 116, "legal_actions": 4, "elapsed_seconds": 4466.8199340272695}
{"completed": 296, "total": 466, "sequence": "manfromcar302", "query_frame": 94, "legal_actions": 4, "elapsed_seconds": 4474.6539156581275}
{"completed": 297, "total": 466, "sequence": "manfromcar302", "query_frame": 106, "legal_actions": 2, "elapsed_seconds": 4477.165940857027}
{"completed": 298, "total": 466, "sequence": "ab_leftfoam", "query_frame": 55, "legal_actions": 1, "elapsed_seconds": 4481.013170230202}
{"completed": 299, "total": 466, "sequence": "ab_leftfoam", "query_frame": 105, "legal_actions": 3, "elapsed_seconds": 4486.6857948121615}
{"completed": 300, "total": 466, "sequence": "man_with_black_clothes3", "query_frame": 4, "legal_actions": 2, "elapsed_seconds": 4489.32307653036}
{"completed": 301, "total": 466, "sequence": "man_with_black_clothes3", "query_frame": 104, "legal_actions": 2, "elapsed_seconds": 4495.877781945281}
{"completed": 302, "total": 466, "sequence": "boybesidescarwithouthat", "query_frame": 280, "legal_actions": 5, "elapsed_seconds": 4513.928774419241}
{"completed": 303, "total": 466, "sequence": "pingpongball", "query_frame": 6, "legal_actions": 5, "elapsed_seconds": 4522.127820478287}
{"completed": 304, "total": 466, "sequence": "pingpongball", "query_frame": 86, "legal_actions": 3, "elapsed_seconds": 4534.214399978984}
{"completed": 305, "total": 466, "sequence": "twopeopleelec-gai", "query_frame": 273, "legal_actions": 3, "elapsed_seconds": 4552.472523563076}
{"completed": 306, "total": 466, "sequence": "11runthree", "query_frame": 267, "legal_actions": 4, "elapsed_seconds": 4575.429036443122}
{"completed": 307, "total": 466, "sequence": "boyinsnowfield_inf_white", "query_frame": 265, "legal_actions": 2, "elapsed_seconds": 4598.363363520242}
{"completed": 308, "total": 466, "sequence": "ab_catescapes", "query_frame": 50, "legal_actions": 3, "elapsed_seconds": 4606.432785679121}
{"completed": 309, "total": 466, "sequence": "ab_catescapes", "query_frame": 67, "legal_actions": 3, "elapsed_seconds": 4611.303427950013}
{"completed": 310, "total": 466, "sequence": "whitehatgirl`sheadleftwhiteumbrella", "query_frame": 255, "legal_actions": 2, "elapsed_seconds": 4631.2572866901755}
{"completed": 311, "total": 466, "sequence": "occludedmoto", "query_frame": 35, "legal_actions": 4, "elapsed_seconds": 4637.510463515297}
{"completed": 312, "total": 466, "sequence": "occludedmoto", "query_frame": 58, "legal_actions": 3, "elapsed_seconds": 4641.528525696136}
{"completed": 313, "total": 466, "sequence": "righttallnine-gai", "query_frame": 241, "legal_actions": 4, "elapsed_seconds": 4655.121338092256}
{"completed": 314, "total": 466, "sequence": "1phoneblue", "query_frame": 238, "legal_actions": 2, "elapsed_seconds": 4675.475465266965}
{"completed": 315, "total": 466, "sequence": "redgirl", "query_frame": 231, "legal_actions": 4, "elapsed_seconds": 4698.062280142214}
{"completed": 316, "total": 466, "sequence": "boyumbrella4", "query_frame": 226, "legal_actions": 2, "elapsed_seconds": 4710.650342239998}
{"completed": 317, "total": 466, "sequence": "basketballatright", "query_frame": 3, "legal_actions": 3, "elapsed_seconds": 4716.142107506283}
{"completed": 318, "total": 466, "sequence": "basketballatright", "query_frame": 29, "legal_actions": 3, "elapsed_seconds": 4722.923924931325}
{"completed": 319, "total": 466, "sequence": "boywithwhitebackpack", "query_frame": 214, "legal_actions": 2, "elapsed_seconds": 4744.562061360106}
{"completed": 320, "total": 466, "sequence": "moto2north", "query_frame": 210, "legal_actions": 3, "elapsed_seconds": 4757.745337522123}
{"completed": 321, "total": 466, "sequence": "manfarbesidespool", "query_frame": 209, "legal_actions": 3, "elapsed_seconds": 4779.695523101371}
{"completed": 322, "total": 466, "sequence": "rightblkboy", "query_frame": 199, "legal_actions": 3, "elapsed_seconds": 4798.995789403096}
{"completed": 323, "total": 466, "sequence": "rightboywithwhite", "query_frame": 196, "legal_actions": 3, "elapsed_seconds": 4822.135533128399}
{"completed": 324, "total": 466, "sequence": "midwhitegirl", "query_frame": 193, "legal_actions": 2, "elapsed_seconds": 4837.9367740582675}
{"completed": 325, "total": 466, "sequence": "carclosedoor", "query_frame": 191, "legal_actions": 2, "elapsed_seconds": 4850.206995137036}
{"completed": 326, "total": 466, "sequence": "boyleave", "query_frame": 190, "legal_actions": 2, "elapsed_seconds": 4858.62631463306}
{"completed": 327, "total": 466, "sequence": "backpackboyhead", "query_frame": 184, "legal_actions": 2, "elapsed_seconds": 4874.856733740307}
{"completed": 328, "total": 466, "sequence": "bluegirl", "query_frame": 178, "legal_actions": 4, "elapsed_seconds": 4887.762142087333}
{"completed": 329, "total": 466, "sequence": "blkboyonleft", "query_frame": 171, "legal_actions": 4, "elapsed_seconds": 4899.1510907439515}
{"completed": 330, "total": 466, "sequence": "fogboyscoming1_quezhen_inf_heiying", "query_frame": 170, "legal_actions": 2, "elapsed_seconds": 4913.229785944335}
{"completed": 331, "total": 466, "sequence": "whiteshirt", "query_frame": 165, "legal_actions": 3, "elapsed_seconds": 4924.798800497316}
{"completed": 332, "total": 466, "sequence": "motocomeinrain", "query_frame": 162, "legal_actions": 3, "elapsed_seconds": 4936.384535088204}
{"completed": 333, "total": 466, "sequence": "whiteminibus197", "query_frame": 159, "legal_actions": 2, "elapsed_seconds": 4945.456729260273}
{"completed": 334, "total": 466, "sequence": "yellowatright", "query_frame": 156, "legal_actions": 2, "elapsed_seconds": 4955.08961226698}
{"completed": 335, "total": 466, "sequence": "2gointrees", "query_frame": 153, "legal_actions": 3, "elapsed_seconds": 4967.164151252247}
{"completed": 336, "total": 466, "sequence": "blueboywalking", "query_frame": 153, "legal_actions": 2, "elapsed_seconds": 4977.199384170119}
{"completed": 337, "total": 466, "sequence": "carstart2east", "query_frame": 150, "legal_actions": 4, "elapsed_seconds": 4987.965465193149}
{"completed": 338, "total": 466, "sequence": "right2ndblkpantsboy", "query_frame": 149, "legal_actions": 3, "elapsed_seconds": 5002.558131773956}
{"completed": 339, "total": 466, "sequence": "rightwhitegirl", "query_frame": 149, "legal_actions": 2, "elapsed_seconds": 5014.8326453822665}
{"completed": 340, "total": 466, "sequence": "nikeatbike", "query_frame": 143, "legal_actions": 4, "elapsed_seconds": 5024.531466954388}
{"completed": 341, "total": 466, "sequence": "blkmaninrain", "query_frame": 142, "legal_actions": 4, "elapsed_seconds": 5034.32965965895}
{"completed": 342, "total": 466, "sequence": "girlleaveboys", "query_frame": 140, "legal_actions": 2, "elapsed_seconds": 5043.810761233326}
{"completed": 343, "total": 466, "sequence": "ab_boyfromtrees", "query_frame": 138, "legal_actions": 2, "elapsed_seconds": 5053.971548371017}
{"completed": 344, "total": 466, "sequence": "blackridebike", "query_frame": 132, "legal_actions": 4, "elapsed_seconds": 5063.978097363375}
{"completed": 345, "total": 466, "sequence": "bikeblkbag", "query_frame": 131, "legal_actions": 3, "elapsed_seconds": 5073.610854646191}
{"completed": 346, "total": 466, "sequence": "whitecarstart183", "query_frame": 129, "legal_actions": 2, "elapsed_seconds": 5082.007566937245}
{"completed": 347, "total": 466, "sequence": "girlcoat", "query_frame": 127, "legal_actions": 4, "elapsed_seconds": 5092.946584388148}
{"completed": 348, "total": 466, "sequence": "blackthree_1227", "query_frame": 123, "legal_actions": 4, "elapsed_seconds": 5104.982529323082}
{"completed": 349, "total": 466, "sequence": "whitecarturn", "query_frame": 122, "legal_actions": 2, "elapsed_seconds": 5112.871184620075}
{"completed": 350, "total": 466, "sequence": "bikeinhand", "query_frame": 118, "legal_actions": 4, "elapsed_seconds": 5122.465211013332}
{"completed": 351, "total": 466, "sequence": "cycleman", "query_frame": 117, "legal_actions": 3, "elapsed_seconds": 5131.057878775056}
{"completed": 352, "total": 466, "sequence": "takeoutman", "query_frame": 116, "legal_actions": 3, "elapsed_seconds": 5140.515671816189}
{"completed": 353, "total": 466, "sequence": "boycomingwithumbrella", "query_frame": 113, "legal_actions": 3, "elapsed_seconds": 5148.1218227259815}
{"completed": 354, "total": 466, "sequence": "redgirlsits", "query_frame": 112, "legal_actions": 1, "elapsed_seconds": 5156.487164597027}
{"completed": 355, "total": 466, "sequence": "whiteboyatbike", "query_frame": 110, "legal_actions": 2, "elapsed_seconds": 5162.734684471041}
{"completed": 356, "total": 466, "sequence": "bikeboygo", "query_frame": 107, "legal_actions": 4, "elapsed_seconds": 5171.72895266721}
{"completed": 357, "total": 466, "sequence": "left_leader", "query_frame": 106, "legal_actions": 3, "elapsed_seconds": 5182.246192342136}
{"completed": 358, "total": 466, "sequence": "ajiandan_catwhite", "query_frame": 102, "legal_actions": 2, "elapsed_seconds": 5190.063511540182}
{"completed": 359, "total": 466, "sequence": "greenboyafterwhite", "query_frame": 101, "legal_actions": 2, "elapsed_seconds": 5198.42852214817}
{"completed": 360, "total": 466, "sequence": "takeoutmanleave", "query_frame": 99, "legal_actions": 4, "elapsed_seconds": 5207.273193621077}
{"completed": 361, "total": 466, "sequence": "whiteTboy", "query_frame": 98, "legal_actions": 4, "elapsed_seconds": 5217.688755315263}
{"completed": 362, "total": 466, "sequence": "takeoutmototurn", "query_frame": 97, "legal_actions": 2, "elapsed_seconds": 5224.1591560142115}
{"completed": 363, "total": 466, "sequence": "bluemanatbike", "query_frame": 95, "legal_actions": 2, "elapsed_seconds": 5229.999205084983}
{"completed": 364, "total": 466, "sequence": "tallwhiteboy", "query_frame": 95, "legal_actions": 3, "elapsed_seconds": 5238.8463951051235}
{"completed": 365, "total": 466, "sequence": "4three", "query_frame": 92, "legal_actions": 2, "elapsed_seconds": 5247.76849869499}
{"completed": 366, "total": 466, "sequence": "bikefromnorth257", "query_frame": 92, "legal_actions": 4, "elapsed_seconds": 5256.795412599109}
{"completed": 367, "total": 466, "sequence": "whitegirlcoming", "query_frame": 90, "legal_actions": 4, "elapsed_seconds": 5267.587124106009}
{"completed": 368, "total": 466, "sequence": "leftmirrorshining", "query_frame": 89, "legal_actions": 2, "elapsed_seconds": 5276.227942344267}
{"completed": 369, "total": 466, "sequence": "manglass1", "query_frame": 88, "legal_actions": 3, "elapsed_seconds": 5283.536214521155}
{"completed": 370, "total": 466, "sequence": "carbesidesmoto", "query_frame": 87, "legal_actions": 4, "elapsed_seconds": 5291.360486472957}
{"completed": 371, "total": 466, "sequence": "blkcarcome155", "query_frame": 86, "legal_actions": 2, "elapsed_seconds": 5298.594070699997}
{"completed": 372, "total": 466, "sequence": "AQmidof3boys", "query_frame": 83, "legal_actions": 4, "elapsed_seconds": 5305.939423545264}
{"completed": 373, "total": 466, "sequence": "minibus125", "query_frame": 83, "legal_actions": 2, "elapsed_seconds": 5312.559436019976}
{"completed": 374, "total": 466, "sequence": "folddenumbrellainhand", "query_frame": 83, "legal_actions": 3, "elapsed_seconds": 5318.0890089641325}
{"completed": 375, "total": 466, "sequence": "boysback", "query_frame": 82, "legal_actions": 2, "elapsed_seconds": 5322.828204346355}
{"completed": 376, "total": 466, "sequence": "motocome", "query_frame": 80, "legal_actions": 3, "elapsed_seconds": 5328.2241928670555}
{"completed": 377, "total": 466, "sequence": "bikeboystrong", "query_frame": 78, "legal_actions": 2, "elapsed_seconds": 5333.806653898209}
{"completed": 378, "total": 466, "sequence": "redlittleboy", "query_frame": 76, "legal_actions": 1, "elapsed_seconds": 5340.404156489298}
{"completed": 379, "total": 466, "sequence": "2runsix", "query_frame": 75, "legal_actions": 1, "elapsed_seconds": 5346.769360869192}
{"completed": 380, "total": 466, "sequence": "2rdtribike", "query_frame": 75, "legal_actions": 4, "elapsed_seconds": 5353.023406638298}
{"completed": 381, "total": 466, "sequence": "raincarstop2", "query_frame": 73, "legal_actions": 1, "elapsed_seconds": 5358.35508630937}
{"completed": 382, "total": 466, "sequence": "2outdark", "query_frame": 73, "legal_actions": 3, "elapsed_seconds": 5363.639367389027}
{"completed": 383, "total": 466, "sequence": "blkteacher`shead", "query_frame": 71, "legal_actions": 2, "elapsed_seconds": 5371.456433522981}
{"completed": 384, "total": 466, "sequence": "motoman", "query_frame": 71, "legal_actions": 2, "elapsed_seconds": 5376.81201785896}
{"completed": 385, "total": 466, "sequence": "2rdcarcome", "query_frame": 68, "legal_actions": 2, "elapsed_seconds": 5381.461261373945}
{"completed": 386, "total": 466, "sequence": "car2north3", "query_frame": 68, "legal_actions": 4, "elapsed_seconds": 5388.448393907398}
{"completed": 387, "total": 466, "sequence": "blackcar126", "query_frame": 65, "legal_actions": 2, "elapsed_seconds": 5393.756715082098}
{"completed": 388, "total": 466, "sequence": "carturnleft109", "query_frame": 65, "legal_actions": 2, "elapsed_seconds": 5399.120305184275}
{"completed": 389, "total": 466, "sequence": "aboy_1202", "query_frame": 65, "legal_actions": 2, "elapsed_seconds": 5403.707287797239}
{"completed": 390, "total": 466, "sequence": "blkmoto", "query_frame": 62, "legal_actions": 4, "elapsed_seconds": 5410.0059533691965}
{"completed": 391, "total": 466, "sequence": "dogfollowinggirl", "query_frame": 61, "legal_actions": 3, "elapsed_seconds": 5416.9904968519695}
{"completed": 392, "total": 466, "sequence": "leftgirlunderthelamp", "query_frame": 61, "legal_actions": 3, "elapsed_seconds": 5423.895142190158}
{"completed": 393, "total": 466, "sequence": "ajiandan_blkdog", "query_frame": 60, "legal_actions": 4, "elapsed_seconds": 5430.269795977976}
{"completed": 394, "total": 466, "sequence": "manaftercar114", "query_frame": 58, "legal_actions": 2, "elapsed_seconds": 5435.017331564333}
{"completed": 395, "total": 466, "sequence": "whitecarcomes", "query_frame": 58, "legal_actions": 2, "elapsed_seconds": 5439.779464032035}
{"completed": 396, "total": 466, "sequence": "2runone", "query_frame": 56, "legal_actions": 4, "elapsed_seconds": 5448.419010092039}
{"completed": 397, "total": 466, "sequence": "7rightredboy", "query_frame": 56, "legal_actions": 3, "elapsed_seconds": 5455.340502052102}
{"completed": 398, "total": 466, "sequence": "boysumbrella3", "query_frame": 54, "legal_actions": 3, "elapsed_seconds": 5463.3914637123235}
{"completed": 399, "total": 466, "sequence": "yellowgirl", "query_frame": 53, "legal_actions": 4, "elapsed_seconds": 5469.869916859083}
{"completed": 400, "total": 466, "sequence": "redgirl1497", "query_frame": 52, "legal_actions": 3, "elapsed_seconds": 5477.7245125211775}
{"completed": 401, "total": 466, "sequence": "motowithblack", "query_frame": 50, "legal_actions": 3, "elapsed_seconds": 5483.411420442164}
{"completed": 402, "total": 466, "sequence": "blackcar131", "query_frame": 49, "legal_actions": 2, "elapsed_seconds": 5487.855162058026}
{"completed": 403, "total": 466, "sequence": "whitebikebehind", "query_frame": 49, "legal_actions": 3, "elapsed_seconds": 5494.291102487128}
{"completed": 404, "total": 466, "sequence": "boysitbike", "query_frame": 48, "legal_actions": 4, "elapsed_seconds": 5499.478068127297}
{"completed": 405, "total": 466, "sequence": "Amotoinrain150", "query_frame": 46, "legal_actions": 2, "elapsed_seconds": 5504.105632160325}
{"completed": 406, "total": 466, "sequence": "Abluemotoinrain", "query_frame": 45, "legal_actions": 4, "elapsed_seconds": 5509.9679969912395}
{"completed": 407, "total": 466, "sequence": "yellowumbrellagirl", "query_frame": 45, "legal_actions": 2, "elapsed_seconds": 5515.565602479968}
{"completed": 408, "total": 466, "sequence": "blackcarturn175", "query_frame": 43, "legal_actions": 2, "elapsed_seconds": 5520.468967529945}
{"completed": 409, "total": 466, "sequence": "whitecarturnl2", "query_frame": 43, "legal_actions": 2, "elapsed_seconds": 5525.317733346019}
{"completed": 410, "total": 466, "sequence": "whitesuvcome", "query_frame": 42, "legal_actions": 3, "elapsed_seconds": 5530.481568748131}
{"completed": 411, "total": 466, "sequence": "whiteboybike", "query_frame": 41, "legal_actions": 4, "elapsed_seconds": 5536.444854191039}
{"completed": 412, "total": 466, "sequence": "twoleft", "query_frame": 40, "legal_actions": 3, "elapsed_seconds": 5542.323588135187}
{"completed": 413, "total": 466, "sequence": "girltakemoto", "query_frame": 39, "legal_actions": 3, "elapsed_seconds": 5547.577171317302}
{"completed": 414, "total": 466, "sequence": "manglass2", "query_frame": 39, "legal_actions": 3, "elapsed_seconds": 5552.551022510044}
{"completed": 415, "total": 466, "sequence": "yellowexcesicebook", "query_frame": 39, "legal_actions": 4, "elapsed_seconds": 5557.738084401004}
{"completed": 416, "total": 466, "sequence": "1handsth", "query_frame": 37, "legal_actions": 2, "elapsed_seconds": 5563.369019964244}
{"completed": 417, "total": 466, "sequence": "1rightboy", "query_frame": 37, "legal_actions": 2, "elapsed_seconds": 5568.575432367157}
{"completed": 418, "total": 466, "sequence": "carstart", "query_frame": 37, "legal_actions": 4, "elapsed_seconds": 5574.450589096174}
{"completed": 419, "total": 466, "sequence": "ajiandan_boyleft2right", "query_frame": 35, "legal_actions": 4, "elapsed_seconds": 5581.585883724969}
{"completed": 420, "total": 466, "sequence": "runningwhiteboy", "query_frame": 34, "legal_actions": 4, "elapsed_seconds": 5587.151291035116}
{"completed": 421, "total": 466, "sequence": "whiteblcakwoman", "query_frame": 33, "legal_actions": 4, "elapsed_seconds": 5592.0086847092025}
{"completed": 422, "total": 466, "sequence": "girlturnbike", "query_frame": 32, "legal_actions": 4, "elapsed_seconds": 5597.339574937243}
{"completed": 423, "total": 466, "sequence": "Awhitecargo", "query_frame": 31, "legal_actions": 4, "elapsed_seconds": 5602.975330535322}
{"completed": 424, "total": 466, "sequence": "ab_righthandfoamboard", "query_frame": 31, "legal_actions": 3, "elapsed_seconds": 5609.094658247195}
{"completed": 425, "total": 466, "sequence": "4one", "query_frame": 31, "legal_actions": 1, "elapsed_seconds": 5611.6370787592605}
{"completed": 426, "total": 466, "sequence": "Agirlrideback", "query_frame": 29, "legal_actions": 4, "elapsed_seconds": 5617.194944186136}
{"completed": 427, "total": 466, "sequence": "basketballup", "query_frame": 29, "legal_actions": 3, "elapsed_seconds": 5622.180324909277}
{"completed": 428, "total": 466, "sequence": "lightmotocoming", "query_frame": 29, "legal_actions": 2, "elapsed_seconds": 5625.4285949231125}
{"completed": 429, "total": 466, "sequence": "motocome2left", "query_frame": 28, "legal_actions": 3, "elapsed_seconds": 5630.233997380361}
{"completed": 430, "total": 466, "sequence": "bikefromwest", "query_frame": 27, "legal_actions": 3, "elapsed_seconds": 5634.204881432001}
{"completed": 431, "total": 466, "sequence": "aboyleft_1202", "query_frame": 26, "legal_actions": 2, "elapsed_seconds": 5638.107794993091}
{"completed": 432, "total": 466, "sequence": "mototurn134", "query_frame": 26, "legal_actions": 2, "elapsed_seconds": 5642.159908237401}
{"completed": 433, "total": 466, "sequence": "whitecar70", "query_frame": 25, "legal_actions": 2, "elapsed_seconds": 5645.907144545112}
{"completed": 434, "total": 466, "sequence": "Aredtopmoto", "query_frame": 24, "legal_actions": 4, "elapsed_seconds": 5650.715394555125}
{"completed": 435, "total": 466, "sequence": "girlwithblkbag", "query_frame": 24, "legal_actions": 4, "elapsed_seconds": 5656.1798116462305}
{"completed": 436, "total": 466, "sequence": "8lastone", "query_frame": 23, "legal_actions": 4, "elapsed_seconds": 5661.941787502263}
{"completed": 437, "total": 466, "sequence": "carleaveturnleft", "query_frame": 23, "legal_actions": 2, "elapsed_seconds": 5665.280087035149}
{"completed": 438, "total": 466, "sequence": "3whitemen", "query_frame": 23, "legal_actions": 3, "elapsed_seconds": 5670.241689310409}
{"completed": 439, "total": 466, "sequence": "mototakinggirl", "query_frame": 21, "legal_actions": 4, "elapsed_seconds": 5675.598233911209}
{"completed": 440, "total": 466, "sequence": "motobike", "query_frame": 20, "legal_actions": 2, "elapsed_seconds": 5678.509247560054}
{"completed": 441, "total": 466, "sequence": "blkcarcome", "query_frame": 19, "legal_actions": 2, "elapsed_seconds": 5681.7115524392575}
{"completed": 442, "total": 466, "sequence": "two_1227", "query_frame": 19, "legal_actions": 4, "elapsed_seconds": 5687.195754498243}
{"completed": 443, "total": 466, "sequence": "girlbike156", "query_frame": 17, "legal_actions": 2, "elapsed_seconds": 5690.144446854014}
{"completed": 444, "total": 466, "sequence": "2girlgoleft", "query_frame": 17, "legal_actions": 3, "elapsed_seconds": 5694.114125109278}
{"completed": 445, "total": 466, "sequence": "girlintrees", "query_frame": 16, "legal_actions": 5, "elapsed_seconds": 5699.695234979037}
{"completed": 446, "total": 466, "sequence": "bus2", "query_frame": 15, "legal_actions": 2, "elapsed_seconds": 5702.792599810287}
{"completed": 447, "total": 466, "sequence": "whitecarcome192", "query_frame": 15, "legal_actions": 4, "elapsed_seconds": 5707.953615971375}
{"completed": 448, "total": 466, "sequence": "blackcarback", "query_frame": 14, "legal_actions": 2, "elapsed_seconds": 5711.010034319013}
{"completed": 449, "total": 466, "sequence": "boybikeblueumbrella", "query_frame": 14, "legal_actions": 2, "elapsed_seconds": 5713.824973224197}
{"completed": 450, "total": 466, "sequence": "whitecarstart126", "query_frame": 14, "legal_actions": 2, "elapsed_seconds": 5717.139206876047}
{"completed": 451, "total": 466, "sequence": "motocross", "query_frame": 13, "legal_actions": 2, "elapsed_seconds": 5720.074242779985}
{"completed": 452, "total": 466, "sequence": "comecar", "query_frame": 12, "legal_actions": 4, "elapsed_seconds": 5724.43340682704}
{"completed": 453, "total": 466, "sequence": "whitecarcome", "query_frame": 12, "legal_actions": 2, "elapsed_seconds": 5726.8582027303055}
{"completed": 454, "total": 466, "sequence": "womanopendoor", "query_frame": 11, "legal_actions": 4, "elapsed_seconds": 5731.61999047501}
{"completed": 455, "total": 466, "sequence": "bikeafterwhitecar", "query_frame": 9, "legal_actions": 2, "elapsed_seconds": 5734.6208115899935}
{"completed": 456, "total": 466, "sequence": "lightcarfromnorth", "query_frame": 9, "legal_actions": 2, "elapsed_seconds": 5737.213662832975}
{"completed": 457, "total": 466, "sequence": "jeepblack", "query_frame": 7, "legal_actions": 2, "elapsed_seconds": 5740.213327782229}
{"completed": 458, "total": 466, "sequence": "whitebikebehind2", "query_frame": 7, "legal_actions": 2, "elapsed_seconds": 5743.277931699064}
{"completed": 459, "total": 466, "sequence": "manaftercar", "query_frame": 6, "legal_actions": 3, "elapsed_seconds": 5747.615751930047}
{"completed": 460, "total": 466, "sequence": "motowithgood", "query_frame": 6, "legal_actions": 2, "elapsed_seconds": 5749.768248946406}
{"completed": 461, "total": 466, "sequence": "bike150", "query_frame": 5, "legal_actions": 2, "elapsed_seconds": 5751.882893851027}
{"completed": 462, "total": 466, "sequence": "mototurntous", "query_frame": 4, "legal_actions": 2, "elapsed_seconds": 5752.473040458281}
{"completed": 463, "total": 466, "sequence": "mototurnright", "query_frame": 3, "legal_actions": 4, "elapsed_seconds": 5757.488066837192}
{"completed": 464, "total": 466, "sequence": "The_girl_with_the_cup_1202", "query_frame": 2, "legal_actions": 1, "elapsed_seconds": 5758.881229741033}
{"completed": 465, "total": 466, "sequence": "boyright", "query_frame": 2, "legal_actions": 2, "elapsed_seconds": 5761.334334325977}
{"completed": 466, "total": 466, "sequence": "whitecarturn2", "query_frame": 2, "legal_actions": 4, "elapsed_seconds": 5765.443858503364}
