/data/gb/envs/gola/lib/python3.10/site-packages/timm/models/layers/__init__.py:48: FutureWarning: Importing from timm.models.layers is deprecated, please import via timm.layers
  warnings.warn(f"Importing from {__name__} is deprecated, please import via timm.layers", FutureWarning)
/data/gb/GOLA/research/collect_rollouts.py:76: UserWarning: The given NumPy array is not writable, and PyTorch does not support non-writable tensors. This means writing to this tensor will result in undefined behavior. You may want to copy the array to protect its data or make it writable before converting it to a tensor. This type of warning will be suppressed for the rest of this program. (Triggered internally at ../torch/csrc/utils/tensor_numpy.cpp:206.)
  return float(box_iou(torch.from_numpy(box), torch.from_numpy(target)))
{"completed": 1, "total": 441, "sequence": "rightbackcup", "query_frame": 243, "legal_actions": 1, "elapsed_seconds": 19.023019674699754}
{"completed": 2, "total": 441, "sequence": "rightbackcup", "query_frame": 368, "legal_actions": 3, "elapsed_seconds": 34.183058445807546}
{"completed": 3, "total": 441, "sequence": "rightbackcup", "query_frame": 533, "legal_actions": 5, "elapsed_seconds": 55.72637936798856}
{"completed": 4, "total": 441, "sequence": "rightbackcup", "query_frame": 7994, "legal_actions": 5, "elapsed_seconds": 732.0638476978056}
{"completed": 5, "total": 441, "sequence": "tallboyNumber_9", "query_frame": 537, "legal_actions": 4, "elapsed_seconds": 767.6124407467432}
{"completed": 6, "total": 441, "sequence": "tallboyNumber_9", "query_frame": 613, "legal_actions": 4, "elapsed_seconds": 775.3678205558099}
{"completed": 7, "total": 441, "sequence": "tallboyNumber_9", "query_frame": 678, "legal_actions": 4, "elapsed_seconds": 783.3180485288613}
{"completed": 8, "total": 441, "sequence": "tallboyNumber_9", "query_frame": 3669, "legal_actions": 4, "elapsed_seconds": 965.1622273689136}
{"completed": 9, "total": 441, "sequence": "huggirl", "query_frame": 136, "legal_actions": 4, "elapsed_seconds": 979.1317066717893}
{"completed": 10, "total": 441, "sequence": "huggirl", "query_frame": 226, "legal_actions": 4, "elapsed_seconds": 988.8748986739665}
{"completed": 11, "total": 441, "sequence": "huggirl", "query_frame": 232, "legal_actions": 4, "elapsed_seconds": 992.8986434820108}
{"completed": 12, "total": 441, "sequence": "huggirl", "query_frame": 292, "legal_actions": 4, "elapsed_seconds": 1000.0847942200489}
{"completed": 13, "total": 441, "sequence": "huggirl", "query_frame": 331, "legal_actions": 4, "elapsed_seconds": 1005.5116741159}
{"completed": 14, "total": 441, "sequence": "huggirl", "query_frame": 448, "legal_actions": 3, "elapsed_seconds": 1013.2568696048111}
{"completed": 15, "total": 441, "sequence": "huggirl", "query_frame": 469, "legal_actions": 4, "elapsed_seconds": 1018.4329307908192}
{"completed": 16, "total": 441, "sequence": "huggirl", "query_frame": 492, "legal_actions": 4, "elapsed_seconds": 1023.9171701129526}
{"completed": 17, "total": 441, "sequence": "huggirl", "query_frame": 500, "legal_actions": 4, "elapsed_seconds": 1028.1011312599294}
{"completed": 18, "total": 441, "sequence": "huggirl", "query_frame": 517, "legal_actions": 4, "elapsed_seconds": 1032.8328819028102}
{"completed": 19, "total": 441, "sequence": "huggirl", "query_frame": 524, "legal_actions": 4, "elapsed_seconds": 1036.845286973752}
{"completed": 20, "total": 441, "sequence": "huggirl", "query_frame": 726, "legal_actions": 3, "elapsed_seconds": 1053.3237062538974}
{"completed": 21, "total": 441, "sequence": "huggirl", "query_frame": 734, "legal_actions": 5, "elapsed_seconds": 1058.7378246891312}
{"completed": 22, "total": 441, "sequence": "huggirl", "query_frame": 742, "legal_actions": 3, "elapsed_seconds": 1062.2634238880128}
{"completed": 23, "total": 441, "sequence": "huggirl", "query_frame": 774, "legal_actions": 3, "elapsed_seconds": 1067.6666182968765}
{"completed": 24, "total": 441, "sequence": "huggirl", "query_frame": 783, "legal_actions": 3, "elapsed_seconds": 1071.273149380926}
{"completed": 25, "total": 441, "sequence": "girlsquattingbesidesleftbar", "query_frame": 173, "legal_actions": 3, "elapsed_seconds": 1085.796206031926}
{"completed": 26, "total": 441, "sequence": "girlsquattingbesidesleftbar", "query_frame": 189, "legal_actions": 3, "elapsed_seconds": 1091.8309574280865}
{"completed": 27, "total": 441, "sequence": "girlsquattingbesidesleftbar", "query_frame": 297, "legal_actions": 3, "elapsed_seconds": 1104.325614002999}
{"completed": 28, "total": 441, "sequence": "girlsquattingbesidesleftbar", "query_frame": 455, "legal_actions": 1, "elapsed_seconds": 1117.2226358787157}
{"completed": 29, "total": 441, "sequence": "girlsquattingbesidesleftbar", "query_frame": 462, "legal_actions": 1, "elapsed_seconds": 1119.3956127059646}
{"completed": 30, "total": 441, "sequence": "girlsquattingbesidesleftbar", "query_frame": 467, "legal_actions": 1, "elapsed_seconds": 1121.4344066148624}
{"completed": 31, "total": 441, "sequence": "girlsquattingbesidesleftbar", "query_frame": 475, "legal_actions": 3, "elapsed_seconds": 1126.9624660280533}
{"completed": 32, "total": 441, "sequence": "girlsquattingbesidesleftbar", "query_frame": 490, "legal_actions": 1, "elapsed_seconds": 1130.0554097997956}
{"completed": 33, "total": 441, "sequence": "girlsquattingbesidesleftbar", "query_frame": 541, "legal_actions": 1, "elapsed_seconds": 1135.7500283340923}
{"completed": 34, "total": 441, "sequence": "girlsquattingbesidesleftbar", "query_frame": 609, "legal_actions": 1, "elapsed_seconds": 1143.2761092749424}
{"completed": 35, "total": 441, "sequence": "girlsquattingbesidesleftbar", "query_frame": 617, "legal_actions": 1, "elapsed_seconds": 1145.5254650367424}
{"completed": 36, "total": 441, "sequence": "girlsquattingbesidesleftbar", "query_frame": 1183, "legal_actions": 5, "elapsed_seconds": 1207.011723591946}
{"completed": 37, "total": 441, "sequence": "bord", "query_frame": 509, "legal_actions": 3, "elapsed_seconds": 1238.498780308757}
{"completed": 38, "total": 441, "sequence": "bord", "query_frame": 512, "legal_actions": 3, "elapsed_seconds": 1242.4584025177173}
{"completed": 39, "total": 441, "sequence": "bord", "query_frame": 549, "legal_actions": 1, "elapsed_seconds": 1246.127915525809}
{"completed": 40, "total": 441, "sequence": "bord", "query_frame": 578, "legal_actions": 3, "elapsed_seconds": 1251.124193746131}
{"completed": 41, "total": 441, "sequence": "bord", "query_frame": 721, "legal_actions": 1, "elapsed_seconds": 1260.6993011739105}
{"completed": 42, "total": 441, "sequence": "bord", "query_frame": 2138, "legal_actions": 1, "elapsed_seconds": 1360.4788753418252}
{"completed": 43, "total": 441, "sequence": "boyride2trees", "query_frame": 230, "legal_actions": 4, "elapsed_seconds": 1372.4816565196961}
{"completed": 44, "total": 441, "sequence": "boyride2trees", "query_frame": 472, "legal_actions": 2, "elapsed_seconds": 1384.5904745259322}
{"completed": 45, "total": 441, "sequence": "boyride2trees", "query_frame": 474, "legal_actions": 2, "elapsed_seconds": 1386.5820957589895}
{"completed": 46, "total": 441, "sequence": "boyride2trees", "query_frame": 491, "legal_actions": 2, "elapsed_seconds": 1389.4413908910938}
{"completed": 47, "total": 441, "sequence": "boyride2trees", "query_frame": 494, "legal_actions": 2, "elapsed_seconds": 1391.5877510518767}
{"completed": 48, "total": 441, "sequence": "boyride2trees", "query_frame": 497, "legal_actions": 4, "elapsed_seconds": 1395.4495095307939}
{"completed": 49, "total": 441, "sequence": "boyride2trees", "query_frame": 517, "legal_actions": 2, "elapsed_seconds": 1398.5259190308861}
{"completed": 50, "total": 441, "sequence": "boyride2trees", "query_frame": 522, "legal_actions": 2, "elapsed_seconds": 1400.7198552940972}
{"completed": 51, "total": 441, "sequence": "boyride2trees", "query_frame": 525, "legal_actions": 2, "elapsed_seconds": 1402.8029656731524}
{"completed": 52, "total": 441, "sequence": "boyride2trees", "query_frame": 539, "legal_actions": 2, "elapsed_seconds": 1405.5450707101263}
{"completed": 53, "total": 441, "sequence": "boyride2trees", "query_frame": 542, "legal_actions": 2, "elapsed_seconds": 1407.6439459170215}
{"completed": 54, "total": 441, "sequence": "boyride2trees", "query_frame": 558, "legal_actions": 4, "elapsed_seconds": 1412.0611576316878}
{"completed": 55, "total": 441, "sequence": "boy2_0115", "query_frame": 2638, "legal_actions": 1, "elapsed_seconds": 1606.0984388208017}
{"completed": 56, "total": 441, "sequence": "battlerightblack", "query_frame": 34, "legal_actions": 4, "elapsed_seconds": 1611.5524850827642}
{"completed": 57, "total": 441, "sequence": "battlerightblack", "query_frame": 88, "legal_actions": 4, "elapsed_seconds": 1617.8621062799357}
{"completed": 58, "total": 441, "sequence": "battlerightblack", "query_frame": 159, "legal_actions": 3, "elapsed_seconds": 1624.5005893199705}
{"completed": 59, "total": 441, "sequence": "battlerightblack", "query_frame": 163, "legal_actions": 3, "elapsed_seconds": 1628.1427630437538}
{"completed": 60, "total": 441, "sequence": "battlerightblack", "query_frame": 335, "legal_actions": 3, "elapsed_seconds": 1641.5846115797758}
{"completed": 61, "total": 441, "sequence": "battlerightblack", "query_frame": 500, "legal_actions": 3, "elapsed_seconds": 1653.2204968687147}
{"completed": 62, "total": 441, "sequence": "battlerightblack", "query_frame": 529, "legal_actions": 3, "elapsed_seconds": 1658.3089185617864}
{"completed": 63, "total": 441, "sequence": "battlerightblack", "query_frame": 690, "legal_actions": 3, "elapsed_seconds": 1670.8012096988969}
{"completed": 64, "total": 441, "sequence": "battlerightblack", "query_frame": 693, "legal_actions": 3, "elapsed_seconds": 1675.0874093659222}
{"completed": 65, "total": 441, "sequence": "battlerightblack", "query_frame": 736, "legal_actions": 5, "elapsed_seconds": 1683.207006991841}
{"completed": 66, "total": 441, "sequence": "notebook-gai", "query_frame": 2362, "legal_actions": 3, "elapsed_seconds": 1849.5193494297564}
{"completed": 67, "total": 441, "sequence": "belowrightwhiteboy", "query_frame": 199, "legal_actions": 3, "elapsed_seconds": 1862.4226630828343}
{"completed": 68, "total": 441, "sequence": "belowrightwhiteboy", "query_frame": 257, "legal_actions": 3, "elapsed_seconds": 1868.878306098748}
{"completed": 69, "total": 441, "sequence": "belowrightwhiteboy", "query_frame": 283, "legal_actions": 3, "elapsed_seconds": 1873.2521372628398}
{"completed": 70, "total": 441, "sequence": "belowrightwhiteboy", "query_frame": 350, "legal_actions": 5, "elapsed_seconds": 1882.5184016549028}
{"completed": 71, "total": 441, "sequence": "belowrightwhiteboy", "query_frame": 398, "legal_actions": 3, "elapsed_seconds": 1889.6696287519298}
{"completed": 72, "total": 441, "sequence": "belowrightwhiteboy", "query_frame": 636, "legal_actions": 3, "elapsed_seconds": 1912.0766591187567}
{"completed": 73, "total": 441, "sequence": "belowrightwhiteboy", "query_frame": 685, "legal_actions": 3, "elapsed_seconds": 1920.2633291250095}
{"completed": 74, "total": 441, "sequence": "belowrightwhiteboy", "query_frame": 723, "legal_actions": 3, "elapsed_seconds": 1927.574206207879}
{"completed": 75, "total": 441, "sequence": "belowrightwhiteboy", "query_frame": 747, "legal_actions": 3, "elapsed_seconds": 1932.9828238757327}
{"completed": 76, "total": 441, "sequence": "leftbottle", "query_frame": 222, "legal_actions": 1, "elapsed_seconds": 1949.8160393568687}
{"completed": 77, "total": 441, "sequence": "leftbottle", "query_frame": 288, "legal_actions": 3, "elapsed_seconds": 1959.6086159278639}
{"completed": 78, "total": 441, "sequence": "leftbottle", "query_frame": 354, "legal_actions": 3, "elapsed_seconds": 1969.6907892310992}
{"completed": 79, "total": 441, "sequence": "leftbottle", "query_frame": 374, "legal_actions": 1, "elapsed_seconds": 1973.1841701767407}
{"completed": 80, "total": 441, "sequence": "leftbottle", "query_frame": 579, "legal_actions": 1, "elapsed_seconds": 1990.5156511696987}
{"completed": 81, "total": 441, "sequence": "leftbottle", "query_frame": 666, "legal_actions": 5, "elapsed_seconds": 2006.189557725098}
{"completed": 82, "total": 441, "sequence": "leftbottle", "query_frame": 760, "legal_actions": 3, "elapsed_seconds": 2018.6574106900953}
{"completed": 83, "total": 441, "sequence": "leftbottle", "query_frame": 850, "legal_actions": 3, "elapsed_seconds": 2030.2834624550305}
{"completed": 84, "total": 441, "sequence": "rightgreen", "query_frame": 215, "legal_actions": 2, "elapsed_seconds": 2048.63833146682}
{"completed": 85, "total": 441, "sequence": "rightgreen", "query_frame": 359, "legal_actions": 1, "elapsed_seconds": 2060.678734697867}
{"completed": 86, "total": 441, "sequence": "rightgreen", "query_frame": 374, "legal_actions": 1, "elapsed_seconds": 2063.3288258230314}
{"completed": 87, "total": 441, "sequence": "rightgreen", "query_frame": 376, "legal_actions": 1, "elapsed_seconds": 2064.93358454993}
{"completed": 88, "total": 441, "sequence": "rightgreen", "query_frame": 404, "legal_actions": 1, "elapsed_seconds": 2068.7062345999293}
{"completed": 89, "total": 441, "sequence": "rightgreen", "query_frame": 417, "legal_actions": 3, "elapsed_seconds": 2073.3375285798684}
{"completed": 90, "total": 441, "sequence": "rightgreen", "query_frame": 498, "legal_actions": 5, "elapsed_seconds": 2086.2782837450504}
{"completed": 91, "total": 441, "sequence": "rightgreen", "query_frame": 703, "legal_actions": 1, "elapsed_seconds": 2105.132485054899}
{"completed": 92, "total": 441, "sequence": "boyaftertworunboys", "query_frame": 135, "legal_actions": 3, "elapsed_seconds": 2118.6215498028323}
{"completed": 93, "total": 441, "sequence": "boyaftertworunboys", "query_frame": 149, "legal_actions": 1, "elapsed_seconds": 2121.1705038449727}
{"completed": 94, "total": 441, "sequence": "boyaftertworunboys", "query_frame": 204, "legal_actions": 3, "elapsed_seconds": 2130.049097089097}
{"completed": 95, "total": 441, "sequence": "boyaftertworunboys", "query_frame": 224, "legal_actions": 3, "elapsed_seconds": 2136.5125184259377}
{"completed": 96, "total": 441, "sequence": "boyaftertworunboys", "query_frame": 245, "legal_actions": 1, "elapsed_seconds": 2140.168905775994}
{"completed": 97, "total": 441, "sequence": "boyaftertworunboys", "query_frame": 249, "legal_actions": 3, "elapsed_seconds": 2144.8268853030168}
{"completed": 98, "total": 441, "sequence": "boyaftertworunboys", "query_frame": 252, "legal_actions": 1, "elapsed_seconds": 2146.7191422809847}
{"completed": 99, "total": 441, "sequence": "boyaftertworunboys", "query_frame": 270, "legal_actions": 3, "elapsed_seconds": 2152.3946547559462}
{"completed": 100, "total": 441, "sequence": "boyaftertworunboys", "query_frame": 323, "legal_actions": 5, "elapsed_seconds": 2165.1650333399884}
{"completed": 101, "total": 441, "sequence": "midtallboycoming", "query_frame": 138, "legal_actions": 5, "elapsed_seconds": 2177.432902042754}
{"completed": 102, "total": 441, "sequence": "midtallboycoming", "query_frame": 153, "legal_actions": 1, "elapsed_seconds": 2179.667906406801}
{"completed": 103, "total": 441, "sequence": "midtallboycoming", "query_frame": 187, "legal_actions": 5, "elapsed_seconds": 2187.4786675819196}
{"completed": 104, "total": 441, "sequence": "midtallboycoming", "query_frame": 203, "legal_actions": 5, "elapsed_seconds": 2193.936339296866}
{"completed": 105, "total": 441, "sequence": "midtallboycoming", "query_frame": 222, "legal_actions": 3, "elapsed_seconds": 2198.4242772827856}
{"completed": 106, "total": 441, "sequence": "midtallboycoming", "query_frame": 227, "legal_actions": 1, "elapsed_seconds": 2200.13520315988}
{"completed": 107, "total": 441, "sequence": "midtallboycoming", "query_frame": 600, "legal_actions": 3, "elapsed_seconds": 2236.516988574993}
{"completed": 108, "total": 441, "sequence": "boystandinglefttree", "query_frame": 345, "legal_actions": 3, "elapsed_seconds": 2262.428168591112}
{"completed": 109, "total": 441, "sequence": "boystandinglefttree", "query_frame": 364, "legal_actions": 1, "elapsed_seconds": 2265.381826355122}
{"completed": 110, "total": 441, "sequence": "boystandinglefttree", "query_frame": 390, "legal_actions": 1, "elapsed_seconds": 2268.9504121751525}
{"completed": 111, "total": 441, "sequence": "boystandinglefttree", "query_frame": 398, "legal_actions": 1, "elapsed_seconds": 2271.032075060066}
{"completed": 112, "total": 441, "sequence": "boystandinglefttree", "query_frame": 819, "legal_actions": 3, "elapsed_seconds": 2309.695114748087}
{"completed": 113, "total": 441, "sequence": "rightrunninglatterone", "query_frame": 309, "legal_actions": 3, "elapsed_seconds": 2336.3344884808175}
{"completed": 114, "total": 441, "sequence": "rightrunninglatterone", "query_frame": 312, "legal_actions": 1, "elapsed_seconds": 2338.233528447803}
{"completed": 115, "total": 441, "sequence": "rightrunninglatterone", "query_frame": 328, "legal_actions": 3, "elapsed_seconds": 2343.050978230778}
{"completed": 116, "total": 441, "sequence": "rightrunninglatterone", "query_frame": 369, "legal_actions": 3, "elapsed_seconds": 2351.244939178694}
{"completed": 117, "total": 441, "sequence": "rightrunninglatterone", "query_frame": 409, "legal_actions": 3, "elapsed_seconds": 2359.74990112707}
{"completed": 118, "total": 441, "sequence": "rightrunninglatterone", "query_frame": 559, "legal_actions": 3, "elapsed_seconds": 2378.4991060509346}
{"completed": 119, "total": 441, "sequence": "leftdrillmasterstanding", "query_frame": 350, "legal_actions": 3, "elapsed_seconds": 2407.491695447825}
{"completed": 120, "total": 441, "sequence": "leftdrillmasterstanding", "query_frame": 760, "legal_actions": 3, "elapsed_seconds": 2442.734772663098}
{"completed": 121, "total": 441, "sequence": "leftdrillmasterstanding", "query_frame": 764, "legal_actions": 3, "elapsed_seconds": 2446.85108277807}
{"completed": 122, "total": 441, "sequence": "leftdrillmasterstanding", "query_frame": 920, "legal_actions": 5, "elapsed_seconds": 2466.7627033917233}
{"completed": 123, "total": 441, "sequence": "leftredcup", "query_frame": 115, "legal_actions": 1, "elapsed_seconds": 2473.1707558878697}
{"completed": 124, "total": 441, "sequence": "leftredcup", "query_frame": 129, "legal_actions": 1, "elapsed_seconds": 2475.056753061712}
{"completed": 125, "total": 441, "sequence": "leftredcup", "query_frame": 152, "legal_actions": 1, "elapsed_seconds": 2477.5394036909565}
{"completed": 126, "total": 441, "sequence": "leftredcup", "query_frame": 799, "legal_actions": 1, "elapsed_seconds": 2506.2599982540123}
{"completed": 127, "total": 441, "sequence": "2boysatblkcarend", "query_frame": 72, "legal_actions": 3, "elapsed_seconds": 2513.107122970745}
{"completed": 128, "total": 441, "sequence": "2boysatblkcarend", "query_frame": 74, "legal_actions": 5, "elapsed_seconds": 2519.926710908767}
{"completed": 129, "total": 441, "sequence": "2boysatblkcarend", "query_frame": 79, "legal_actions": 5, "elapsed_seconds": 2527.0887081078254}
{"completed": 130, "total": 441, "sequence": "2boysatblkcarend", "query_frame": 83, "legal_actions": 3, "elapsed_seconds": 2531.6825312920846}
{"completed": 131, "total": 441, "sequence": "2boysatblkcarend", "query_frame": 90, "legal_actions": 3, "elapsed_seconds": 2536.3829220971093}
{"completed": 132, "total": 441, "sequence": "2boysatblkcarend", "query_frame": 95, "legal_actions": 3, "elapsed_seconds": 2541.209193478804}
{"completed": 133, "total": 441, "sequence": "2boysatblkcarend", "query_frame": 184, "legal_actions": 3, "elapsed_seconds": 2550.956127406098}
{"completed": 134, "total": 441, "sequence": "boyunderleftbar", "query_frame": 61, "legal_actions": 3, "elapsed_seconds": 2561.015984301921}
{"completed": 135, "total": 441, "sequence": "boyunderleftbar", "query_frame": 194, "legal_actions": 3, "elapsed_seconds": 2574.9498142637312}
{"completed": 136, "total": 441, "sequence": "boyunderleftbar", "query_frame": 231, "legal_actions": 5, "elapsed_seconds": 2584.6688022669405}
{"completed": 137, "total": 441, "sequence": "boyunderleftbar", "query_frame": 720, "legal_actions": 1, "elapsed_seconds": 2627.8059442127123}
{"completed": 138, "total": 441, "sequence": "highright2ndboy", "query_frame": 211, "legal_actions": 5, "elapsed_seconds": 2648.7690822998993}
{"completed": 139, "total": 441, "sequence": "highright2ndboy", "query_frame": 274, "legal_actions": 3, "elapsed_seconds": 2658.591023528017}
{"completed": 140, "total": 441, "sequence": "highright2ndboy", "query_frame": 342, "legal_actions": 5, "elapsed_seconds": 2670.527613028884}
{"completed": 141, "total": 441, "sequence": "highright2ndboy", "query_frame": 634, "legal_actions": 5, "elapsed_seconds": 2701.6804105807096}
{"completed": 142, "total": 441, "sequence": "blklittlebag", "query_frame": 424, "legal_actions": 3, "elapsed_seconds": 2723.433846763801}
{"completed": 143, "total": 441, "sequence": "blklittlebag", "query_frame": 970, "legal_actions": 1, "elapsed_seconds": 2760.9597736741416}
{"completed": 144, "total": 441, "sequence": "leftgirlchecking2", "query_frame": 164, "legal_actions": 3, "elapsed_seconds": 2773.406815093942}
{"completed": 145, "total": 441, "sequence": "leftgirlchecking2", "query_frame": 169, "legal_actions": 3, "elapsed_seconds": 2777.048806170933}
{"completed": 146, "total": 441, "sequence": "leftgirlchecking2", "query_frame": 313, "legal_actions": 1, "elapsed_seconds": 2788.020396445878}
{"completed": 147, "total": 441, "sequence": "leftgirlchecking2", "query_frame": 328, "legal_actions": 5, "elapsed_seconds": 2794.2362506738864}
{"completed": 148, "total": 441, "sequence": "leftgirlchecking2", "query_frame": 351, "legal_actions": 1, "elapsed_seconds": 2797.1423847149126}
{"completed": 149, "total": 441, "sequence": "whitegirl209", "query_frame": 9, "legal_actions": 3, "elapsed_seconds": 2801.732137347106}
{"completed": 150, "total": 441, "sequence": "whitegirl209", "query_frame": 23, "legal_actions": 3, "elapsed_seconds": 2805.8022426259704}
{"completed": 151, "total": 441, "sequence": "whitegirl209", "query_frame": 26, "legal_actions": 5, "elapsed_seconds": 2811.121172435116}
{"completed": 152, "total": 441, "sequence": "whitegirl209", "query_frame": 43, "legal_actions": 1, "elapsed_seconds": 2813.3613686049357}
{"completed": 153, "total": 441, "sequence": "whitegirl209", "query_frame": 77, "legal_actions": 3, "elapsed_seconds": 2818.4877688349225}
{"completed": 154, "total": 441, "sequence": "whitegirl209", "query_frame": 107, "legal_actions": 5, "elapsed_seconds": 2825.1799837891012}
{"completed": 155, "total": 441, "sequence": "manwithyellowumbrella", "query_frame": 177, "legal_actions": 5, "elapsed_seconds": 2842.006264762953}
{"completed": 156, "total": 441, "sequence": "manwithyellowumbrella", "query_frame": 207, "legal_actions": 3, "elapsed_seconds": 2846.992466738913}
{"completed": 157, "total": 441, "sequence": "manwithyellowumbrella", "query_frame": 666, "legal_actions": 1, "elapsed_seconds": 2880.624101800844}
{"completed": 158, "total": 441, "sequence": "boyrideoutandin", "query_frame": 15, "legal_actions": 4, "elapsed_seconds": 2884.736613633111}
{"completed": 159, "total": 441, "sequence": "boyrideoutandin", "query_frame": 84, "legal_actions": 4, "elapsed_seconds": 2891.1780007798225}
{"completed": 160, "total": 441, "sequence": "boyrideoutandin", "query_frame": 404, "legal_actions": 3, "elapsed_seconds": 2912.3156590769067}
{"completed": 161, "total": 441, "sequence": "boyrideoutandin", "query_frame": 450, "legal_actions": 1, "elapsed_seconds": 2917.3408625018783}
{"completed": 162, "total": 441, "sequence": "rightredcup_quezhen", "query_frame": 139, "legal_actions": 2, "elapsed_seconds": 2930.605089846067}
{"completed": 163, "total": 441, "sequence": "rightredcup_quezhen", "query_frame": 360, "legal_actions": 3, "elapsed_seconds": 2948.8189384900033}
{"completed": 164, "total": 441, "sequence": "rightredcup_quezhen", "query_frame": 608, "legal_actions": 3, "elapsed_seconds": 2971.015194989741}
{"completed": 165, "total": 441, "sequence": "mirrorfront", "query_frame": 59, "legal_actions": 2, "elapsed_seconds": 2976.0206898017786}
{"completed": 166, "total": 441, "sequence": "mirrorfront", "query_frame": 354, "legal_actions": 1, "elapsed_seconds": 2994.511191725731}
{"completed": 167, "total": 441, "sequence": "mirrorfront", "query_frame": 393, "legal_actions": 5, "elapsed_seconds": 3002.4783154549077}
{"completed": 168, "total": 441, "sequence": "mirrorfront", "query_frame": 399, "legal_actions": 2, "elapsed_seconds": 3004.9021850759163}
{"completed": 169, "total": 441, "sequence": "rightofth3boys", "query_frame": 49, "legal_actions": 4, "elapsed_seconds": 3012.5177368856966}
{"completed": 170, "total": 441, "sequence": "rightofth3boys", "query_frame": 245, "legal_actions": 1, "elapsed_seconds": 3027.7315910859033}
{"completed": 171, "total": 441, "sequence": "rightofth3boys", "query_frame": 300, "legal_actions": 5, "elapsed_seconds": 3037.3302668058313}
{"completed": 172, "total": 441, "sequence": "rightofth3boys", "query_frame": 364, "legal_actions": 4, "elapsed_seconds": 3046.108645501081}
{"completed": 173, "total": 441, "sequence": "bouheadupstream", "query_frame": 259, "legal_actions": 5, "elapsed_seconds": 3073.335837644059}
{"completed": 174, "total": 441, "sequence": "bouheadupstream", "query_frame": 717, "legal_actions": 3, "elapsed_seconds": 3119.314247980714}
{"completed": 175, "total": 441, "sequence": "blackdownball", "query_frame": 490, "legal_actions": 3, "elapsed_seconds": 3143.594421372749}
{"completed": 176, "total": 441, "sequence": "blackdownball", "query_frame": 491, "legal_actions": 2, "elapsed_seconds": 3146.0364974411204}
{"completed": 177, "total": 441, "sequence": "blackdownball", "query_frame": 513, "legal_actions": 4, "elapsed_seconds": 3151.2061934378}
{"completed": 178, "total": 441, "sequence": "4boysbesidesblkcar", "query_frame": 178, "legal_actions": 3, "elapsed_seconds": 3162.635038321838}
{"completed": 179, "total": 441, "sequence": "4boysbesidesblkcar", "query_frame": 195, "legal_actions": 5, "elapsed_seconds": 3168.446720395703}
{"completed": 180, "total": 441, "sequence": "4boysbesidesblkcar", "query_frame": 199, "legal_actions": 4, "elapsed_seconds": 3172.3203009990975}
{"completed": 181, "total": 441, "sequence": "4boysbesidesblkcar", "query_frame": 303, "legal_actions": 3, "elapsed_seconds": 3181.4400002369657}
{"completed": 182, "total": 441, "sequence": "basketballatboysrighthand", "query_frame": 215, "legal_actions": 1, "elapsed_seconds": 3196.843712709844}
{"completed": 183, "total": 441, "sequence": "basketballatboysrighthand", "query_frame": 255, "legal_actions": 3, "elapsed_seconds": 3204.026776732877}
{"completed": 184, "total": 441, "sequence": "basketballatboysrighthand", "query_frame": 474, "legal_actions": 1, "elapsed_seconds": 3223.6468688487075}
{"completed": 185, "total": 441, "sequence": "whitebetweenblackandblue", "query_frame": 271, "legal_actions": 1, "elapsed_seconds": 3240.239007284865}
{"completed": 186, "total": 441, "sequence": "whitebetweenblackandblue", "query_frame": 652, "legal_actions": 4, "elapsed_seconds": 3275.507034448907}
{"completed": 187, "total": 441, "sequence": "leftgirlchecking", "query_frame": 827, "legal_actions": 4, "elapsed_seconds": 3338.773318693042}
{"completed": 188, "total": 441, "sequence": "easy_whiterignt2left", "query_frame": 368, "legal_actions": 2, "elapsed_seconds": 3365.5236802888103}
{"completed": 189, "total": 441, "sequence": "easy_whiterignt2left", "query_frame": 626, "legal_actions": 1, "elapsed_seconds": 3386.709564515855}
{"completed": 190, "total": 441, "sequence": "1whiteteacher", "query_frame": 810, "legal_actions": 2, "elapsed_seconds": 3451.149928939063}
{"completed": 191, "total": 441, "sequence": "right2nddrillmaster", "query_frame": 230, "legal_actions": 1, "elapsed_seconds": 3470.1911620800383}
{"completed": 192, "total": 441, "sequence": "right2nddrillmaster", "query_frame": 249, "legal_actions": 5, "elapsed_seconds": 3479.7183633157983}
{"completed": 193, "total": 441, "sequence": "right2nddrillmaster", "query_frame": 405, "legal_actions": 2, "elapsed_seconds": 3495.2069026441313}
{"completed": 194, "total": 441, "sequence": "besom5-sq", "query_frame": 46, "legal_actions": 4, "elapsed_seconds": 3503.6944575887173}
{"completed": 195, "total": 441, "sequence": "besom5-sq", "query_frame": 569, "legal_actions": 4, "elapsed_seconds": 3543.6269458997995}
{"completed": 196, "total": 441, "sequence": "left4throwboy", "query_frame": 49, "legal_actions": 4, "elapsed_seconds": 3552.597944342997}
{"completed": 197, "total": 441, "sequence": "left4throwboy", "query_frame": 88, "legal_actions": 3, "elapsed_seconds": 3559.9352056877688}
{"completed": 198, "total": 441, "sequence": "left4throwboy", "query_frame": 154, "legal_actions": 3, "elapsed_seconds": 3570.763319842983}
{"completed": 199, "total": 441, "sequence": "left4throwboy", "query_frame": 178, "legal_actions": 3, "elapsed_seconds": 3578.010328080971}
{"completed": 200, "total": 441, "sequence": "girl`sheadoncall", "query_frame": 97, "legal_actions": 5, "elapsed_seconds": 3591.731905385852}
{"completed": 201, "total": 441, "sequence": "girl`sheadoncall", "query_frame": 233, "legal_actions": 3, "elapsed_seconds": 3606.7688462417573}
{"completed": 202, "total": 441, "sequence": "girl`sheadoncall", "query_frame": 329, "legal_actions": 3, "elapsed_seconds": 3622.1662137480453}
{"completed": 203, "total": 441, "sequence": "rightholdball1096", "query_frame": 692, "legal_actions": 4, "elapsed_seconds": 3652.8207109887153}
{"completed": 204, "total": 441, "sequence": "abreastinnerboy", "query_frame": 90, "legal_actions": 3, "elapsed_seconds": 3666.1850366457365}
{"completed": 205, "total": 441, "sequence": "abreastinnerboy", "query_frame": 202, "legal_actions": 3, "elapsed_seconds": 3681.7312403968535}
{"completed": 206, "total": 441, "sequence": "abreastinnerboy", "query_frame": 290, "legal_actions": 1, "elapsed_seconds": 3690.4810070320964}
{"completed": 207, "total": 441, "sequence": "boyinsnowfield2", "query_frame": 658, "legal_actions": 1, "elapsed_seconds": 3738.153151093051}
{"completed": 208, "total": 441, "sequence": "whiteshoesleftbottle-gai", "query_frame": 411, "legal_actions": 1, "elapsed_seconds": 3770.8363769357093}
{"completed": 209, "total": 441, "sequence": "whiteshoesleftbottle-gai", "query_frame": 456, "legal_actions": 5, "elapsed_seconds": 3779.770972101949}
{"completed": 210, "total": 441, "sequence": "whiteaftertree", "query_frame": 5, "legal_actions": 3, "elapsed_seconds": 3783.735455750022}
{"completed": 211, "total": 441, "sequence": "whiteaftertree", "query_frame": 103, "legal_actions": 5, "elapsed_seconds": 3796.8084659688175}
{"completed": 212, "total": 441, "sequence": "whiteaftertree", "query_frame": 246, "legal_actions": 5, "elapsed_seconds": 3811.9648285671137}
{"completed": 213, "total": 441, "sequence": "AQmanfromdarktrees", "query_frame": 165, "legal_actions": 3, "elapsed_seconds": 3822.104975783732}
{"completed": 214, "total": 441, "sequence": "AQmanfromdarktrees", "query_frame": 225, "legal_actions": 3, "elapsed_seconds": 3829.0541248940863}
{"completed": 215, "total": 441, "sequence": "AQmanfromdarktrees", "query_frame": 228, "legal_actions": 3, "elapsed_seconds": 3832.116904750932}
{"completed": 216, "total": 441, "sequence": "left_two_0109", "query_frame": 132, "legal_actions": 1, "elapsed_seconds": 3842.721996224951}
{"completed": 217, "total": 441, "sequence": "left_two_0109", "query_frame": 414, "legal_actions": 5, "elapsed_seconds": 3866.273925038986}
{"completed": 218, "total": 441, "sequence": "the4thboy", "query_frame": 180, "legal_actions": 3, "elapsed_seconds": 3883.8061139928177}
{"completed": 219, "total": 441, "sequence": "the4thboy", "query_frame": 195, "legal_actions": 3, "elapsed_seconds": 3890.0228391257115}
{"completed": 220, "total": 441, "sequence": "the4thboy", "query_frame": 208, "legal_actions": 5, "elapsed_seconds": 3898.789049141109}
{"completed": 221, "total": 441, "sequence": "blkbikefromnorth", "query_frame": 47, "legal_actions": 3, "elapsed_seconds": 3903.8083555987105}
{"completed": 222, "total": 441, "sequence": "blkbikefromnorth", "query_frame": 50, "legal_actions": 3, "elapsed_seconds": 3906.8163320268504}
{"completed": 223, "total": 441, "sequence": "blkbikefromnorth", "query_frame": 182, "legal_actions": 2, "elapsed_seconds": 3915.111325435806}
{"completed": 224, "total": 441, "sequence": "stronggirl", "query_frame": 134, "legal_actions": 3, "elapsed_seconds": 3924.9527431931347}
{"completed": 225, "total": 441, "sequence": "stronggirl", "query_frame": 173, "legal_actions": 3, "elapsed_seconds": 3930.586154330056}
{"completed": 226, "total": 441, "sequence": "stronggirl", "query_frame": 175, "legal_actions": 3, "elapsed_seconds": 3933.9656301457435}
{"completed": 227, "total": 441, "sequence": "blkboywillstand", "query_frame": 90, "legal_actions": 2, "elapsed_seconds": 3943.17147451872}
{"completed": 228, "total": 441, "sequence": "blkboywillstand", "query_frame": 126, "legal_actions": 4, "elapsed_seconds": 3949.6848109979182}
{"completed": 229, "total": 441, "sequence": "blkboywillstand", "query_frame": 157, "legal_actions": 2, "elapsed_seconds": 3954.2643611649983}
{"completed": 230, "total": 441, "sequence": "ninboy-gai", "query_frame": 526, "legal_actions": 2, "elapsed_seconds": 3991.6456588907167}
{"completed": 231, "total": 441, "sequence": "nightrightboy1", "query_frame": 514, "legal_actions": 1, "elapsed_seconds": 4023.8037718529813}
{"completed": 232, "total": 441, "sequence": "shotmaker", "query_frame": 506, "legal_actions": 1, "elapsed_seconds": 4060.68699695915}
{"completed": 233, "total": 441, "sequence": "leftblkboy648", "query_frame": 206, "legal_actions": 3, "elapsed_seconds": 4075.1085155378096}
{"completed": 234, "total": 441, "sequence": "leftblkboy648", "query_frame": 308, "legal_actions": 3, "elapsed_seconds": 4083.661544932984}
{"completed": 235, "total": 441, "sequence": "boywalkinginsnow3", "query_frame": 488, "legal_actions": 4, "elapsed_seconds": 4122.576331431046}
{"completed": 236, "total": 441, "sequence": "2boysbesidesblkcar", "query_frame": 162, "legal_actions": 3, "elapsed_seconds": 4133.697335879784}
{"completed": 237, "total": 441, "sequence": "2boysbesidesblkcar", "query_frame": 287, "legal_actions": 3, "elapsed_seconds": 4143.043926332146}
{"completed": 238, "total": 441, "sequence": "yellowgirlwithbowl", "query_frame": 56, "legal_actions": 4, "elapsed_seconds": 4150.778952343855}
{"completed": 239, "total": 441, "sequence": "yellowgirlwithbowl", "query_frame": 282, "legal_actions": 4, "elapsed_seconds": 4168.652068243828}
{"completed": 240, "total": 441, "sequence": "twoperson_1202", "query_frame": 11, "legal_actions": 2, "elapsed_seconds": 4171.992895125877}
{"completed": 241, "total": 441, "sequence": "twoperson_1202", "query_frame": 261, "legal_actions": 3, "elapsed_seconds": 4191.195335397031}
{"completed": 242, "total": 441, "sequence": "boywithblkbackpack", "query_frame": 451, "legal_actions": 1, "elapsed_seconds": 4213.386956310831}
{"completed": 243, "total": 441, "sequence": "ab_rightmirror", "query_frame": 172, "legal_actions": 3, "elapsed_seconds": 4225.377215669025}
{"completed": 244, "total": 441, "sequence": "ab_rightmirror", "query_frame": 241, "legal_actions": 2, "elapsed_seconds": 4230.917991566006}
{"completed": 245, "total": 441, "sequence": "7rightblueboy", "query_frame": 155, "legal_actions": 4, "elapsed_seconds": 4245.539130933117}
{"completed": 246, "total": 441, "sequence": "7rightblueboy", "query_frame": 239, "legal_actions": 3, "elapsed_seconds": 4254.5626593478955}
{"completed": 247, "total": 441, "sequence": "rightboy479", "query_frame": 422, "legal_actions": 1, "elapsed_seconds": 4285.686390771065}
{"completed": 248, "total": 441, "sequence": "peoplefromright_0109", "query_frame": 410, "legal_actions": 3, "elapsed_seconds": 4312.778462771792}
{"completed": 249, "total": 441, "sequence": "nearstrongboy", "query_frame": 400, "legal_actions": 4, "elapsed_seconds": 4343.510458981153}
{"completed": 250, "total": 441, "sequence": "blkboywithblkbag", "query_frame": 25, "legal_actions": 3, "elapsed_seconds": 4347.852275719866}
{"completed": 251, "total": 441, "sequence": "blkboywithblkbag", "query_frame": 198, "legal_actions": 2, "elapsed_seconds": 4359.915562110022}
{"completed": 252, "total": 441, "sequence": "boy", "query_frame": 139, "legal_actions": 2, "elapsed_seconds": 4371.412665772717}
{"completed": 253, "total": 441, "sequence": "boy", "query_frame": 194, "legal_actions": 4, "elapsed_seconds": 4379.319840756711}
{"completed": 254, "total": 441, "sequence": "rightshiningmirror", "query_frame": 377, "legal_actions": 1, "elapsed_seconds": 4394.348045611754}
{"completed": 255, "total": 441, "sequence": "4thgirl", "query_frame": 132, "legal_actions": 3, "elapsed_seconds": 4405.229058792815}
{"completed": 256, "total": 441, "sequence": "4thgirl", "query_frame": 178, "legal_actions": 1, "elapsed_seconds": 4409.545080704149}
{"completed": 257, "total": 441, "sequence": "blacktallman", "query_frame": 108, "legal_actions": 4, "elapsed_seconds": 4419.421145671047}
{"completed": 258, "total": 441, "sequence": "blacktallman", "query_frame": 174, "legal_actions": 3, "elapsed_seconds": 4426.255667924881}
{"completed": 259, "total": 441, "sequence": "biked", "query_frame": 356, "legal_actions": 3, "elapsed_seconds": 4447.323615798727}
{"completed": 260, "total": 441, "sequence": "blackdresswithwhitefar", "query_frame": 350, "legal_actions": 3, "elapsed_seconds": 4469.21244308399}
{"completed": 261, "total": 441, "sequence": "boyshead", "query_frame": 343, "legal_actions": 1, "elapsed_seconds": 4487.269441655837}
{"completed": 262, "total": 441, "sequence": "rightgreenboy", "query_frame": 118, "legal_actions": 3, "elapsed_seconds": 4499.551584651694}
{"completed": 263, "total": 441, "sequence": "rightgreenboy", "query_frame": 145, "legal_actions": 5, "elapsed_seconds": 4508.911815176718}
{"completed": 264, "total": 441, "sequence": "blueboycome", "query_frame": 327, "legal_actions": 4, "elapsed_seconds": 4529.099877560046}
{"completed": 265, "total": 441, "sequence": "whiteaftertrees", "query_frame": 324, "legal_actions": 3, "elapsed_seconds": 4546.719733162783}
{"completed": 266, "total": 441, "sequence": "stripeman", "query_frame": 319, "legal_actions": 4, "elapsed_seconds": 4561.240793524776}
{"completed": 267, "total": 441, "sequence": "10phone_boy", "query_frame": 312, "legal_actions": 2, "elapsed_seconds": 4586.949350639712}
{"completed": 268, "total": 441, "sequence": "bluemoto", "query_frame": 47, "legal_actions": 2, "elapsed_seconds": 4591.185805765912}
{"completed": 269, "total": 441, "sequence": "bluemoto", "query_frame": 116, "legal_actions": 3, "elapsed_seconds": 4597.604725418147}
{"completed": 270, "total": 441, "sequence": "besom2-gai", "query_frame": 302, "legal_actions": 1, "elapsed_seconds": 4618.995147311129}
{"completed": 271, "total": 441, "sequence": "maninfrontofbus", "query_frame": 18, "legal_actions": 5, "elapsed_seconds": 4627.229559233878}
{"completed": 272, "total": 441, "sequence": "maninfrontofbus", "query_frame": 106, "legal_actions": 1, "elapsed_seconds": 4632.455973487813}
{"completed": 273, "total": 441, "sequence": "boyturn", "query_frame": 70, "legal_actions": 3, "elapsed_seconds": 4638.8890148587525}
{"completed": 274, "total": 441, "sequence": "boyturn", "query_frame": 104, "legal_actions": 3, "elapsed_seconds": 4643.56548542995}
{"completed": 275, "total": 441, "sequence": "AQblkgirlbike", "query_frame": 22, "legal_actions": 3, "elapsed_seconds": 4650.047385714017}
{"completed": 276, "total": 441, "sequence": "AQblkgirlbike", "query_frame": 95, "legal_actions": 3, "elapsed_seconds": 4656.877087477129}
{"completed": 277, "total": 441, "sequence": "midboy", "query_frame": 84, "legal_actions": 1, "elapsed_seconds": 4662.148555841763}
{"completed": 278, "total": 441, "sequence": "midboy", "query_frame": 87, "legal_actions": 3, "elapsed_seconds": 4665.1508601959795}
{"completed": 279, "total": 441, "sequence": "drillmaster", "query_frame": 275, "legal_actions": 2, "elapsed_seconds": 4684.807838678826}
{"completed": 280, "total": 441, "sequence": "left2flagfornews", "query_frame": 270, "legal_actions": 2, "elapsed_seconds": 4706.806514367927}
{"completed": 281, "total": 441, "sequence": "ab_pingpongball", "query_frame": 47, "legal_actions": 1, "elapsed_seconds": 4711.398482108954}
{"completed": 282, "total": 441, "sequence": "ab_pingpongball", "query_frame": 74, "legal_actions": 3, "elapsed_seconds": 4718.618661486078}
{"completed": 283, "total": 441, "sequence": "whitegirl_0115", "query_frame": 262, "legal_actions": 2, "elapsed_seconds": 4738.136440119706}
{"completed": 284, "total": 441, "sequence": "girlwithredhat", "query_frame": 258, "legal_actions": 2, "elapsed_seconds": 4750.23303384101}
{"completed": 285, "total": 441, "sequence": "bluegirlcoming", "query_frame": 23, "legal_actions": 2, "elapsed_seconds": 4754.358889020048}
{"completed": 286, "total": 441, "sequence": "bluegirlcoming", "query_frame": 61, "legal_actions": 3, "elapsed_seconds": 4760.326388636138}
{"completed": 287, "total": 441, "sequence": "schoolofeconomics-yxb", "query_frame": 244, "legal_actions": 2, "elapsed_seconds": 4782.714642514009}
{"completed": 288, "total": 441, "sequence": "redgirlafterwhitecar", "query_frame": 239, "legal_actions": 3, "elapsed_seconds": 4802.537873745896}
{"completed": 289, "total": 441, "sequence": "redup", "query_frame": 34, "legal_actions": 3, "elapsed_seconds": 4807.600978069007}
{"completed": 290, "total": 441, "sequence": "redup", "query_frame": 41, "legal_actions": 3, "elapsed_seconds": 4810.939970043022}
{"completed": 291, "total": 441, "sequence": "girlblack", "query_frame": 231, "legal_actions": 2, "elapsed_seconds": 4820.403365837876}
{"completed": 292, "total": 441, "sequence": "5manwakeright", "query_frame": 225, "legal_actions": 2, "elapsed_seconds": 4837.1310687051155}
{"completed": 293, "total": 441, "sequence": "rightgirlatbike", "query_frame": 216, "legal_actions": 4, "elapsed_seconds": 4852.736696947832}
{"completed": 294, "total": 441, "sequence": "dogforward", "query_frame": 214, "legal_actions": 2, "elapsed_seconds": 4869.427314939909}
{"completed": 295, "total": 441, "sequence": "boywalkinginsnow", "query_frame": 209, "legal_actions": 2, "elapsed_seconds": 4885.851905059069}
{"completed": 296, "total": 441, "sequence": "2boysup", "query_frame": 7, "legal_actions": 1, "elapsed_seconds": 4887.7864842237905}
{"completed": 297, "total": 441, "sequence": "2boysup", "query_frame": 10, "legal_actions": 5, "elapsed_seconds": 4893.287137980107}
{"completed": 298, "total": 441, "sequence": "blackboy256", "query_frame": 198, "legal_actions": 3, "elapsed_seconds": 4902.652268963866}
{"completed": 299, "total": 441, "sequence": "whitecarturnright248", "query_frame": 196, "legal_actions": 2, "elapsed_seconds": 4915.300984817091}
{"completed": 300, "total": 441, "sequence": "blkgirlfromcolumn1_quezhen", "query_frame": 191, "legal_actions": 2, "elapsed_seconds": 4928.265477959067}
{"completed": 301, "total": 441, "sequence": "whitacatfrombush", "query_frame": 191, "legal_actions": 4, "elapsed_seconds": 4945.129467407707}
{"completed": 302, "total": 441, "sequence": "pickuptheyellowbook", "query_frame": 181, "legal_actions": 3, "elapsed_seconds": 4962.7821975797415}
{"completed": 303, "total": 441, "sequence": "left_first_0109", "query_frame": 180, "legal_actions": 3, "elapsed_seconds": 4978.397607494146}
{"completed": 304, "total": 441, "sequence": "5two", "query_frame": 172, "legal_actions": 3, "elapsed_seconds": 4991.359851164743}
{"completed": 305, "total": 441, "sequence": "2runfive", "query_frame": 165, "legal_actions": 3, "elapsed_seconds": 5009.137040591799}
{"completed": 306, "total": 441, "sequence": "camera_1202", "query_frame": 165, "legal_actions": 4, "elapsed_seconds": 5021.791757995728}
{"completed": 307, "total": 441, "sequence": "tallboyblack", "query_frame": 165, "legal_actions": 4, "elapsed_seconds": 5031.101592228748}
{"completed": 308, "total": 441, "sequence": "blkboy198", "query_frame": 160, "legal_actions": 1, "elapsed_seconds": 5038.935285248794}
{"completed": 309, "total": 441, "sequence": "singleboywalking", "query_frame": 156, "legal_actions": 3, "elapsed_seconds": 5053.7748647728}
{"completed": 310, "total": 441, "sequence": "boybehindtrees2", "query_frame": 154, "legal_actions": 1, "elapsed_seconds": 5063.014666170813}
{"completed": 311, "total": 441, "sequence": "blkgirlfat_quezhen", "query_frame": 152, "legal_actions": 2, "elapsed_seconds": 5076.151302455924}
{"completed": 312, "total": 441, "sequence": "blueboybike", "query_frame": 151, "legal_actions": 4, "elapsed_seconds": 5084.6930852988735}
{"completed": 313, "total": 441, "sequence": "rightblkboybesidesred", "query_frame": 149, "legal_actions": 3, "elapsed_seconds": 5101.279249113053}
{"completed": 314, "total": 441, "sequence": "unbrellainbike", "query_frame": 148, "legal_actions": 2, "elapsed_seconds": 5107.893666839693}
{"completed": 315, "total": 441, "sequence": "blackboy186", "query_frame": 144, "legal_actions": 2, "elapsed_seconds": 5117.104392841924}
{"completed": 316, "total": 441, "sequence": "umbrellabikegirl", "query_frame": 142, "legal_actions": 1, "elapsed_seconds": 5125.638384791091}
{"completed": 317, "total": 441, "sequence": "treeboy", "query_frame": 140, "legal_actions": 3, "elapsed_seconds": 5135.201790435705}
{"completed": 318, "total": 441, "sequence": "pinkgirl285", "query_frame": 135, "legal_actions": 4, "elapsed_seconds": 5144.569756627083}
{"completed": 319, "total": 441, "sequence": "boy_0109", "query_frame": 134, "legal_actions": 2, "elapsed_seconds": 5155.102805024013}
{"completed": 320, "total": 441, "sequence": "rightboy`shead", "query_frame": 132, "legal_actions": 3, "elapsed_seconds": 5163.230349943973}
{"completed": 321, "total": 441, "sequence": "whitebikebehind172", "query_frame": 128, "legal_actions": 4, "elapsed_seconds": 5172.964948324952}
{"completed": 322, "total": 441, "sequence": "Awhiteleftbike", "query_frame": 127, "legal_actions": 4, "elapsed_seconds": 5182.826075572986}
{"completed": 323, "total": 441, "sequence": "motocoming", "query_frame": 124, "legal_actions": 4, "elapsed_seconds": 5191.489001044072}
{"completed": 324, "total": 441, "sequence": "agirl", "query_frame": 120, "legal_actions": 3, "elapsed_seconds": 5199.57385121705}
{"completed": 325, "total": 441, "sequence": "comebike", "query_frame": 119, "legal_actions": 4, "elapsed_seconds": 5206.980297777802}
{"completed": 326, "total": 441, "sequence": "bikeboycome", "query_frame": 117, "legal_actions": 3, "elapsed_seconds": 5216.280141722877}
{"completed": 327, "total": 441, "sequence": "bluegirlriding", "query_frame": 116, "legal_actions": 2, "elapsed_seconds": 5225.354939894751}
{"completed": 328, "total": 441, "sequence": "bikecoming176", "query_frame": 113, "legal_actions": 2, "elapsed_seconds": 5231.751863635145}
{"completed": 329, "total": 441, "sequence": "Ahercarstart", "query_frame": 112, "legal_actions": 4, "elapsed_seconds": 5241.337082652841}
{"completed": 330, "total": 441, "sequence": "basketman", "query_frame": 110, "legal_actions": 4, "elapsed_seconds": 5252.358430828899}
{"completed": 331, "total": 441, "sequence": "whitegirl", "query_frame": 109, "legal_actions": 2, "elapsed_seconds": 5263.384758746717}
{"completed": 332, "total": 441, "sequence": "ab_redboyatbike", "query_frame": 103, "legal_actions": 3, "elapsed_seconds": 5274.498677270953}
{"completed": 333, "total": 441, "sequence": "blackcarturn183", "query_frame": 103, "legal_actions": 2, "elapsed_seconds": 5281.2357863648795}
{"completed": 334, "total": 441, "sequence": "car2north", "query_frame": 102, "legal_actions": 2, "elapsed_seconds": 5288.464046643116}
{"completed": 335, "total": 441, "sequence": "blkboylefttheredbagboy", "query_frame": 98, "legal_actions": 4, "elapsed_seconds": 5300.14294079598}
{"completed": 336, "total": 441, "sequence": "boyridesbesidesgirl", "query_frame": 98, "legal_actions": 4, "elapsed_seconds": 5309.449371430092}
{"completed": 337, "total": 441, "sequence": "boycome", "query_frame": 97, "legal_actions": 2, "elapsed_seconds": 5315.906447424088}
{"completed": 338, "total": 441, "sequence": "Aboydownbike", "query_frame": 96, "legal_actions": 2, "elapsed_seconds": 5320.896856546868}
{"completed": 339, "total": 441, "sequence": "blkcargo", "query_frame": 94, "legal_actions": 3, "elapsed_seconds": 5328.7225305130705}
{"completed": 340, "total": 441, "sequence": "ab_bikeboycoming", "query_frame": 93, "legal_actions": 3, "elapsed_seconds": 5337.168497312814}
{"completed": 341, "total": 441, "sequence": "truckcoming", "query_frame": 92, "legal_actions": 2, "elapsed_seconds": 5344.604692400899}
{"completed": 342, "total": 441, "sequence": "boyrightrubbish", "query_frame": 90, "legal_actions": 2, "elapsed_seconds": 5350.34900161298}
{"completed": 343, "total": 441, "sequence": "manupstairs", "query_frame": 89, "legal_actions": 4, "elapsed_seconds": 5360.151896181051}
{"completed": 344, "total": 441, "sequence": "motocome122", "query_frame": 88, "legal_actions": 2, "elapsed_seconds": 5365.925515695941}
{"completed": 345, "total": 441, "sequence": "farwhiteboy", "query_frame": 87, "legal_actions": 3, "elapsed_seconds": 5373.235136644915}
{"completed": 346, "total": 441, "sequence": "biketonorth", "query_frame": 85, "legal_actions": 1, "elapsed_seconds": 5378.72309072502}
{"completed": 347, "total": 441, "sequence": "pinkgirl", "query_frame": 85, "legal_actions": 4, "elapsed_seconds": 5387.356546336785}
{"completed": 348, "total": 441, "sequence": "sisterswithbags", "query_frame": 83, "legal_actions": 4, "elapsed_seconds": 5396.109116646927}
{"completed": 349, "total": 441, "sequence": "manwait1", "query_frame": 82, "legal_actions": 3, "elapsed_seconds": 5402.916811067145}
{"completed": 350, "total": 441, "sequence": "moto2", "query_frame": 81, "legal_actions": 4, "elapsed_seconds": 5411.285053759813}
{"completed": 351, "total": 441, "sequence": "ab_shorthairgirlbike", "query_frame": 80, "legal_actions": 3, "elapsed_seconds": 5418.380623436067}
{"completed": 352, "total": 441, "sequence": "3bike2", "query_frame": 78, "legal_actions": 3, "elapsed_seconds": 5425.260556823108}
{"completed": 353, "total": 441, "sequence": "redboywithblkumbrella", "query_frame": 78, "legal_actions": 2, "elapsed_seconds": 5430.5925059961155}
{"completed": 354, "total": 441, "sequence": "boymototakesgirl", "query_frame": 75, "legal_actions": 3, "elapsed_seconds": 5437.465152232908}
{"completed": 355, "total": 441, "sequence": "truckwhite", "query_frame": 74, "legal_actions": 4, "elapsed_seconds": 5445.415311224759}
{"completed": 356, "total": 441, "sequence": "skirtwoman", "query_frame": 73, "legal_actions": 2, "elapsed_seconds": 5451.007891312707}
{"completed": 357, "total": 441, "sequence": "blkboyatbike", "query_frame": 72, "legal_actions": 3, "elapsed_seconds": 5457.213615189772}
{"completed": 358, "total": 441, "sequence": "ab_motocometurn", "query_frame": 72, "legal_actions": 2, "elapsed_seconds": 5461.433807707857}
{"completed": 359, "total": 441, "sequence": "trimototurn", "query_frame": 70, "legal_actions": 4, "elapsed_seconds": 5468.796323619783}
{"completed": 360, "total": 441, "sequence": "e-tricycle", "query_frame": 69, "legal_actions": 4, "elapsed_seconds": 5476.202939678915}
{"completed": 361, "total": 441, "sequence": "easy_4women", "query_frame": 68, "legal_actions": 3, "elapsed_seconds": 5481.004611989018}
{"completed": 362, "total": 441, "sequence": "boybesidesblkcarrunning", "query_frame": 65, "legal_actions": 1, "elapsed_seconds": 5485.432284928858}
{"completed": 363, "total": 441, "sequence": "leftblkboy", "query_frame": 65, "legal_actions": 2, "elapsed_seconds": 5492.653319002129}
{"completed": 364, "total": 441, "sequence": "2ndbus", "query_frame": 63, "legal_actions": 4, "elapsed_seconds": 5499.732438038103}
{"completed": 365, "total": 441, "sequence": "blueumbrellagirl", "query_frame": 63, "legal_actions": 4, "elapsed_seconds": 5506.370085461065}
{"completed": 366, "total": 441, "sequence": "leftboy", "query_frame": 62, "legal_actions": 4, "elapsed_seconds": 5513.218872440048}
{"completed": 367, "total": 441, "sequence": "blkcarinrain107", "query_frame": 60, "legal_actions": 2, "elapsed_seconds": 5518.946322117001}
{"completed": 368, "total": 441, "sequence": "minibuscome", "query_frame": 60, "legal_actions": 2, "elapsed_seconds": 5524.401842596009}
{"completed": 369, "total": 441, "sequence": "rightblkboy2", "query_frame": 59, "legal_actions": 2, "elapsed_seconds": 5530.151603283826}
{"completed": 370, "total": 441, "sequence": "bikeboyleft", "query_frame": 57, "legal_actions": 2, "elapsed_seconds": 5534.308370476123}
{"completed": 371, "total": 441, "sequence": "blkbikecomes", "query_frame": 57, "legal_actions": 4, "elapsed_seconds": 5539.797186260112}
{"completed": 372, "total": 441, "sequence": "lastgirl-qzc", "query_frame": 56, "legal_actions": 2, "elapsed_seconds": 5545.514047374949}
{"completed": 373, "total": 441, "sequence": "motocometurn", "query_frame": 54, "legal_actions": 2, "elapsed_seconds": 5550.447688848712}
{"completed": 374, "total": 441, "sequence": "Awoman2openthecardoor", "query_frame": 52, "legal_actions": 3, "elapsed_seconds": 5558.483334812801}
{"completed": 375, "total": 441, "sequence": "bikeblkturn", "query_frame": 52, "legal_actions": 2, "elapsed_seconds": 5563.887144277804}
{"completed": 376, "total": 441, "sequence": "basketboywhite", "query_frame": 50, "legal_actions": 4, "elapsed_seconds": 5570.5372283300385}
{"completed": 377, "total": 441, "sequence": "stubesideswhitecar", "query_frame": 50, "legal_actions": 1, "elapsed_seconds": 5573.596673022956}
{"completed": 378, "total": 441, "sequence": "blkridesbike", "query_frame": 48, "legal_actions": 2, "elapsed_seconds": 5577.832948600873}
{"completed": 379, "total": 441, "sequence": "elegirl", "query_frame": 48, "legal_actions": 2, "elapsed_seconds": 5583.854176661931}
{"completed": 380, "total": 441, "sequence": "AQwhitetruck", "query_frame": 47, "legal_actions": 4, "elapsed_seconds": 5589.594479622785}
{"completed": 381, "total": 441, "sequence": "mototurn102", "query_frame": 45, "legal_actions": 2, "elapsed_seconds": 5593.876278555952}
{"completed": 382, "total": 441, "sequence": "bike2trees86", "query_frame": 44, "legal_actions": 1, "elapsed_seconds": 5597.071259769145}
{"completed": 383, "total": 441, "sequence": "pinkbikeboy", "query_frame": 44, "legal_actions": 3, "elapsed_seconds": 5602.385044488125}
{"completed": 384, "total": 441, "sequence": "bikeboy173", "query_frame": 42, "legal_actions": 2, "elapsed_seconds": 5606.512262464035}
{"completed": 385, "total": 441, "sequence": "truckk", "query_frame": 42, "legal_actions": 2, "elapsed_seconds": 5610.958112257998}
{"completed": 386, "total": 441, "sequence": "blackof4bikes", "query_frame": 41, "legal_actions": 4, "elapsed_seconds": 5616.371390974149}
{"completed": 387, "total": 441, "sequence": "bluecar", "query_frame": 40, "legal_actions": 2, "elapsed_seconds": 5620.138521451037}
{"completed": 388, "total": 441, "sequence": "womanaroundcar", "query_frame": 40, "legal_actions": 2, "elapsed_seconds": 5624.252795747947}
{"completed": 389, "total": 441, "sequence": "rainysuitcase", "query_frame": 39, "legal_actions": 2, "elapsed_seconds": 5628.457503231708}
{"completed": 390, "total": 441, "sequence": "blkcarcome115", "query_frame": 38, "legal_actions": 4, "elapsed_seconds": 5633.721286091022}
{"completed": 391, "total": 441, "sequence": "whitecargo", "query_frame": 38, "legal_actions": 2, "elapsed_seconds": 5637.787829420064}
{"completed": 392, "total": 441, "sequence": "boyblackback", "query_frame": 37, "legal_actions": 2, "elapsed_seconds": 5641.985555585939}
{"completed": 393, "total": 441, "sequence": "7runtwo", "query_frame": 36, "legal_actions": 1, "elapsed_seconds": 5645.788482415024}
{"completed": 394, "total": 441, "sequence": "girlwithumbrella", "query_frame": 36, "legal_actions": 3, "elapsed_seconds": 5650.7606869461015}
{"completed": 395, "total": 441, "sequence": "boywithumbrella", "query_frame": 33, "legal_actions": 2, "elapsed_seconds": 5655.238584773149}
{"completed": 396, "total": 441, "sequence": "blkcarfollowingwhite", "query_frame": 33, "legal_actions": 2, "elapsed_seconds": 5658.262830248103}
{"completed": 397, "total": 441, "sequence": "browncar2east", "query_frame": 32, "legal_actions": 4, "elapsed_seconds": 5663.8869968969375}
{"completed": 398, "total": 441, "sequence": "ab_mototurn", "query_frame": 32, "legal_actions": 4, "elapsed_seconds": 5668.770196062047}
{"completed": 399, "total": 441, "sequence": "blkboybike", "query_frame": 31, "legal_actions": 2, "elapsed_seconds": 5672.020208447706}
{"completed": 400, "total": 441, "sequence": "bus", "query_frame": 30, "legal_actions": 2, "elapsed_seconds": 5675.7760767526925}
{"completed": 401, "total": 441, "sequence": "whitecarback", "query_frame": 30, "legal_actions": 2, "elapsed_seconds": 5679.138854161836}
{"completed": 402, "total": 441, "sequence": "leftgirlafterlamppost", "query_frame": 29, "legal_actions": 2, "elapsed_seconds": 5683.089011666831}
{"completed": 403, "total": 441, "sequence": "agirl1_1202", "query_frame": 28, "legal_actions": 2, "elapsed_seconds": 5686.779913846869}
{"completed": 404, "total": 441, "sequence": "blueboyopenbike", "query_frame": 28, "legal_actions": 4, "elapsed_seconds": 5692.027853799984}
{"completed": 405, "total": 441, "sequence": "2runtwo", "query_frame": 27, "legal_actions": 2, "elapsed_seconds": 5696.041183169931}
{"completed": 406, "total": 441, "sequence": "carcomeonlight2", "query_frame": 27, "legal_actions": 2, "elapsed_seconds": 5698.770212071948}
{"completed": 407, "total": 441, "sequence": "biketurnleft2", "query_frame": 25, "legal_actions": 2, "elapsed_seconds": 5702.148715883959}
{"completed": 408, "total": 441, "sequence": "girltakebag", "query_frame": 25, "legal_actions": 3, "elapsed_seconds": 5706.981934064068}
{"completed": 409, "total": 441, "sequence": "whitecarafterbike", "query_frame": 25, "legal_actions": 2, "elapsed_seconds": 5709.708723803051}
{"completed": 410, "total": 441, "sequence": "whitecarleave", "query_frame": 24, "legal_actions": 2, "elapsed_seconds": 5713.473654133733}
{"completed": 411, "total": 441, "sequence": "boyrunning", "query_frame": 23, "legal_actions": 1, "elapsed_seconds": 5716.444039386697}
{"completed": 412, "total": 441, "sequence": "manrun", "query_frame": 23, "legal_actions": 2, "elapsed_seconds": 5720.475850085728}
{"completed": 413, "total": 441, "sequence": "AQwhiteminibus", "query_frame": 22, "legal_actions": 4, "elapsed_seconds": 5725.4956161049195}
{"completed": 414, "total": 441, "sequence": "meituanbike2", "query_frame": 21, "legal_actions": 2, "elapsed_seconds": 5728.985132867005}
{"completed": 415, "total": 441, "sequence": "manatmoto", "query_frame": 20, "legal_actions": 3, "elapsed_seconds": 5733.156663972884}
{"completed": 416, "total": 441, "sequence": "girlbike", "query_frame": 20, "legal_actions": 3, "elapsed_seconds": 5736.587260296103}
{"completed": 417, "total": 441, "sequence": "blkbagontheleftgirl", "query_frame": 18, "legal_actions": 2, "elapsed_seconds": 5740.252181593794}
{"completed": 418, "total": 441, "sequence": "motowithtopcoming", "query_frame": 18, "legal_actions": 2, "elapsed_seconds": 5744.038895112928}
{"completed": 419, "total": 441, "sequence": "AQmotomove", "query_frame": 16, "legal_actions": 2, "elapsed_seconds": 5747.316515556071}
{"completed": 420, "total": 441, "sequence": "Amotowithbluetop", "query_frame": 16, "legal_actions": 4, "elapsed_seconds": 5752.174129812978}
{"completed": 421, "total": 441, "sequence": "blackcarcoming", "query_frame": 15, "legal_actions": 2, "elapsed_seconds": 5755.245724585839}
{"completed": 422, "total": 441, "sequence": "openningumbrella", "query_frame": 15, "legal_actions": 3, "elapsed_seconds": 5759.272725321818}
{"completed": 423, "total": 441, "sequence": "Ablkboybike77", "query_frame": 14, "legal_actions": 4, "elapsed_seconds": 5763.841731625143}
{"completed": 424, "total": 441, "sequence": "bluebike", "query_frame": 14, "legal_actions": 2, "elapsed_seconds": 5767.0713027520105}
{"completed": 425, "total": 441, "sequence": "motolight", "query_frame": 14, "legal_actions": 1, "elapsed_seconds": 5769.628810853697}
{"completed": 426, "total": 441, "sequence": "manaftercars", "query_frame": 13, "legal_actions": 2, "elapsed_seconds": 5773.312094605062}
{"completed": 427, "total": 441, "sequence": "whitecar2west", "query_frame": 13, "legal_actions": 2, "elapsed_seconds": 5776.096195928752}
{"completed": 428, "total": 441, "sequence": "AQgirlbiketurns", "query_frame": 11, "legal_actions": 4, "elapsed_seconds": 5780.323678392917}
{"completed": 429, "total": 441, "sequence": "mototurnleft", "query_frame": 11, "legal_actions": 3, "elapsed_seconds": 5784.062884517945}
{"completed": 430, "total": 441, "sequence": "minibusback", "query_frame": 10, "legal_actions": 4, "elapsed_seconds": 5788.759290819056}
{"completed": 431, "total": 441, "sequence": "waiterontheothersideofwindow", "query_frame": 8, "legal_actions": 1, "elapsed_seconds": 5790.5190891530365}
{"completed": 432, "total": 441, "sequence": "farwhitecarturn", "query_frame": 7, "legal_actions": 4, "elapsed_seconds": 5794.69605826214}
{"completed": 433, "total": 441, "sequence": "redminirtruck", "query_frame": 7, "legal_actions": 4, "elapsed_seconds": 5798.962348268833}
{"completed": 434, "total": 441, "sequence": "girlthroughtrees", "query_frame": 6, "legal_actions": 4, "elapsed_seconds": 5803.339996878058}
{"completed": 435, "total": 441, "sequence": "whitegirlwithumbrella", "query_frame": 6, "legal_actions": 3, "elapsed_seconds": 5806.9886269448325}
{"completed": 436, "total": 441, "sequence": "whitewoman", "query_frame": 5, "legal_actions": 2, "elapsed_seconds": 5809.393256175797}
{"completed": 437, "total": 441, "sequence": "farredcar", "query_frame": 4, "legal_actions": 3, "elapsed_seconds": 5812.77593088476}
{"completed": 438, "total": 441, "sequence": "mantoground", "query_frame": 3, "legal_actions": 2, "elapsed_seconds": 5815.067557597067}
{"completed": 439, "total": 441, "sequence": "whitecarinrain", "query_frame": 3, "legal_actions": 4, "elapsed_seconds": 5818.837214218918}
{"completed": 440, "total": 441, "sequence": "rightexercisebookwillfly", "query_frame": 2, "legal_actions": 2, "elapsed_seconds": 5821.2095746421255}
{"completed": 441, "total": 441, "sequence": "whitedown", "query_frame": 1, "legal_actions": 3, "elapsed_seconds": 5823.936609948985}
