/data/gb/envs/gola/lib/python3.10/site-packages/timm/models/layers/__init__.py:48: FutureWarning: Importing from timm.models.layers is deprecated, please import via timm.layers
  warnings.warn(f"Importing from {__name__} is deprecated, please import via timm.layers", FutureWarning)
/data/gb/GOLA/research/collect_rollouts.py:76: UserWarning: The given NumPy array is not writable, and PyTorch does not support non-writable tensors. This means writing to this tensor will result in undefined behavior. You may want to copy the array to protect its data or make it writable before converting it to a tensor. This type of warning will be suppressed for the rest of this program. (Triggered internally at ../torch/csrc/utils/tensor_numpy.cpp:206.)
  return float(box_iou(torch.from_numpy(box), torch.from_numpy(target)))
{"completed": 1, "total": 464, "sequence": "leftbroom", "query_frame": 108, "legal_actions": 3, "elapsed_seconds": 12.004247437696904}
{"completed": 2, "total": 464, "sequence": "leftbroom", "query_frame": 113, "legal_actions": 3, "elapsed_seconds": 15.547980647999793}
{"completed": 3, "total": 464, "sequence": "leftbroom", "query_frame": 118, "legal_actions": 3, "elapsed_seconds": 18.900069871917367}
{"completed": 4, "total": 464, "sequence": "leftbroom", "query_frame": 334, "legal_actions": 3, "elapsed_seconds": 38.25281299976632}
{"completed": 5, "total": 464, "sequence": "leftbroom", "query_frame": 348, "legal_actions": 1, "elapsed_seconds": 40.94525764277205}
{"completed": 6, "total": 464, "sequence": "leftbroom", "query_frame": 351, "legal_actions": 3, "elapsed_seconds": 44.822960515040904}
{"completed": 7, "total": 464, "sequence": "leftbroom", "query_frame": 756, "legal_actions": 3, "elapsed_seconds": 76.23790547298267}
{"completed": 8, "total": 464, "sequence": "leftbroom", "query_frame": 4246, "legal_actions": 3, "elapsed_seconds": 354.53893916588277}
{"completed": 9, "total": 464, "sequence": "ab_rightcupcoming_infwhite_quezhen", "query_frame": 5207, "legal_actions": 3, "elapsed_seconds": 546.6752967997454}
{"completed": 10, "total": 464, "sequence": "whiteboycome", "query_frame": 514, "legal_actions": 5, "elapsed_seconds": 576.0125737506896}
{"completed": 11, "total": 464, "sequence": "whiteboycome", "query_frame": 521, "legal_actions": 5, "elapsed_seconds": 582.6028642137535}
{"completed": 12, "total": 464, "sequence": "whiteboycome", "query_frame": 524, "legal_actions": 3, "elapsed_seconds": 586.3739063059911}
{"completed": 13, "total": 464, "sequence": "whiteboycome", "query_frame": 528, "legal_actions": 5, "elapsed_seconds": 592.2613904150203}
{"completed": 14, "total": 464, "sequence": "whiteboycome", "query_frame": 530, "legal_actions": 3, "elapsed_seconds": 595.7953431350179}
{"completed": 15, "total": 464, "sequence": "whiteboycome", "query_frame": 587, "legal_actions": 5, "elapsed_seconds": 604.9783530770801}
{"completed": 16, "total": 464, "sequence": "whiteboycome", "query_frame": 591, "legal_actions": 5, "elapsed_seconds": 611.0061137657613}
{"completed": 17, "total": 464, "sequence": "whiteboycome", "query_frame": 599, "legal_actions": 5, "elapsed_seconds": 617.0492326556705}
{"completed": 18, "total": 464, "sequence": "whiteboycome", "query_frame": 601, "legal_actions": 5, "elapsed_seconds": 622.4158545848913}
{"completed": 19, "total": 464, "sequence": "whiteboycome", "query_frame": 603, "legal_actions": 5, "elapsed_seconds": 627.7225390728563}
{"completed": 20, "total": 464, "sequence": "whiteboycome", "query_frame": 605, "legal_actions": 5, "elapsed_seconds": 632.8845264520496}
{"completed": 21, "total": 464, "sequence": "whiteboycome", "query_frame": 608, "legal_actions": 5, "elapsed_seconds": 638.1874833288603}
{"completed": 22, "total": 464, "sequence": "whiteboycome", "query_frame": 619, "legal_actions": 3, "elapsed_seconds": 641.8923599799164}
{"completed": 23, "total": 464, "sequence": "whiteboycome", "query_frame": 748, "legal_actions": 5, "elapsed_seconds": 655.0674220407382}
{"completed": 24, "total": 464, "sequence": "whiteboycome", "query_frame": 1027, "legal_actions": 2, "elapsed_seconds": 673.3577189408243}
{"completed": 25, "total": 464, "sequence": "rightbottle", "query_frame": 88, "legal_actions": 3, "elapsed_seconds": 683.3152949148789}
{"completed": 26, "total": 464, "sequence": "rightbottle", "query_frame": 295, "legal_actions": 5, "elapsed_seconds": 703.880454715807}
{"completed": 27, "total": 464, "sequence": "rightbottle", "query_frame": 423, "legal_actions": 3, "elapsed_seconds": 718.8851931816898}
{"completed": 28, "total": 464, "sequence": "rightbottle", "query_frame": 485, "legal_actions": 3, "elapsed_seconds": 727.2916390150785}
{"completed": 29, "total": 464, "sequence": "rightbottle", "query_frame": 2629, "legal_actions": 5, "elapsed_seconds": 912.3016486177221}
{"completed": 30, "total": 464, "sequence": "glassesboyhead", "query_frame": 21, "legal_actions": 3, "elapsed_seconds": 918.2220409358852}
{"completed": 31, "total": 464, "sequence": "glassesboyhead", "query_frame": 55, "legal_actions": 3, "elapsed_seconds": 924.5561773376539}
{"completed": 32, "total": 464, "sequence": "glassesboyhead", "query_frame": 71, "legal_actions": 3, "elapsed_seconds": 929.8906153161079}
{"completed": 33, "total": 464, "sequence": "glassesboyhead", "query_frame": 120, "legal_actions": 3, "elapsed_seconds": 937.4196677347645}
{"completed": 34, "total": 464, "sequence": "glassesboyhead", "query_frame": 178, "legal_actions": 1, "elapsed_seconds": 943.7022768608294}
{"completed": 35, "total": 464, "sequence": "glassesboyhead", "query_frame": 268, "legal_actions": 1, "elapsed_seconds": 952.8865511817858}
{"completed": 36, "total": 464, "sequence": "glassesboyhead", "query_frame": 294, "legal_actions": 3, "elapsed_seconds": 958.9176814397797}
{"completed": 37, "total": 464, "sequence": "glassesboyhead", "query_frame": 301, "legal_actions": 5, "elapsed_seconds": 965.6181191168725}
{"completed": 38, "total": 464, "sequence": "glassesboyhead", "query_frame": 363, "legal_actions": 3, "elapsed_seconds": 975.856528121978}
{"completed": 39, "total": 464, "sequence": "glassesboyhead", "query_frame": 389, "legal_actions": 1, "elapsed_seconds": 979.8284410368651}
{"completed": 40, "total": 464, "sequence": "glassesboyhead", "query_frame": 441, "legal_actions": 5, "elapsed_seconds": 990.9151142979972}
{"completed": 41, "total": 464, "sequence": "glassesboyhead", "query_frame": 538, "legal_actions": 3, "elapsed_seconds": 1003.5943447859026}
{"completed": 42, "total": 464, "sequence": "glassesboyhead", "query_frame": 584, "legal_actions": 5, "elapsed_seconds": 1014.6618091557175}
{"completed": 43, "total": 464, "sequence": "glassesboyhead", "query_frame": 620, "legal_actions": 1, "elapsed_seconds": 1019.1525677670725}
{"completed": 44, "total": 464, "sequence": "boyof2leaders", "query_frame": 333, "legal_actions": 1, "elapsed_seconds": 1034.9974974109791}
{"completed": 45, "total": 464, "sequence": "boyof2leaders", "query_frame": 395, "legal_actions": 1, "elapsed_seconds": 1038.7068358887918}
{"completed": 46, "total": 464, "sequence": "boyof2leaders", "query_frame": 449, "legal_actions": 1, "elapsed_seconds": 1041.9830190916546}
{"completed": 47, "total": 464, "sequence": "boyof2leaders", "query_frame": 467, "legal_actions": 3, "elapsed_seconds": 1045.555647710804}
{"completed": 48, "total": 464, "sequence": "boyof2leaders", "query_frame": 614, "legal_actions": 3, "elapsed_seconds": 1054.8896682118066}
{"completed": 49, "total": 464, "sequence": "boyof2leaders", "query_frame": 625, "legal_actions": 1, "elapsed_seconds": 1056.7094802297652}
{"completed": 50, "total": 464, "sequence": "boyof2leaders", "query_frame": 627, "legal_actions": 3, "elapsed_seconds": 1060.294274654705}
{"completed": 51, "total": 464, "sequence": "boyof2leaders", "query_frame": 636, "legal_actions": 1, "elapsed_seconds": 1062.1903577889316}
{"completed": 52, "total": 464, "sequence": "boyof2leaders", "query_frame": 639, "legal_actions": 3, "elapsed_seconds": 1065.8727161609568}
{"completed": 53, "total": 464, "sequence": "boyof2leaders", "query_frame": 643, "legal_actions": 3, "elapsed_seconds": 1069.753154088743}
{"completed": 54, "total": 464, "sequence": "boyof2leaders", "query_frame": 646, "legal_actions": 5, "elapsed_seconds": 1075.7654961640947}
{"completed": 55, "total": 464, "sequence": "boyof2leaders", "query_frame": 652, "legal_actions": 5, "elapsed_seconds": 1081.6712502227165}
{"completed": 56, "total": 464, "sequence": "boyof2leaders", "query_frame": 654, "legal_actions": 3, "elapsed_seconds": 1085.0032518687658}
{"completed": 57, "total": 464, "sequence": "rightof2boys953", "query_frame": 187, "legal_actions": 3, "elapsed_seconds": 1101.0408833348192}
{"completed": 58, "total": 464, "sequence": "rightof2boys953", "query_frame": 190, "legal_actions": 3, "elapsed_seconds": 1105.0298783257604}
{"completed": 59, "total": 464, "sequence": "rightof2boys953", "query_frame": 195, "legal_actions": 3, "elapsed_seconds": 1108.6896547409706}
{"completed": 60, "total": 464, "sequence": "rightof2boys953", "query_frame": 282, "legal_actions": 1, "elapsed_seconds": 1116.6379411090165}
{"completed": 61, "total": 464, "sequence": "rightof2boys953", "query_frame": 342, "legal_actions": 5, "elapsed_seconds": 1126.8620216068812}
{"completed": 62, "total": 464, "sequence": "rightof2boys953", "query_frame": 389, "legal_actions": 1, "elapsed_seconds": 1132.2836302700453}
{"completed": 63, "total": 464, "sequence": "rightof2boys953", "query_frame": 399, "legal_actions": 5, "elapsed_seconds": 1139.6263108137064}
{"completed": 64, "total": 464, "sequence": "rightof2boys953", "query_frame": 496, "legal_actions": 3, "elapsed_seconds": 1152.2608602177352}
{"completed": 65, "total": 464, "sequence": "rightof2boys953", "query_frame": 534, "legal_actions": 5, "elapsed_seconds": 1163.5373783260584}
{"completed": 66, "total": 464, "sequence": "rightof2boys953", "query_frame": 552, "legal_actions": 5, "elapsed_seconds": 1172.2035501920618}
{"completed": 67, "total": 464, "sequence": "rightof2boys953", "query_frame": 724, "legal_actions": 3, "elapsed_seconds": 1190.9399882378057}
{"completed": 68, "total": 464, "sequence": "rightwhiteboy", "query_frame": 509, "legal_actions": 1, "elapsed_seconds": 1225.8979511726648}
{"completed": 69, "total": 464, "sequence": "rightwhiteboy", "query_frame": 566, "legal_actions": 3, "elapsed_seconds": 1232.9121123426594}
{"completed": 70, "total": 464, "sequence": "rightwhiteboy", "query_frame": 586, "legal_actions": 1, "elapsed_seconds": 1235.356181242969}
{"completed": 71, "total": 464, "sequence": "rightwhiteboy", "query_frame": 594, "legal_actions": 1, "elapsed_seconds": 1237.1066462961026}
{"completed": 72, "total": 464, "sequence": "rightwhiteboy", "query_frame": 596, "legal_actions": 1, "elapsed_seconds": 1238.544161617756}
{"completed": 73, "total": 464, "sequence": "rightwhiteboy", "query_frame": 642, "legal_actions": 5, "elapsed_seconds": 1247.3701906688511}
{"completed": 74, "total": 464, "sequence": "rightwhiteboy", "query_frame": 751, "legal_actions": 3, "elapsed_seconds": 1258.1617249599658}
{"completed": 75, "total": 464, "sequence": "rightwhiteboy", "query_frame": 1155, "legal_actions": 3, "elapsed_seconds": 1290.153483285103}
{"completed": 76, "total": 464, "sequence": "nearestleftblack", "query_frame": 166, "legal_actions": 4, "elapsed_seconds": 1301.9728785227053}
{"completed": 77, "total": 464, "sequence": "nearestleftblack", "query_frame": 190, "legal_actions": 3, "elapsed_seconds": 1306.3931144750677}
{"completed": 78, "total": 464, "sequence": "nearestleftblack", "query_frame": 196, "legal_actions": 1, "elapsed_seconds": 1307.9182442738675}
{"completed": 79, "total": 464, "sequence": "nearestleftblack", "query_frame": 246, "legal_actions": 2, "elapsed_seconds": 1312.723618986085}
{"completed": 80, "total": 464, "sequence": "nearestleftblack", "query_frame": 291, "legal_actions": 2, "elapsed_seconds": 1317.974906501826}
{"completed": 81, "total": 464, "sequence": "nearestleftblack", "query_frame": 377, "legal_actions": 1, "elapsed_seconds": 1325.4878694028594}
{"completed": 82, "total": 464, "sequence": "nearestleftblack", "query_frame": 464, "legal_actions": 2, "elapsed_seconds": 1333.6272695190273}
{"completed": 83, "total": 464, "sequence": "nearestleftblack", "query_frame": 602, "legal_actions": 3, "elapsed_seconds": 1346.80196496984}
{"completed": 84, "total": 464, "sequence": "nearestleftblack", "query_frame": 620, "legal_actions": 1, "elapsed_seconds": 1349.7255732817575}
{"completed": 85, "total": 464, "sequence": "nearestleftblack", "query_frame": 645, "legal_actions": 1, "elapsed_seconds": 1352.9742183526978}
{"completed": 86, "total": 464, "sequence": "redbaggirlleftgreenbar", "query_frame": 95, "legal_actions": 1, "elapsed_seconds": 1360.6149959098548}
{"completed": 87, "total": 464, "sequence": "redbaggirlleftgreenbar", "query_frame": 114, "legal_actions": 3, "elapsed_seconds": 1365.503748219926}
{"completed": 88, "total": 464, "sequence": "redbaggirlleftgreenbar", "query_frame": 138, "legal_actions": 3, "elapsed_seconds": 1371.1049650181085}
{"completed": 89, "total": 464, "sequence": "redbaggirlleftgreenbar", "query_frame": 228, "legal_actions": 1, "elapsed_seconds": 1379.3576245508157}
{"completed": 90, "total": 464, "sequence": "redbaggirlleftgreenbar", "query_frame": 290, "legal_actions": 3, "elapsed_seconds": 1387.599978198763}
{"completed": 91, "total": 464, "sequence": "redbaggirlleftgreenbar", "query_frame": 298, "legal_actions": 3, "elapsed_seconds": 1391.5369892888702}
{"completed": 92, "total": 464, "sequence": "redbaggirlleftgreenbar", "query_frame": 422, "legal_actions": 3, "elapsed_seconds": 1406.589574447833}
{"completed": 93, "total": 464, "sequence": "redbaggirlleftgreenbar", "query_frame": 686, "legal_actions": 5, "elapsed_seconds": 1439.4410919267684}
{"completed": 94, "total": 464, "sequence": "redbaggirlleftgreenbar", "query_frame": 812, "legal_actions": 1, "elapsed_seconds": 1452.1264369748533}
{"completed": 95, "total": 464, "sequence": "the4thboystandby", "query_frame": 292, "legal_actions": 3, "elapsed_seconds": 1473.3097505597398}
{"completed": 96, "total": 464, "sequence": "the4thboystandby", "query_frame": 300, "legal_actions": 3, "elapsed_seconds": 1477.6589811746962}
{"completed": 97, "total": 464, "sequence": "the4thboystandby", "query_frame": 303, "legal_actions": 5, "elapsed_seconds": 1484.538276889827}
{"completed": 98, "total": 464, "sequence": "the4thboystandby", "query_frame": 306, "legal_actions": 3, "elapsed_seconds": 1488.6780995819718}
{"completed": 99, "total": 464, "sequence": "the4thboystandby", "query_frame": 392, "legal_actions": 3, "elapsed_seconds": 1499.0345389437862}
{"completed": 100, "total": 464, "sequence": "the4thboystandby", "query_frame": 422, "legal_actions": 5, "elapsed_seconds": 1508.1972304750234}
{"completed": 101, "total": 464, "sequence": "the4thboystandby", "query_frame": 445, "legal_actions": 5, "elapsed_seconds": 1515.1415076539852}
{"completed": 102, "total": 464, "sequence": "the4thboystandby", "query_frame": 502, "legal_actions": 1, "elapsed_seconds": 1520.4107052059844}
{"completed": 103, "total": 464, "sequence": "the4thboystandby", "query_frame": 512, "legal_actions": 1, "elapsed_seconds": 1522.4772517466918}
{"completed": 104, "total": 464, "sequence": "the4thboystandby", "query_frame": 520, "legal_actions": 4, "elapsed_seconds": 1526.968930227682}
{"completed": 105, "total": 464, "sequence": "tworightbehindboy-gai", "query_frame": 180, "legal_actions": 3, "elapsed_seconds": 1538.7557826880366}
{"completed": 106, "total": 464, "sequence": "tworightbehindboy-gai", "query_frame": 279, "legal_actions": 3, "elapsed_seconds": 1546.8167624259368}
{"completed": 107, "total": 464, "sequence": "tworightbehindboy-gai", "query_frame": 333, "legal_actions": 3, "elapsed_seconds": 1553.1489989347756}
{"completed": 108, "total": 464, "sequence": "tworightbehindboy-gai", "query_frame": 376, "legal_actions": 5, "elapsed_seconds": 1561.372481200844}
{"completed": 109, "total": 464, "sequence": "tworightbehindboy-gai", "query_frame": 378, "legal_actions": 3, "elapsed_seconds": 1564.7966542360373}
{"completed": 110, "total": 464, "sequence": "tworightbehindboy-gai", "query_frame": 469, "legal_actions": 5, "elapsed_seconds": 1575.0203184909187}
{"completed": 111, "total": 464, "sequence": "tworightbehindboy-gai", "query_frame": 473, "legal_actions": 5, "elapsed_seconds": 1580.092168904841}
{"completed": 112, "total": 464, "sequence": "tworightbehindboy-gai", "query_frame": 720, "legal_actions": 5, "elapsed_seconds": 1599.2741405647248}
{"completed": 113, "total": 464, "sequence": "rightmirrorlikesky", "query_frame": 580, "legal_actions": 3, "elapsed_seconds": 1633.654608531855}
{"completed": 114, "total": 464, "sequence": "rightmirrorlikesky", "query_frame": 615, "legal_actions": 3, "elapsed_seconds": 1638.922543834895}
{"completed": 115, "total": 464, "sequence": "rightmirrorlikesky", "query_frame": 664, "legal_actions": 3, "elapsed_seconds": 1645.1497067958117}
{"completed": 116, "total": 464, "sequence": "rightmirrorlikesky", "query_frame": 672, "legal_actions": 3, "elapsed_seconds": 1648.5688748238608}
{"completed": 117, "total": 464, "sequence": "rightmirrorlikesky", "query_frame": 1149, "legal_actions": 3, "elapsed_seconds": 1681.247160805855}
{"completed": 118, "total": 464, "sequence": "firstleftrunning", "query_frame": 9, "legal_actions": 3, "elapsed_seconds": 1685.8455719188787}
{"completed": 119, "total": 464, "sequence": "firstleftrunning", "query_frame": 14, "legal_actions": 5, "elapsed_seconds": 1691.9019607477821}
{"completed": 120, "total": 464, "sequence": "firstleftrunning", "query_frame": 127, "legal_actions": 3, "elapsed_seconds": 1701.6588866668753}
{"completed": 121, "total": 464, "sequence": "firstleftrunning", "query_frame": 203, "legal_actions": 4, "elapsed_seconds": 1712.6952664307319}
{"completed": 122, "total": 464, "sequence": "firstleftrunning", "query_frame": 447, "legal_actions": 3, "elapsed_seconds": 1733.7131336717866}
{"completed": 123, "total": 464, "sequence": "firstleftrunning", "query_frame": 546, "legal_actions": 3, "elapsed_seconds": 1745.7489822660573}
{"completed": 124, "total": 464, "sequence": "firstleftrunning", "query_frame": 706, "legal_actions": 1, "elapsed_seconds": 1762.011044233106}
{"completed": 125, "total": 464, "sequence": "leftclosedexersicebook", "query_frame": 196, "legal_actions": 3, "elapsed_seconds": 1775.3130110497586}
{"completed": 126, "total": 464, "sequence": "leftclosedexersicebook", "query_frame": 291, "legal_actions": 3, "elapsed_seconds": 1783.5042930496857}
{"completed": 127, "total": 464, "sequence": "leftclosedexersicebook", "query_frame": 323, "legal_actions": 3, "elapsed_seconds": 1788.1773355430923}
{"completed": 128, "total": 464, "sequence": "leftclosedexersicebook", "query_frame": 542, "legal_actions": 1, "elapsed_seconds": 1801.582684867084}
{"completed": 129, "total": 464, "sequence": "leftclosedexersicebook", "query_frame": 622, "legal_actions": 1, "elapsed_seconds": 1808.2494045686908}
{"completed": 130, "total": 464, "sequence": "leftclosedexersicebook", "query_frame": 743, "legal_actions": 1, "elapsed_seconds": 1817.6267355638556}
{"completed": 131, "total": 464, "sequence": "leftwhiteblack", "query_frame": 168, "legal_actions": 3, "elapsed_seconds": 1830.0884913080372}
{"completed": 132, "total": 464, "sequence": "leftwhiteblack", "query_frame": 672, "legal_actions": 4, "elapsed_seconds": 1861.304916229099}
{"completed": 133, "total": 464, "sequence": "leftwhiteblack", "query_frame": 1170, "legal_actions": 3, "elapsed_seconds": 1897.418938857969}
{"completed": 134, "total": 464, "sequence": "4boys2left", "query_frame": 247, "legal_actions": 3, "elapsed_seconds": 1911.5115378820337}
{"completed": 135, "total": 464, "sequence": "4boys2left", "query_frame": 323, "legal_actions": 5, "elapsed_seconds": 1921.8090311428532}
{"completed": 136, "total": 464, "sequence": "4boys2left", "query_frame": 326, "legal_actions": 3, "elapsed_seconds": 1926.097231131047}
{"completed": 137, "total": 464, "sequence": "4boys2left", "query_frame": 333, "legal_actions": 1, "elapsed_seconds": 1928.0116597949527}
{"completed": 138, "total": 464, "sequence": "4boys2left", "query_frame": 338, "legal_actions": 5, "elapsed_seconds": 1935.0583630469628}
{"completed": 139, "total": 464, "sequence": "4boys2left", "query_frame": 350, "legal_actions": 3, "elapsed_seconds": 1939.848115120083}
{"completed": 140, "total": 464, "sequence": "4boys2left", "query_frame": 359, "legal_actions": 3, "elapsed_seconds": 1944.1489113396965}
{"completed": 141, "total": 464, "sequence": "girloutqueuewithbackpack", "query_frame": 410, "legal_actions": 1, "elapsed_seconds": 1976.3769467119128}
{"completed": 142, "total": 464, "sequence": "girloutqueuewithbackpack", "query_frame": 758, "legal_actions": 1, "elapsed_seconds": 2007.149546914734}
{"completed": 143, "total": 464, "sequence": "girloutqueuewithbackpack", "query_frame": 1056, "legal_actions": 5, "elapsed_seconds": 2040.1619780128822}
{"completed": 144, "total": 464, "sequence": "besom6", "query_frame": 1369, "legal_actions": 3, "elapsed_seconds": 2148.908223141916}
{"completed": 145, "total": 464, "sequence": "greenfaceback", "query_frame": 678, "legal_actions": 5, "elapsed_seconds": 2199.0622884877957}
{"completed": 146, "total": 464, "sequence": "greenfaceback", "query_frame": 1127, "legal_actions": 2, "elapsed_seconds": 2231.512655854691}
{"completed": 147, "total": 464, "sequence": "lastof4boys", "query_frame": 381, "legal_actions": 1, "elapsed_seconds": 2260.621930129826}
{"completed": 148, "total": 464, "sequence": "lastof4boys", "query_frame": 421, "legal_actions": 3, "elapsed_seconds": 2267.499839249067}
{"completed": 149, "total": 464, "sequence": "lastof4boys", "query_frame": 433, "legal_actions": 3, "elapsed_seconds": 2272.3320004111156}
{"completed": 150, "total": 464, "sequence": "lastof4boys", "query_frame": 441, "legal_actions": 3, "elapsed_seconds": 2277.2167501710355}
{"completed": 151, "total": 464, "sequence": "lastof4boys", "query_frame": 489, "legal_actions": 5, "elapsed_seconds": 2289.7089998740703}
{"completed": 152, "total": 464, "sequence": "thefirstexcersicebook", "query_frame": 188, "legal_actions": 5, "elapsed_seconds": 2302.7185946968384}
{"completed": 153, "total": 464, "sequence": "thefirstexcersicebook", "query_frame": 241, "legal_actions": 4, "elapsed_seconds": 2310.070445247926}
{"completed": 154, "total": 464, "sequence": "thefirstexcersicebook", "query_frame": 335, "legal_actions": 3, "elapsed_seconds": 2319.6382549600676}
{"completed": 155, "total": 464, "sequence": "thefirstexcersicebook", "query_frame": 370, "legal_actions": 1, "elapsed_seconds": 2323.25338820694}
{"completed": 156, "total": 464, "sequence": "thefirstexcersicebook", "query_frame": 399, "legal_actions": 4, "elapsed_seconds": 2329.2444874970242}
{"completed": 157, "total": 464, "sequence": "redbackpackgirl", "query_frame": 602, "legal_actions": 5, "elapsed_seconds": 2380.262533736881}
{"completed": 158, "total": 464, "sequence": "redbackpackgirl", "query_frame": 730, "legal_actions": 5, "elapsed_seconds": 2397.385406622663}
{"completed": 159, "total": 464, "sequence": "redbackpackgirl", "query_frame": 757, "legal_actions": 3, "elapsed_seconds": 2403.296967926901}
{"completed": 160, "total": 464, "sequence": "leftconergirl", "query_frame": 324, "legal_actions": 1, "elapsed_seconds": 2426.03940467909}
{"completed": 161, "total": 464, "sequence": "leftconergirl", "query_frame": 714, "legal_actions": 3, "elapsed_seconds": 2458.4801552188583}
{"completed": 162, "total": 464, "sequence": "leftconergirl", "query_frame": 729, "legal_actions": 3, "elapsed_seconds": 2462.7686058706604}
{"completed": 163, "total": 464, "sequence": "left2ndboy", "query_frame": 296, "legal_actions": 3, "elapsed_seconds": 2487.7631591930985}
{"completed": 164, "total": 464, "sequence": "left2ndboy", "query_frame": 318, "legal_actions": 5, "elapsed_seconds": 2495.5683867330663}
{"completed": 165, "total": 464, "sequence": "left2ndboy", "query_frame": 328, "legal_actions": 5, "elapsed_seconds": 2502.206359730102}
{"completed": 166, "total": 464, "sequence": "left2ndboy", "query_frame": 477, "legal_actions": 4, "elapsed_seconds": 2517.911970809102}
{"completed": 167, "total": 464, "sequence": "leftboyleftblkbackpack", "query_frame": 164, "legal_actions": 3, "elapsed_seconds": 2530.731694840826}
{"completed": 168, "total": 464, "sequence": "leftboyleftblkbackpack", "query_frame": 187, "legal_actions": 5, "elapsed_seconds": 2540.315028338693}
{"completed": 169, "total": 464, "sequence": "leftboyleftblkbackpack", "query_frame": 290, "legal_actions": 1, "elapsed_seconds": 2550.283249385655}
{"completed": 170, "total": 464, "sequence": "leftboyleftblkbackpack", "query_frame": 452, "legal_actions": 1, "elapsed_seconds": 2564.1234507607296}
{"completed": 171, "total": 464, "sequence": "girlleft2right2", "query_frame": 54, "legal_actions": 3, "elapsed_seconds": 2569.913344246801}
{"completed": 172, "total": 464, "sequence": "girlleft2right2", "query_frame": 68, "legal_actions": 5, "elapsed_seconds": 2575.1818778770976}
{"completed": 173, "total": 464, "sequence": "girlleft2right2", "query_frame": 76, "legal_actions": 3, "elapsed_seconds": 2578.469999196939}
{"completed": 174, "total": 464, "sequence": "girlleft2right2", "query_frame": 220, "legal_actions": 1, "elapsed_seconds": 2587.320267332718}
{"completed": 175, "total": 464, "sequence": "girlleft2right2", "query_frame": 256, "legal_actions": 3, "elapsed_seconds": 2592.3085725200363}
{"completed": 176, "total": 464, "sequence": "bowblkboy1-quezhen", "query_frame": 149, "legal_actions": 1, "elapsed_seconds": 2602.872009642888}
{"completed": 177, "total": 464, "sequence": "bowblkboy1-quezhen", "query_frame": 165, "legal_actions": 3, "elapsed_seconds": 2607.2160064647906}
{"completed": 178, "total": 464, "sequence": "bowblkboy1-quezhen", "query_frame": 168, "legal_actions": 5, "elapsed_seconds": 2612.154478716664}
{"completed": 179, "total": 464, "sequence": "bowblkboy1-quezhen", "query_frame": 172, "legal_actions": 3, "elapsed_seconds": 2615.48299028771}
{"completed": 180, "total": 464, "sequence": "bowblkboy1-quezhen", "query_frame": 210, "legal_actions": 1, "elapsed_seconds": 2619.502380657941}
{"completed": 181, "total": 464, "sequence": "left4thgirlwithwhitepants", "query_frame": 31, "legal_actions": 1, "elapsed_seconds": 2623.561382480897}
{"completed": 182, "total": 464, "sequence": "left4thgirlwithwhitepants", "query_frame": 141, "legal_actions": 3, "elapsed_seconds": 2634.3449056330137}
{"completed": 183, "total": 464, "sequence": "left4thgirlwithwhitepants", "query_frame": 294, "legal_actions": 3, "elapsed_seconds": 2648.951213526074}
{"completed": 184, "total": 464, "sequence": "left4thgirlwithwhitepants", "query_frame": 389, "legal_actions": 3, "elapsed_seconds": 2658.8203168590553}
{"completed": 185, "total": 464, "sequence": "whiteboyright", "query_frame": 47, "legal_actions": 3, "elapsed_seconds": 2664.2429257719778}
{"completed": 186, "total": 464, "sequence": "whiteboyright", "query_frame": 286, "legal_actions": 3, "elapsed_seconds": 2678.087483311072}
{"completed": 187, "total": 464, "sequence": "whiteboyright", "query_frame": 306, "legal_actions": 1, "elapsed_seconds": 2680.5171734606847}
{"completed": 188, "total": 464, "sequence": "whiteboyright", "query_frame": 344, "legal_actions": 5, "elapsed_seconds": 2687.4273684737273}
{"completed": 189, "total": 464, "sequence": "darkleftboy2left", "query_frame": 21, "legal_actions": 4, "elapsed_seconds": 2693.959498953074}
{"completed": 190, "total": 464, "sequence": "darkleftboy2left", "query_frame": 502, "legal_actions": 1, "elapsed_seconds": 2721.914598575793}
{"completed": 191, "total": 464, "sequence": "darkleftboy2left", "query_frame": 514, "legal_actions": 5, "elapsed_seconds": 2729.600924812723}
{"completed": 192, "total": 464, "sequence": "outer2leftmirrorback", "query_frame": 889, "legal_actions": 2, "elapsed_seconds": 2765.117745764088}
{"completed": 193, "total": 464, "sequence": "leftshortgirl", "query_frame": 73, "legal_actions": 2, "elapsed_seconds": 2771.313022140879}
{"completed": 194, "total": 464, "sequence": "leftshortgirl", "query_frame": 290, "legal_actions": 2, "elapsed_seconds": 2790.5336411059834}
{"completed": 195, "total": 464, "sequence": "leftshortgirl", "query_frame": 294, "legal_actions": 4, "elapsed_seconds": 2794.7232153350487}
{"completed": 196, "total": 464, "sequence": "leftshortgirl", "query_frame": 300, "legal_actions": 2, "elapsed_seconds": 2797.302073995117}
{"completed": 197, "total": 464, "sequence": "whiteboycome598", "query_frame": 167, "legal_actions": 3, "elapsed_seconds": 2811.078708691057}
{"completed": 198, "total": 464, "sequence": "whiteboycome598", "query_frame": 173, "legal_actions": 5, "elapsed_seconds": 2816.1309856739827}
{"completed": 199, "total": 464, "sequence": "whiteboycome598", "query_frame": 473, "legal_actions": 4, "elapsed_seconds": 2836.413222209085}
{"completed": 200, "total": 464, "sequence": "girlback", "query_frame": 156, "legal_actions": 2, "elapsed_seconds": 2848.9006077079102}
{"completed": 201, "total": 464, "sequence": "girlback", "query_frame": 305, "legal_actions": 3, "elapsed_seconds": 2863.74363952782}
{"completed": 202, "total": 464, "sequence": "girlback", "query_frame": 451, "legal_actions": 3, "elapsed_seconds": 2879.0785553138703}
{"completed": 203, "total": 464, "sequence": "boyindarkwithgirl", "query_frame": 33, "legal_actions": 1, "elapsed_seconds": 2883.0662605920807}
{"completed": 204, "total": 464, "sequence": "boyindarkwithgirl", "query_frame": 74, "legal_actions": 5, "elapsed_seconds": 2890.659121793695}
{"completed": 205, "total": 464, "sequence": "boyindarkwithgirl", "query_frame": 76, "legal_actions": 1, "elapsed_seconds": 2891.998301400803}
{"completed": 206, "total": 464, "sequence": "boyindarkwithgirl", "query_frame": 242, "legal_actions": 3, "elapsed_seconds": 2904.796933067031}
{"completed": 207, "total": 464, "sequence": "midboyplayingphone", "query_frame": 85, "legal_actions": 2, "elapsed_seconds": 2911.52870698506}
{"completed": 208, "total": 464, "sequence": "midboyplayingphone", "query_frame": 219, "legal_actions": 4, "elapsed_seconds": 2924.973778011743}
{"completed": 209, "total": 464, "sequence": "midboyplayingphone", "query_frame": 225, "legal_actions": 4, "elapsed_seconds": 2930.6032246430404}
{"completed": 210, "total": 464, "sequence": "midboyplayingphone", "query_frame": 235, "legal_actions": 5, "elapsed_seconds": 2937.572649282869}
{"completed": 211, "total": 464, "sequence": "rightmirrornotshining", "query_frame": 804, "legal_actions": 1, "elapsed_seconds": 3004.346893224865}
{"completed": 212, "total": 464, "sequence": "toulan-ly", "query_frame": 446, "legal_actions": 3, "elapsed_seconds": 3036.298793833703}
{"completed": 213, "total": 464, "sequence": "toulan-ly", "query_frame": 575, "legal_actions": 3, "elapsed_seconds": 3049.7574963220395}
{"completed": 214, "total": 464, "sequence": "2boyscome245", "query_frame": 79, "legal_actions": 3, "elapsed_seconds": 3056.599004176911}
{"completed": 215, "total": 464, "sequence": "2boyscome245", "query_frame": 172, "legal_actions": 3, "elapsed_seconds": 3063.771123714745}
{"completed": 216, "total": 464, "sequence": "2boyscome245", "query_frame": 174, "legal_actions": 1, "elapsed_seconds": 3064.869557986036}
{"completed": 217, "total": 464, "sequence": "2boyscome245", "query_frame": 178, "legal_actions": 1, "elapsed_seconds": 3066.07145988103}
{"completed": 218, "total": 464, "sequence": "leftbasketball", "query_frame": 729, "legal_actions": 3, "elapsed_seconds": 3099.578877612017}
{"completed": 219, "total": 464, "sequence": "whiteboywait", "query_frame": 712, "legal_actions": 2, "elapsed_seconds": 3141.251479237806}
{"completed": 220, "total": 464, "sequence": "boysumbrella2", "query_frame": 49, "legal_actions": 1, "elapsed_seconds": 3144.339101059828}
{"completed": 221, "total": 464, "sequence": "boysumbrella2", "query_frame": 66, "legal_actions": 3, "elapsed_seconds": 3147.709206796717}
{"completed": 222, "total": 464, "sequence": "boysumbrella2", "query_frame": 292, "legal_actions": 3, "elapsed_seconds": 3160.387143433094}
{"completed": 223, "total": 464, "sequence": "blkboyback636", "query_frame": 369, "legal_actions": 5, "elapsed_seconds": 3186.1662923968397}
{"completed": 224, "total": 464, "sequence": "blkboyback636", "query_frame": 470, "legal_actions": 4, "elapsed_seconds": 3195.3134820610285}
{"completed": 225, "total": 464, "sequence": "bolster_infwhite", "query_frame": 231, "legal_actions": 5, "elapsed_seconds": 3218.6636918969452}
{"completed": 226, "total": 464, "sequence": "bolster_infwhite", "query_frame": 459, "legal_actions": 1, "elapsed_seconds": 3236.466919730883}
{"completed": 227, "total": 464, "sequence": "2boyscome", "query_frame": 63, "legal_actions": 3, "elapsed_seconds": 3243.277080107946}
{"completed": 228, "total": 464, "sequence": "2boyscome", "query_frame": 193, "legal_actions": 1, "elapsed_seconds": 3250.5309974639677}
{"completed": 229, "total": 464, "sequence": "2boyscome", "query_frame": 258, "legal_actions": 3, "elapsed_seconds": 3256.8366616987623}
{"completed": 230, "total": 464, "sequence": "4sisters", "query_frame": 73, "legal_actions": 3, "elapsed_seconds": 3264.2104560029693}
{"completed": 231, "total": 464, "sequence": "4sisters", "query_frame": 200, "legal_actions": 3, "elapsed_seconds": 3273.4829680798575}
{"completed": 232, "total": 464, "sequence": "4sisters", "query_frame": 241, "legal_actions": 3, "elapsed_seconds": 3279.233893750701}
{"completed": 233, "total": 464, "sequence": "left4thblkboyback", "query_frame": 8, "legal_actions": 2, "elapsed_seconds": 3282.160445266869}
{"completed": 234, "total": 464, "sequence": "left4thblkboyback", "query_frame": 60, "legal_actions": 3, "elapsed_seconds": 3288.733341376763}
{"completed": 235, "total": 464, "sequence": "left4thblkboyback", "query_frame": 223, "legal_actions": 3, "elapsed_seconds": 3304.312307892833}
{"completed": 236, "total": 464, "sequence": "the4thwhiteboy", "query_frame": 38, "legal_actions": 2, "elapsed_seconds": 3308.9005405087955}
{"completed": 237, "total": 464, "sequence": "the4thwhiteboy", "query_frame": 141, "legal_actions": 3, "elapsed_seconds": 3317.0475195609033}
{"completed": 238, "total": 464, "sequence": "the4thwhiteboy", "query_frame": 215, "legal_actions": 3, "elapsed_seconds": 3325.5197984068654}
{"completed": 239, "total": 464, "sequence": "blkboywithglasses", "query_frame": 88, "legal_actions": 3, "elapsed_seconds": 3336.562477267813}
{"completed": 240, "total": 464, "sequence": "blkboywithglasses", "query_frame": 380, "legal_actions": 3, "elapsed_seconds": 3361.053536772728}
{"completed": 241, "total": 464, "sequence": "rightboybesidesredcar", "query_frame": 109, "legal_actions": 1, "elapsed_seconds": 3369.8978349170648}
{"completed": 242, "total": 464, "sequence": "rightboybesidesredcar", "query_frame": 369, "legal_actions": 3, "elapsed_seconds": 3390.9441427569836}
{"completed": 243, "total": 464, "sequence": "boytoleft_inf_white", "query_frame": 150, "legal_actions": 1, "elapsed_seconds": 3400.604864277877}
{"completed": 244, "total": 464, "sequence": "boytoleft_inf_white", "query_frame": 165, "legal_actions": 3, "elapsed_seconds": 3404.5951399989426}
{"completed": 245, "total": 464, "sequence": "boytoleft_inf_white", "query_frame": 166, "legal_actions": 3, "elapsed_seconds": 3407.7309337728657}
{"completed": 246, "total": 464, "sequence": "orangegirlwithumbrella", "query_frame": 286, "legal_actions": 3, "elapsed_seconds": 3435.2100892248563}
{"completed": 247, "total": 464, "sequence": "orangegirlwithumbrella", "query_frame": 336, "legal_actions": 5, "elapsed_seconds": 3445.6181065198034}
{"completed": 248, "total": 464, "sequence": "rainyboyaftertrees", "query_frame": 36, "legal_actions": 1, "elapsed_seconds": 3449.679838995915}
{"completed": 249, "total": 464, "sequence": "rainyboyaftertrees", "query_frame": 326, "legal_actions": 3, "elapsed_seconds": 3473.624991081655}
{"completed": 250, "total": 464, "sequence": "3rdboy", "query_frame": 509, "legal_actions": 4, "elapsed_seconds": 3503.375620382838}
{"completed": 251, "total": 464, "sequence": "rightdrillmasterunderthebar", "query_frame": 209, "legal_actions": 2, "elapsed_seconds": 3516.9468203438446}
{"completed": 252, "total": 464, "sequence": "rightdrillmasterunderthebar", "query_frame": 313, "legal_actions": 1, "elapsed_seconds": 3525.6693370249122}
{"completed": 253, "total": 464, "sequence": "blkumbrella", "query_frame": 492, "legal_actions": 1, "elapsed_seconds": 3561.6649397378787}
{"completed": 254, "total": 464, "sequence": "dotat43", "query_frame": 486, "legal_actions": 3, "elapsed_seconds": 3583.067941054702}
{"completed": 255, "total": 464, "sequence": "raincarstop", "query_frame": 477, "legal_actions": 2, "elapsed_seconds": 3607.8009013240226}
{"completed": 256, "total": 464, "sequence": "leftblackboy", "query_frame": 62, "legal_actions": 3, "elapsed_seconds": 3614.5180764086545}
{"completed": 257, "total": 464, "sequence": "leftblackboy", "query_frame": 70, "legal_actions": 4, "elapsed_seconds": 3618.7184552978724}
{"completed": 258, "total": 464, "sequence": "leftblackboy", "query_frame": 85, "legal_actions": 3, "elapsed_seconds": 3622.343302967958}
{"completed": 259, "total": 464, "sequence": "umbellaatnight", "query_frame": 54, "legal_actions": 1, "elapsed_seconds": 3626.0019952808507}
{"completed": 260, "total": 464, "sequence": "umbellaatnight", "query_frame": 260, "legal_actions": 1, "elapsed_seconds": 3635.7201672820374}
{"completed": 261, "total": 464, "sequence": "rightboywithbackpackandumbrella", "query_frame": 61, "legal_actions": 4, "elapsed_seconds": 3645.077860763762}
{"completed": 262, "total": 464, "sequence": "rightboywithbackpackandumbrella", "query_frame": 249, "legal_actions": 2, "elapsed_seconds": 3659.470427678898}
{"completed": 263, "total": 464, "sequence": "theleftboytakingball", "query_frame": 27, "legal_actions": 5, "elapsed_seconds": 3666.79570665583}
{"completed": 264, "total": 464, "sequence": "theleftboytakingball", "query_frame": 240, "legal_actions": 2, "elapsed_seconds": 3682.1494978340343}
{"completed": 265, "total": 464, "sequence": "darkgiratbike", "query_frame": 8, "legal_actions": 3, "elapsed_seconds": 3686.1135391169228}
{"completed": 266, "total": 464, "sequence": "darkgiratbike", "query_frame": 20, "legal_actions": 3, "elapsed_seconds": 3689.772055112757}
{"completed": 267, "total": 464, "sequence": "darkgiratbike", "query_frame": 40, "legal_actions": 4, "elapsed_seconds": 3694.727931353729}
{"completed": 268, "total": 464, "sequence": "collegeofmaterial-gai", "query_frame": 420, "legal_actions": 1, "elapsed_seconds": 3725.258609256707}
{"completed": 269, "total": 464, "sequence": "boyshorts", "query_frame": 402, "legal_actions": 4, "elapsed_seconds": 3752.2462150487117}
{"completed": 270, "total": 464, "sequence": "manatwhiteright", "query_frame": 115, "legal_actions": 2, "elapsed_seconds": 3762.669062385801}
{"completed": 271, "total": 464, "sequence": "manatwhiteright", "query_frame": 201, "legal_actions": 5, "elapsed_seconds": 3775.068497253116}
{"completed": 272, "total": 464, "sequence": "greenboy438", "query_frame": 388, "legal_actions": 4, "elapsed_seconds": 3796.8928765347227}
{"completed": 273, "total": 464, "sequence": "girloutreading", "query_frame": 382, "legal_actions": 2, "elapsed_seconds": 3825.309173280839}
{"completed": 274, "total": 464, "sequence": "girlplayingphone", "query_frame": 48, "legal_actions": 3, "elapsed_seconds": 3830.492886551656}
{"completed": 275, "total": 464, "sequence": "girlplayingphone", "query_frame": 184, "legal_actions": 3, "elapsed_seconds": 3842.4426681026816}
{"completed": 276, "total": 464, "sequence": "girlafterglassdoor2", "query_frame": 370, "legal_actions": 4, "elapsed_seconds": 3873.0869543049484}
{"completed": 277, "total": 464, "sequence": "sitleftboy", "query_frame": 359, "legal_actions": 3, "elapsed_seconds": 3903.0887271049432}
{"completed": 278, "total": 464, "sequence": "carturncome", "query_frame": 20, "legal_actions": 2, "elapsed_seconds": 3906.8436156017706}
{"completed": 279, "total": 464, "sequence": "carturncome", "query_frame": 159, "legal_actions": 5, "elapsed_seconds": 3920.280567847658}
{"completed": 280, "total": 464, "sequence": "whiteboyup", "query_frame": 350, "legal_actions": 3, "elapsed_seconds": 3944.821126156021}
{"completed": 281, "total": 464, "sequence": "boyunderthecolumn", "query_frame": 25, "legal_actions": 3, "elapsed_seconds": 3951.4137394498102}
{"completed": 282, "total": 464, "sequence": "boyunderthecolumn", "query_frame": 147, "legal_actions": 5, "elapsed_seconds": 3966.1353448568843}
{"completed": 283, "total": 464, "sequence": "boyinsnowfield4", "query_frame": 332, "legal_actions": 2, "elapsed_seconds": 3981.191264837049}
{"completed": 284, "total": 464, "sequence": "whitegirl1227", "query_frame": 33, "legal_actions": 2, "elapsed_seconds": 3987.0478155240417}
{"completed": 285, "total": 464, "sequence": "whitegirl1227", "query_frame": 135, "legal_actions": 2, "elapsed_seconds": 3996.073253036011}
{"completed": 286, "total": 464, "sequence": "left2ndgreenboy", "query_frame": 51, "legal_actions": 3, "elapsed_seconds": 4003.175129235722}
{"completed": 287, "total": 464, "sequence": "left2ndgreenboy", "query_frame": 127, "legal_actions": 4, "elapsed_seconds": 4013.5432418840937}
{"completed": 288, "total": 464, "sequence": "girlridesbike", "query_frame": 27, "legal_actions": 4, "elapsed_seconds": 4019.0223271166906}
{"completed": 289, "total": 464, "sequence": "girlridesbike", "query_frame": 123, "legal_actions": 4, "elapsed_seconds": 4027.091609826777}
{"completed": 290, "total": 464, "sequence": "e-tribike", "query_frame": 51, "legal_actions": 2, "elapsed_seconds": 4033.0641201427206}
{"completed": 291, "total": 464, "sequence": "e-tribike", "query_frame": 119, "legal_actions": 2, "elapsed_seconds": 4038.1681746379472}
{"completed": 292, "total": 464, "sequence": "Athe3rdboybesidescar", "query_frame": 42, "legal_actions": 2, "elapsed_seconds": 4043.9724640720524}
{"completed": 293, "total": 464, "sequence": "Athe3rdboybesidescar", "query_frame": 111, "legal_actions": 3, "elapsed_seconds": 4052.169127224013}
{"completed": 294, "total": 464, "sequence": "leftorangeboy", "query_frame": 301, "legal_actions": 4, "elapsed_seconds": 4076.8405205458403}
{"completed": 295, "total": 464, "sequence": "rightredboy1227", "query_frame": 297, "legal_actions": 2, "elapsed_seconds": 4099.7589601250365}
{"completed": 296, "total": 464, "sequence": "blkgirlbike", "query_frame": 88, "legal_actions": 3, "elapsed_seconds": 4107.390507946722}
{"completed": 297, "total": 464, "sequence": "blkgirlbike", "query_frame": 101, "legal_actions": 1, "elapsed_seconds": 4109.108924502041}
{"completed": 298, "total": 464, "sequence": "boybehindtrees", "query_frame": 77, "legal_actions": 3, "elapsed_seconds": 4117.679349930026}
{"completed": 299, "total": 464, "sequence": "boybehindtrees", "query_frame": 92, "legal_actions": 2, "elapsed_seconds": 4120.7776782168075}
{"completed": 300, "total": 464, "sequence": "ab_minibusstops", "query_frame": 277, "legal_actions": 2, "elapsed_seconds": 4137.763903094921}
{"completed": 301, "total": 464, "sequence": "cameraman_1202", "query_frame": 270, "legal_actions": 2, "elapsed_seconds": 4150.624997697771}
{"completed": 302, "total": 464, "sequence": "mototaking2boys", "query_frame": 62, "legal_actions": 3, "elapsed_seconds": 4156.801071627997}
{"completed": 303, "total": 464, "sequence": "mototaking2boys", "query_frame": 78, "legal_actions": 1, "elapsed_seconds": 4158.532647737768}
{"completed": 304, "total": 464, "sequence": "darkredcarturn", "query_frame": 65, "legal_actions": 1, "elapsed_seconds": 4162.360755814705}
{"completed": 305, "total": 464, "sequence": "darkredcarturn", "query_frame": 73, "legal_actions": 3, "elapsed_seconds": 4166.403021312784}
{"completed": 306, "total": 464, "sequence": "greengirls", "query_frame": 259, "legal_actions": 3, "elapsed_seconds": 4180.590194531716}
{"completed": 307, "total": 464, "sequence": "rightholdball", "query_frame": 254, "legal_actions": 2, "elapsed_seconds": 4199.896322933957}
{"completed": 308, "total": 464, "sequence": "rightof2cominggirls", "query_frame": 26, "legal_actions": 3, "elapsed_seconds": 4207.020063847769}
{"completed": 309, "total": 464, "sequence": "rightof2cominggirls", "query_frame": 60, "legal_actions": 3, "elapsed_seconds": 4213.912569795735}
{"completed": 310, "total": 464, "sequence": "boybikewithbag", "query_frame": 24, "legal_actions": 4, "elapsed_seconds": 4219.7668071957305}
{"completed": 311, "total": 464, "sequence": "boybikewithbag", "query_frame": 48, "legal_actions": 4, "elapsed_seconds": 4224.912623053882}
{"completed": 312, "total": 464, "sequence": "redcupatleft", "query_frame": 237, "legal_actions": 4, "elapsed_seconds": 4244.938383882865}
{"completed": 313, "total": 464, "sequence": "boytakingcamera", "query_frame": 231, "legal_actions": 4, "elapsed_seconds": 4263.981694896705}
{"completed": 314, "total": 464, "sequence": "basketboyblack", "query_frame": 229, "legal_actions": 2, "elapsed_seconds": 4278.359947884921}
{"completed": 315, "total": 464, "sequence": "rightgirl", "query_frame": 216, "legal_actions": 2, "elapsed_seconds": 4293.801463089883}
{"completed": 316, "total": 464, "sequence": "2runfour", "query_frame": 13, "legal_actions": 3, "elapsed_seconds": 4298.733461959753}
{"completed": 317, "total": 464, "sequence": "2runfour", "query_frame": 23, "legal_actions": 3, "elapsed_seconds": 4302.668536195997}
{"completed": 318, "total": 464, "sequence": "motosmall", "query_frame": 212, "legal_actions": 4, "elapsed_seconds": 4315.060511494055}
{"completed": 319, "total": 464, "sequence": "orangegirl", "query_frame": 204, "legal_actions": 4, "elapsed_seconds": 4334.330265993718}
{"completed": 320, "total": 464, "sequence": "womanstartbike", "query_frame": 201, "legal_actions": 2, "elapsed_seconds": 4344.7766135339625}
{"completed": 321, "total": 464, "sequence": "car2north2", "query_frame": 197, "legal_actions": 2, "elapsed_seconds": 4356.806649703998}
{"completed": 322, "total": 464, "sequence": "boy1227", "query_frame": 194, "legal_actions": 2, "elapsed_seconds": 4372.003191993106}
{"completed": 323, "total": 464, "sequence": "girlpickboy", "query_frame": 192, "legal_actions": 3, "elapsed_seconds": 4387.084813199006}
{"completed": 324, "total": 464, "sequence": "leftof2girls", "query_frame": 190, "legal_actions": 3, "elapsed_seconds": 4396.428782511037}
{"completed": 325, "total": 464, "sequence": "hatboy`shead", "query_frame": 181, "legal_actions": 2, "elapsed_seconds": 4411.575007691979}
{"completed": 326, "total": 464, "sequence": "rightgirlbikecome", "query_frame": 181, "legal_actions": 3, "elapsed_seconds": 4424.887831451837}
{"completed": 327, "total": 464, "sequence": "nightboy", "query_frame": 171, "legal_actions": 2, "elapsed_seconds": 4438.896780805662}
{"completed": 328, "total": 464, "sequence": "leftdress-gai", "query_frame": 166, "legal_actions": 2, "elapsed_seconds": 4452.847939081024}
{"completed": 329, "total": 464, "sequence": "leftbrowngirlfat", "query_frame": 165, "legal_actions": 1, "elapsed_seconds": 4464.503469695803}
{"completed": 330, "total": 464, "sequence": "11righttwoboy", "query_frame": 164, "legal_actions": 2, "elapsed_seconds": 4476.475647737738}
{"completed": 331, "total": 464, "sequence": "whitecar", "query_frame": 161, "legal_actions": 2, "elapsed_seconds": 4486.633365693968}
{"completed": 332, "total": 464, "sequence": "blkboywithumbrella", "query_frame": 156, "legal_actions": 4, "elapsed_seconds": 4495.297321035061}
{"completed": 333, "total": 464, "sequence": "4runone", "query_frame": 153, "legal_actions": 3, "elapsed_seconds": 4507.464525281917}
{"completed": 334, "total": 464, "sequence": "blkcar2north", "query_frame": 152, "legal_actions": 2, "elapsed_seconds": 4516.068145419005}
{"completed": 335, "total": 464, "sequence": "pingpongpad", "query_frame": 151, "legal_actions": 1, "elapsed_seconds": 4527.721810677089}
{"completed": 336, "total": 464, "sequence": "rightblkboy188", "query_frame": 149, "legal_actions": 4, "elapsed_seconds": 4538.691062160768}
{"completed": 337, "total": 464, "sequence": "boyfollowing", "query_frame": 148, "legal_actions": 3, "elapsed_seconds": 4547.948045362718}
{"completed": 338, "total": 464, "sequence": "girltakingmoto", "query_frame": 147, "legal_actions": 3, "elapsed_seconds": 4557.224216317758}
{"completed": 339, "total": 464, "sequence": "boycoming", "query_frame": 140, "legal_actions": 3, "elapsed_seconds": 4571.7345005581155}
{"completed": 340, "total": 464, "sequence": "10rightboy", "query_frame": 139, "legal_actions": 4, "elapsed_seconds": 4586.067728692666}
{"completed": 341, "total": 464, "sequence": "girlsheadwithhat", "query_frame": 138, "legal_actions": 3, "elapsed_seconds": 4600.773913553916}
{"completed": 342, "total": 464, "sequence": "blackturnr", "query_frame": 132, "legal_actions": 2, "elapsed_seconds": 4610.508976175915}
{"completed": 343, "total": 464, "sequence": "right4thboy", "query_frame": 131, "legal_actions": 2, "elapsed_seconds": 4621.503622754011}
{"completed": 344, "total": 464, "sequence": "carturn", "query_frame": 128, "legal_actions": 2, "elapsed_seconds": 4628.664861410856}
{"completed": 345, "total": 464, "sequence": "AQboywithumbrella415", "query_frame": 127, "legal_actions": 4, "elapsed_seconds": 4640.282562206034}
{"completed": 346, "total": 464, "sequence": "manphone", "query_frame": 124, "legal_actions": 4, "elapsed_seconds": 4650.65326390788}
{"completed": 347, "total": 464, "sequence": "blkboy", "query_frame": 122, "legal_actions": 2, "elapsed_seconds": 4657.278873594943}
{"completed": 348, "total": 464, "sequence": "blkskirtwoman", "query_frame": 118, "legal_actions": 4, "elapsed_seconds": 4665.258110892959}
{"completed": 349, "total": 464, "sequence": "redumbrellagirlcome", "query_frame": 117, "legal_actions": 3, "elapsed_seconds": 4675.293972541112}
{"completed": 350, "total": 464, "sequence": "9hatboy", "query_frame": 113, "legal_actions": 2, "elapsed_seconds": 4687.787181172986}
{"completed": 351, "total": 464, "sequence": "AQtaxi", "query_frame": 113, "legal_actions": 2, "elapsed_seconds": 4695.437269723974}
{"completed": 352, "total": 464, "sequence": "manwalkincars", "query_frame": 113, "legal_actions": 4, "elapsed_seconds": 4704.59527352266}
{"completed": 353, "total": 464, "sequence": "mototake2boys", "query_frame": 111, "legal_actions": 4, "elapsed_seconds": 4712.983590438031}
{"completed": 354, "total": 464, "sequence": "blackbaggirl", "query_frame": 109, "legal_actions": 3, "elapsed_seconds": 4720.084006669931}
{"completed": 355, "total": 464, "sequence": "boyshead2", "query_frame": 104, "legal_actions": 1, "elapsed_seconds": 4726.081084510777}
{"completed": 356, "total": 464, "sequence": "wanderingly_1202", "query_frame": 103, "legal_actions": 2, "elapsed_seconds": 4736.785970117897}
{"completed": 357, "total": 464, "sequence": "oldwoman", "query_frame": 101, "legal_actions": 2, "elapsed_seconds": 4744.9706421988085}
{"completed": 358, "total": 464, "sequence": "rightwhite_1227", "query_frame": 99, "legal_actions": 2, "elapsed_seconds": 4750.747514076065}
{"completed": 359, "total": 464, "sequence": "whiteboyback", "query_frame": 98, "legal_actions": 3, "elapsed_seconds": 4760.407600695733}
{"completed": 360, "total": 464, "sequence": "othersideoftheriver_1227", "query_frame": 96, "legal_actions": 3, "elapsed_seconds": 4771.644208280835}
{"completed": 361, "total": 464, "sequence": "whitesuvstop", "query_frame": 96, "legal_actions": 4, "elapsed_seconds": 4780.558850964997}
{"completed": 362, "total": 464, "sequence": "bigbus", "query_frame": 94, "legal_actions": 2, "elapsed_seconds": 4786.774442574941}
{"completed": 363, "total": 464, "sequence": "lightcarstop", "query_frame": 94, "legal_actions": 2, "elapsed_seconds": 4792.692973119672}
{"completed": 364, "total": 464, "sequence": "boywithshorts", "query_frame": 90, "legal_actions": 3, "elapsed_seconds": 4802.41605762206}
{"completed": 365, "total": 464, "sequence": "manbikecoming", "query_frame": 90, "legal_actions": 3, "elapsed_seconds": 4810.09318152396}
{"completed": 366, "total": 464, "sequence": "boytakebox", "query_frame": 89, "legal_actions": 4, "elapsed_seconds": 4818.857643540949}
{"completed": 367, "total": 464, "sequence": "6walkgirl", "query_frame": 88, "legal_actions": 2, "elapsed_seconds": 4827.5264294981025}
{"completed": 368, "total": 464, "sequence": "basketball", "query_frame": 88, "legal_actions": 4, "elapsed_seconds": 4834.670640391763}
{"completed": 369, "total": 464, "sequence": "1boygo", "query_frame": 86, "legal_actions": 4, "elapsed_seconds": 4841.905348112807}
{"completed": 370, "total": 464, "sequence": "greenboy", "query_frame": 83, "legal_actions": 2, "elapsed_seconds": 4850.376463819761}
{"completed": 371, "total": 464, "sequence": "rightgirlbike", "query_frame": 83, "legal_actions": 3, "elapsed_seconds": 4857.118501692079}
{"completed": 372, "total": 464, "sequence": "lightcarcome", "query_frame": 82, "legal_actions": 4, "elapsed_seconds": 4864.350239535794}
{"completed": 373, "total": 464, "sequence": "whiteboy242", "query_frame": 82, "legal_actions": 4, "elapsed_seconds": 4872.979531168006}
{"completed": 374, "total": 464, "sequence": "The_girl_back_at_the_lab_1202", "query_frame": 80, "legal_actions": 1, "elapsed_seconds": 4879.786875041667}
{"completed": 375, "total": 464, "sequence": "bluelittletruck", "query_frame": 79, "legal_actions": 4, "elapsed_seconds": 4885.960603627842}
{"completed": 376, "total": 464, "sequence": "redmotocome", "query_frame": 76, "legal_actions": 2, "elapsed_seconds": 4891.526183279697}
{"completed": 377, "total": 464, "sequence": "boyatbluegirlleft", "query_frame": 75, "legal_actions": 2, "elapsed_seconds": 4898.965021358803}
{"completed": 378, "total": 464, "sequence": "boyrun", "query_frame": 74, "legal_actions": 4, "elapsed_seconds": 4906.169967614114}
{"completed": 379, "total": 464, "sequence": "belowyellow-gai", "query_frame": 73, "legal_actions": 3, "elapsed_seconds": 4913.8330699526705}
{"completed": 380, "total": 464, "sequence": "umbrellainred", "query_frame": 73, "legal_actions": 1, "elapsed_seconds": 4918.302829317749}
{"completed": 381, "total": 464, "sequence": "boyalone", "query_frame": 72, "legal_actions": 4, "elapsed_seconds": 4926.449311512057}
{"completed": 382, "total": 464, "sequence": "blkmotocome", "query_frame": 70, "legal_actions": 4, "elapsed_seconds": 4933.091202450916}
{"completed": 383, "total": 464, "sequence": "boyplayingphone", "query_frame": 69, "legal_actions": 2, "elapsed_seconds": 4940.461306242738}
{"completed": 384, "total": 464, "sequence": "carstart189", "query_frame": 68, "legal_actions": 2, "elapsed_seconds": 4944.960194145795}
{"completed": 385, "total": 464, "sequence": "blkboywithwhitebackpack", "query_frame": 65, "legal_actions": 2, "elapsed_seconds": 4951.723759058863}
{"completed": 386, "total": 464, "sequence": "greenboywithgirl", "query_frame": 65, "legal_actions": 3, "elapsed_seconds": 4959.130104138982}
{"completed": 387, "total": 464, "sequence": "2girlsridebikes", "query_frame": 64, "legal_actions": 2, "elapsed_seconds": 4964.432514494751}
{"completed": 388, "total": 464, "sequence": "blackmanleft", "query_frame": 62, "legal_actions": 2, "elapsed_seconds": 4970.08468277473}
{"completed": 389, "total": 464, "sequence": "doginrain", "query_frame": 62, "legal_actions": 3, "elapsed_seconds": 4975.700635676738}
{"completed": 390, "total": 464, "sequence": "redwhitegirl", "query_frame": 61, "legal_actions": 3, "elapsed_seconds": 4981.378828424029}
{"completed": 391, "total": 464, "sequence": "girlaftertree", "query_frame": 59, "legal_actions": 3, "elapsed_seconds": 4988.02039294783}
{"completed": 392, "total": 464, "sequence": "mancrossroad", "query_frame": 59, "legal_actions": 4, "elapsed_seconds": 4995.429348659702}
{"completed": 393, "total": 464, "sequence": "AQbikeback", "query_frame": 57, "legal_actions": 4, "elapsed_seconds": 5002.077786077745}
{"completed": 394, "total": 464, "sequence": "moto2north101", "query_frame": 57, "legal_actions": 2, "elapsed_seconds": 5007.214821579866}
{"completed": 395, "total": 464, "sequence": "fallenbikeitself", "query_frame": 56, "legal_actions": 1, "elapsed_seconds": 5012.377571275923}
{"completed": 396, "total": 464, "sequence": "gonemoto_ab", "query_frame": 54, "legal_actions": 3, "elapsed_seconds": 5018.173506661784}
{"completed": 397, "total": 464, "sequence": "browncarturn", "query_frame": 53, "legal_actions": 2, "elapsed_seconds": 5021.882600125857}
{"completed": 398, "total": 464, "sequence": "motowithtop", "query_frame": 51, "legal_actions": 4, "elapsed_seconds": 5028.47249646578}
{"completed": 399, "total": 464, "sequence": "schoolbus", "query_frame": 51, "legal_actions": 2, "elapsed_seconds": 5032.9196020057425}
{"completed": 400, "total": 464, "sequence": "girlgoleft", "query_frame": 49, "legal_actions": 3, "elapsed_seconds": 5040.57086420292}
{"completed": 401, "total": 464, "sequence": "woman", "query_frame": 49, "legal_actions": 4, "elapsed_seconds": 5047.203402636107}
{"completed": 402, "total": 464, "sequence": "man", "query_frame": 48, "legal_actions": 3, "elapsed_seconds": 5051.526027055923}
{"completed": 403, "total": 464, "sequence": "blkcarstart", "query_frame": 46, "legal_actions": 4, "elapsed_seconds": 5057.959651011974}
{"completed": 404, "total": 464, "sequence": "motoinrain", "query_frame": 45, "legal_actions": 4, "elapsed_seconds": 5064.313853563741}
{"completed": 405, "total": 464, "sequence": "womanongrass", "query_frame": 45, "legal_actions": 3, "elapsed_seconds": 5068.60038857488}
{"completed": 406, "total": 464, "sequence": "moto2west", "query_frame": 43, "legal_actions": 2, "elapsed_seconds": 5072.549435497727}
{"completed": 407, "total": 464, "sequence": "5runfour", "query_frame": 42, "legal_actions": 3, "elapsed_seconds": 5079.807984201703}
{"completed": 408, "total": 464, "sequence": "mototake2boys123", "query_frame": 42, "legal_actions": 2, "elapsed_seconds": 5084.232798669022}
{"completed": 409, "total": 464, "sequence": "5runone", "query_frame": 41, "legal_actions": 4, "elapsed_seconds": 5091.613095493987}
{"completed": 410, "total": 464, "sequence": "ab_motoinrain", "query_frame": 40, "legal_actions": 4, "elapsed_seconds": 5096.596783235669}
{"completed": 411, "total": 464, "sequence": "whitecarleave198", "query_frame": 40, "legal_actions": 2, "elapsed_seconds": 5101.189716858789}
{"completed": 412, "total": 464, "sequence": "motostraught2east", "query_frame": 39, "legal_actions": 4, "elapsed_seconds": 5107.267064880114}
{"completed": 413, "total": 464, "sequence": "2ndbikecoming", "query_frame": 38, "legal_actions": 3, "elapsed_seconds": 5112.580478393938}
{"completed": 414, "total": 464, "sequence": "checkedshirt", "query_frame": 38, "legal_actions": 4, "elapsed_seconds": 5119.027007728815}
{"completed": 415, "total": 464, "sequence": "blackman2", "query_frame": 37, "legal_actions": 3, "elapsed_seconds": 5123.5976788681}
{"completed": 416, "total": 464, "sequence": "motolightturnright", "query_frame": 37, "legal_actions": 2, "elapsed_seconds": 5127.491776637733}
{"completed": 417, "total": 464, "sequence": "bikeout", "query_frame": 34, "legal_actions": 1, "elapsed_seconds": 5131.710079092998}
{"completed": 418, "total": 464, "sequence": "blueboy85", "query_frame": 34, "legal_actions": 4, "elapsed_seconds": 5137.205897910055}
{"completed": 419, "total": 464, "sequence": "manaftertrees", "query_frame": 33, "legal_actions": 3, "elapsed_seconds": 5142.609782048035}
{"completed": 420, "total": 464, "sequence": "blackcargo", "query_frame": 32, "legal_actions": 2, "elapsed_seconds": 5145.975032425951}
{"completed": 421, "total": 464, "sequence": "whitecarstart", "query_frame": 32, "legal_actions": 2, "elapsed_seconds": 5149.673632191028}
{"completed": 422, "total": 464, "sequence": "blackphoneboy", "query_frame": 31, "legal_actions": 4, "elapsed_seconds": 5154.782281324733}
{"completed": 423, "total": 464, "sequence": "whitemancome", "query_frame": 31, "legal_actions": 1, "elapsed_seconds": 5156.789016376715}
{"completed": 424, "total": 464, "sequence": "Take_an_umbrella_1202", "query_frame": 29, "legal_actions": 1, "elapsed_seconds": 5159.658034193795}
{"completed": 425, "total": 464, "sequence": "blackridebike2", "query_frame": 29, "legal_actions": 2, "elapsed_seconds": 5163.053085346706}
{"completed": 426, "total": 464, "sequence": "whitecarturn178", "query_frame": 29, "legal_actions": 2, "elapsed_seconds": 5167.369652339723}
{"completed": 427, "total": 464, "sequence": "motofromdark", "query_frame": 28, "legal_actions": 3, "elapsed_seconds": 5171.76291716611}
{"completed": 428, "total": 464, "sequence": "blackpantsman", "query_frame": 27, "legal_actions": 4, "elapsed_seconds": 5177.6502967709675}
{"completed": 429, "total": 464, "sequence": "boywithshorts2", "query_frame": 26, "legal_actions": 2, "elapsed_seconds": 5180.8202434349805}
{"completed": 430, "total": 464, "sequence": "blkboywithbluebag", "query_frame": 26, "legal_actions": 2, "elapsed_seconds": 5183.889374165796}
{"completed": 431, "total": 464, "sequence": "9whitegirl", "query_frame": 25, "legal_actions": 4, "elapsed_seconds": 5188.781806277111}
{"completed": 432, "total": 464, "sequence": "camonflageatbike", "query_frame": 24, "legal_actions": 4, "elapsed_seconds": 5193.799338174984}
{"completed": 433, "total": 464, "sequence": "takeoutmoto", "query_frame": 24, "legal_actions": 2, "elapsed_seconds": 5197.410720764659}
{"completed": 434, "total": 464, "sequence": "blackbagbike", "query_frame": 23, "legal_actions": 2, "elapsed_seconds": 5201.27482512407}
{"completed": 435, "total": 464, "sequence": "lover_1202", "query_frame": 23, "legal_actions": 2, "elapsed_seconds": 5205.221444380004}
{"completed": 436, "total": 464, "sequence": "meituanbike", "query_frame": 23, "legal_actions": 4, "elapsed_seconds": 5209.60434458591}
{"completed": 437, "total": 464, "sequence": "shunfengtribike", "query_frame": 21, "legal_actions": 2, "elapsed_seconds": 5212.991188880056}
{"completed": 438, "total": 464, "sequence": "redcarturn", "query_frame": 20, "legal_actions": 2, "elapsed_seconds": 5216.333731750958}
{"completed": 439, "total": 464, "sequence": "leftthrowfoam", "query_frame": 19, "legal_actions": 2, "elapsed_seconds": 5217.796113894787}
{"completed": 440, "total": 464, "sequence": "1righttwogreen", "query_frame": 18, "legal_actions": 4, "elapsed_seconds": 5223.639717319049}
{"completed": 441, "total": 464, "sequence": "downwhite_1227", "query_frame": 18, "legal_actions": 3, "elapsed_seconds": 5228.291306132916}
{"completed": 442, "total": 464, "sequence": "motocomenight", "query_frame": 17, "legal_actions": 2, "elapsed_seconds": 5230.745647883043}
{"completed": 443, "total": 464, "sequence": "2boys", "query_frame": 15, "legal_actions": 2, "elapsed_seconds": 5233.356742914766}
{"completed": 444, "total": 464, "sequence": "Aab_whitecarturn", "query_frame": 15, "legal_actions": 4, "elapsed_seconds": 5238.60082410695}
{"completed": 445, "total": 464, "sequence": "moto2trees", "query_frame": 15, "legal_actions": 2, "elapsed_seconds": 5241.495811134111}
{"completed": 446, "total": 464, "sequence": "motobesidescar", "query_frame": 15, "legal_actions": 3, "elapsed_seconds": 5246.119231658056}
{"completed": 447, "total": 464, "sequence": "manbesideslight", "query_frame": 14, "legal_actions": 2, "elapsed_seconds": 5250.409671375994}
{"completed": 448, "total": 464, "sequence": "agirl_1202", "query_frame": 14, "legal_actions": 4, "elapsed_seconds": 5254.712749024853}
{"completed": 449, "total": 464, "sequence": "truck", "query_frame": 13, "legal_actions": 4, "elapsed_seconds": 5259.448011083063}
{"completed": 450, "total": 464, "sequence": "greenleftthewhite", "query_frame": 12, "legal_actions": 2, "elapsed_seconds": 5263.821339813061}
{"completed": 451, "total": 464, "sequence": "5numone", "query_frame": 11, "legal_actions": 4, "elapsed_seconds": 5268.735658762045}
{"completed": 452, "total": 464, "sequence": "carout", "query_frame": 11, "legal_actions": 4, "elapsed_seconds": 5273.1255805748515}
{"completed": 453, "total": 464, "sequence": "Acarlightcome", "query_frame": 10, "legal_actions": 2, "elapsed_seconds": 5276.1025260067545}
{"completed": 454, "total": 464, "sequence": "whitemotoout", "query_frame": 9, "legal_actions": 4, "elapsed_seconds": 5281.057830301113}
{"completed": 455, "total": 464, "sequence": "midgirl", "query_frame": 7, "legal_actions": 3, "elapsed_seconds": 5285.263979996089}
{"completed": 456, "total": 464, "sequence": "downmoto", "query_frame": 7, "legal_actions": 3, "elapsed_seconds": 5288.28412735695}
{"completed": 457, "total": 464, "sequence": "whiteboyphone", "query_frame": 6, "legal_actions": 4, "elapsed_seconds": 5293.1160664469935}
{"completed": 458, "total": 464, "sequence": "AQrightofcomingmotos", "query_frame": 5, "legal_actions": 2, "elapsed_seconds": 5295.633513458073}
{"completed": 459, "total": 464, "sequence": "redcar", "query_frame": 5, "legal_actions": 4, "elapsed_seconds": 5300.029296697117}
{"completed": 460, "total": 464, "sequence": "blkman2trees", "query_frame": 4, "legal_actions": 4, "elapsed_seconds": 5304.00099371979}
{"completed": 461, "total": 464, "sequence": "easy_rightblkboywithgirl", "query_frame": 3, "legal_actions": 2, "elapsed_seconds": 5306.898764957674}
{"completed": 462, "total": 464, "sequence": "threepeople", "query_frame": 3, "legal_actions": 4, "elapsed_seconds": 5311.5378757989965}
{"completed": 463, "total": 464, "sequence": "girlatleft", "query_frame": 2, "legal_actions": 2, "elapsed_seconds": 5314.408658208791}
{"completed": 464, "total": 464, "sequence": "ab_pingpongball3", "query_frame": 1, "legal_actions": 3, "elapsed_seconds": 5319.216384927742}
