/data/gb/envs/gola/lib/python3.10/site-packages/timm/models/layers/__init__.py:48: FutureWarning: Importing from timm.models.layers is deprecated, please import via timm.layers
  warnings.warn(f"Importing from {__name__} is deprecated, please import via timm.layers", FutureWarning)
{"completed": 1, "total": 22, "sequence": "lowerfoam2throw", "query_frame": 19, "event_id": "lowerfoam2throw:normal:19"}
{"completed": 2, "total": 22, "sequence": "womanstartbike", "query_frame": 80, "event_id": "womanstartbike:normal:80"}
{"completed": 3, "total": 22, "sequence": "girlbikeinlight", "query_frame": 367, "event_id": "girlbikeinlight:old4failure:369"}
{"completed": 4, "total": 22, "sequence": "girlbikeinlight", "query_frame": 372, "event_id": "girlbikeinlight:old4failure:369"}
{"completed": 5, "total": 22, "sequence": "rightgirlplayingphone", "query_frame": 603, "event_id": "rightgirlplayingphone:old4failure:602"}
{"completed": 6, "total": 22, "sequence": "boyplayingphone366", "query_frame": 174, "event_id": "boyplayingphone366:old4failure:174"}
{"completed": 7, "total": 22, "sequence": "girlback", "query_frame": 368, "event_id": "girlback:old4failure:369"}
{"completed": 8, "total": 22, "sequence": "manatwhiteright", "query_frame": 113, "event_id": "manatwhiteright:old4failure:115"}
{"completed": 9, "total": 22, "sequence": "tallboyNumber_9", "query_frame": 676, "event_id": "tallboyNumber_9:old4failure:678"}
{"completed": 10, "total": 22, "sequence": "tallboyNumber_9", "query_frame": 681, "event_id": "tallboyNumber_9:old4failure:678"}
{"completed": 11, "total": 22, "sequence": "boy", "query_frame": 195, "event_id": "boy:old4failure:194"}
{"completed": 12, "total": 22, "sequence": "yellowgirlwithbowl", "query_frame": 56, "event_id": "yellowgirlwithbowl:old4failure:56"}
{"completed": 13, "total": 22, "sequence": "Amidredgirl", "query_frame": 251, "event_id": "Amidredgirl:old4failure:252"}
{"completed": 14, "total": 22, "sequence": "AQmanfromdarktrees", "query_frame": 223, "event_id": "AQmanfromdarktrees:old4failure:225"}
{"completed": 15, "total": 22, "sequence": "AQmanfromdarktrees", "query_frame": 228, "event_id": "AQmanfromdarktrees:old4failure:225"}
{"completed": 16, "total": 22, "sequence": "1strowleft3rdgirl", "query_frame": 114, "event_id": "1strowleft3rdgirl:old4failure:113"}
{"completed": 17, "total": 22, "sequence": "1strowright2ndgirl", "query_frame": 367, "event_id": "1strowright2ndgirl:old4failure:367"}
{"completed": 18, "total": 22, "sequence": "2ndblkboy1_quezhen", "query_frame": 491, "event_id": "2ndblkboy1_quezhen:old4failure:492"}
{"completed": 19, "total": 22, "sequence": "rightbottle-gai", "query_frame": 7, "event_id": "rightbottle-gai:old4failure:9"}
{"completed": 20, "total": 22, "sequence": "rightbottle-gai", "query_frame": 12, "event_id": "rightbottle-gai:old4failure:9"}
{"completed": 21, "total": 22, "sequence": "rightboywithbackpackandumbrella", "query_frame": 250, "event_id": "rightboywithbackpackandumbrella:old4failure:249"}
{"completed": 22, "total": 22, "sequence": "boyride2trees", "query_frame": 539, "event_id": "boyride2trees:old4failure:539"}
