/data/gb/envs/gola/lib/python3.10/site-packages/timm/models/layers/__init__.py:48: FutureWarning: Importing from timm.models.layers is deprecated, please import via timm.layers
  warnings.warn(f"Importing from {__name__} is deprecated, please import via timm.layers", FutureWarning)
{"completed": 1, "total": 22, "sequence": "rightboybesidesredcar", "query_frame": 136, "event_id": "rightboybesidesredcar:normal:136"}
{"completed": 2, "total": 22, "sequence": "manopendoor", "query_frame": 25, "event_id": "manopendoor:normal:25"}
{"completed": 3, "total": 22, "sequence": "girlbikeinlight", "query_frame": 369, "event_id": "girlbikeinlight:old4failure:369"}
{"completed": 4, "total": 22, "sequence": "rightgirlplayingphone", "query_frame": 601, "event_id": "rightgirlplayingphone:old4failure:602"}
{"completed": 5, "total": 22, "sequence": "boyplayingphone366", "query_frame": 172, "event_id": "boyplayingphone366:old4failure:174"}
{"completed": 6, "total": 22, "sequence": "boyplayingphone366", "query_frame": 177, "event_id": "boyplayingphone366:old4failure:174"}
{"completed": 7, "total": 22, "sequence": "girlback", "query_frame": 370, "event_id": "girlback:old4failure:369"}
{"completed": 8, "total": 22, "sequence": "manatwhiteright", "query_frame": 116, "event_id": "manatwhiteright:old4failure:115"}
{"completed": 9, "total": 22, "sequence": "tallboyNumber_9", "query_frame": 678, "event_id": "tallboyNumber_9:old4failure:678"}
{"completed": 10, "total": 22, "sequence": "boy", "query_frame": 193, "event_id": "boy:old4failure:194"}
{"completed": 11, "total": 22, "sequence": "yellowgirlwithbowl", "query_frame": 54, "event_id": "yellowgirlwithbowl:old4failure:56"}
{"completed": 12, "total": 22, "sequence": "yellowgirlwithbowl", "query_frame": 59, "event_id": "yellowgirlwithbowl:old4failure:56"}
{"completed": 13, "total": 22, "sequence": "Amidredgirl", "query_frame": 253, "event_id": "Amidredgirl:old4failure:252"}
{"completed": 14, "total": 22, "sequence": "AQmanfromdarktrees", "query_frame": 225, "event_id": "AQmanfromdarktrees:old4failure:225"}
{"completed": 15, "total": 22, "sequence": "1strowleft3rdgirl", "query_frame": 112, "event_id": "1strowleft3rdgirl:old4failure:113"}
{"completed": 16, "total": 22, "sequence": "1strowright2ndgirl", "query_frame": 365, "event_id": "1strowright2ndgirl:old4failure:367"}
{"completed": 17, "total": 22, "sequence": "1strowright2ndgirl", "query_frame": 370, "event_id": "1strowright2ndgirl:old4failure:367"}
{"completed": 18, "total": 22, "sequence": "2ndblkboy1_quezhen", "query_frame": 493, "event_id": "2ndblkboy1_quezhen:old4failure:492"}
{"completed": 19, "total": 22, "sequence": "rightbottle-gai", "query_frame": 9, "event_id": "rightbottle-gai:old4failure:9"}
{"completed": 20, "total": 22, "sequence": "rightboywithbackpackandumbrella", "query_frame": 248, "event_id": "rightboywithbackpackandumbrella:old4failure:249"}
{"completed": 21, "total": 22, "sequence": "boyride2trees", "query_frame": 537, "event_id": "boyride2trees:old4failure:539"}
{"completed": 22, "total": 22, "sequence": "boyride2trees", "query_frame": 542, "event_id": "boyride2trees:old4failure:539"}
