/data/gb/envs/gola/lib/python3.10/site-packages/timm/models/layers/__init__.py:48: FutureWarning: Importing from timm.models.layers is deprecated, please import via timm.layers
  warnings.warn(f"Importing from {__name__} is deprecated, please import via timm.layers", FutureWarning)
{"completed": 1, "total": 21, "sequence": "whitacatfrombush", "query_frame": 476, "event_id": "whitacatfrombush:normal:476"}
{"completed": 2, "total": 21, "sequence": "blackboypushbike", "query_frame": 132, "event_id": "blackboypushbike:normal:132"}
{"completed": 3, "total": 21, "sequence": "girlbikeinlight", "query_frame": 370, "event_id": "girlbikeinlight:old4failure:369"}
{"completed": 4, "total": 21, "sequence": "rightgirlplayingphone", "query_frame": 602, "event_id": "rightgirlplayingphone:old4failure:602"}
{"completed": 5, "total": 21, "sequence": "boyplayingphone366", "query_frame": 173, "event_id": "boyplayingphone366:old4failure:174"}
{"completed": 6, "total": 21, "sequence": "girlback", "query_frame": 367, "event_id": "girlback:old4failure:369"}
{"completed": 7, "total": 21, "sequence": "girlback", "query_frame": 372, "event_id": "girlback:old4failure:369"}
{"completed": 8, "total": 21, "sequence": "manatwhiteright", "query_frame": 118, "event_id": "manatwhiteright:old4failure:115"}
{"completed": 9, "total": 21, "sequence": "tallboyNumber_9", "query_frame": 679, "event_id": "tallboyNumber_9:old4failure:678"}
{"completed": 10, "total": 21, "sequence": "boy", "query_frame": 194, "event_id": "boy:old4failure:194"}
{"completed": 11, "total": 21, "sequence": "yellowgirlwithbowl", "query_frame": 55, "event_id": "yellowgirlwithbowl:old4failure:56"}
{"completed": 12, "total": 21, "sequence": "Amidredgirl", "query_frame": 250, "event_id": "Amidredgirl:old4failure:252"}
{"completed": 13, "total": 21, "sequence": "Amidredgirl", "query_frame": 255, "event_id": "Amidredgirl:old4failure:252"}
{"completed": 14, "total": 21, "sequence": "AQmanfromdarktrees", "query_frame": 226, "event_id": "AQmanfromdarktrees:old4failure:225"}
{"completed": 15, "total": 21, "sequence": "1strowleft3rdgirl", "query_frame": 113, "event_id": "1strowleft3rdgirl:old4failure:113"}
{"completed": 16, "total": 21, "sequence": "1strowright2ndgirl", "query_frame": 366, "event_id": "1strowright2ndgirl:old4failure:367"}
{"completed": 17, "total": 21, "sequence": "2ndblkboy1_quezhen", "query_frame": 490, "event_id": "2ndblkboy1_quezhen:old4failure:492"}
{"completed": 18, "total": 21, "sequence": "2ndblkboy1_quezhen", "query_frame": 495, "event_id": "2ndblkboy1_quezhen:old4failure:492"}
{"completed": 19, "total": 21, "sequence": "rightbottle-gai", "query_frame": 10, "event_id": "rightbottle-gai:old4failure:9"}
{"completed": 20, "total": 21, "sequence": "rightboywithbackpackandumbrella", "query_frame": 249, "event_id": "rightboywithbackpackandumbrella:old4failure:249"}
{"completed": 21, "total": 21, "sequence": "boyride2trees", "query_frame": 538, "event_id": "boyride2trees:old4failure:539"}
