/data/gb/envs/gola/lib/python3.10/site-packages/timm/models/layers/__init__.py:48: FutureWarning: Importing from timm.models.layers is deprecated, please import via timm.layers
  warnings.warn(f"Importing from {__name__} is deprecated, please import via timm.layers", FutureWarning)
/data/gb/GOLA/research/collect_rollouts.py:76: UserWarning: The given NumPy array is not writable, and PyTorch does not support non-writable tensors. This means writing to this tensor will result in undefined behavior. You may want to copy the array to protect its data or make it writable before converting it to a tensor. This type of warning will be suppressed for the rest of this program. (Triggered internally at ../torch/csrc/utils/tensor_numpy.cpp:206.)
  return float(box_iou(torch.from_numpy(box), torch.from_numpy(target)))
{"completed_queries": 2, "queries": 151, "elapsed_seconds": 46.48318780492991}
{"completed_queries": 3, "queries": 151, "elapsed_seconds": 110.37885568104684}
{"completed_queries": 5, "queries": 151, "elapsed_seconds": 188.66612741490826}
{"completed_queries": 6, "queries": 151, "elapsed_seconds": 251.56652315706015}
{"completed_queries": 9, "queries": 151, "elapsed_seconds": 297.8030661791563}
{"completed_queries": 10, "queries": 151, "elapsed_seconds": 348.29105096589774}
{"completed_queries": 12, "queries": 151, "elapsed_seconds": 409.7535853260197}
{"completed_queries": 15, "queries": 151, "elapsed_seconds": 468.91977351810783}
{"completed_queries": 19, "queries": 151, "elapsed_seconds": 524.0402217297815}
{"completed_queries": 20, "queries": 151, "elapsed_seconds": 578.2054664101452}
{"completed_queries": 21, "queries": 151, "elapsed_seconds": 635.6509765400551}
{"completed_queries": 24, "queries": 151, "elapsed_seconds": 678.6609639418311}
{"completed_queries": 27, "queries": 151, "elapsed_seconds": 730.6272179661319}
{"completed_queries": 29, "queries": 151, "elapsed_seconds": 783.2598590860143}
{"completed_queries": 31, "queries": 151, "elapsed_seconds": 838.9771877229214}
{"completed_queries": 32, "queries": 151, "elapsed_seconds": 893.1110810129903}
{"completed_queries": 33, "queries": 151, "elapsed_seconds": 935.939995998051}
{"completed_queries": 34, "queries": 151, "elapsed_seconds": 979.041575700976}
{"completed_queries": 37, "queries": 151, "elapsed_seconds": 1028.1953980661929}
{"completed_queries": 40, "queries": 151, "elapsed_seconds": 1073.0648916731589}
{"completed_queries": 42, "queries": 151, "elapsed_seconds": 1131.9376572580077}
{"completed_queries": 44, "queries": 151, "elapsed_seconds": 1187.738149708137}
{"completed_queries": 45, "queries": 151, "elapsed_seconds": 1236.8271502829157}
{"completed_queries": 46, "queries": 151, "elapsed_seconds": 1288.5799680259079}
{"completed_queries": 48, "queries": 151, "elapsed_seconds": 1341.2678722548299}
{"completed_queries": 50, "queries": 151, "elapsed_seconds": 1409.5012494628318}
{"completed_queries": 52, "queries": 151, "elapsed_seconds": 1453.0379586168565}
{"completed_queries": 54, "queries": 151, "elapsed_seconds": 1541.5873164949007}
{"completed_queries": 57, "queries": 151, "elapsed_seconds": 1631.4343009120785}
{"completed_queries": 60, "queries": 151, "elapsed_seconds": 1712.6326403860003}
{"completed_queries": 61, "queries": 151, "elapsed_seconds": 1776.3880659369752}
{"completed_queries": 62, "queries": 151, "elapsed_seconds": 1838.0841508759186}
{"completed_queries": 65, "queries": 151, "elapsed_seconds": 1883.9673539651558}
{"completed_queries": 66, "queries": 151, "elapsed_seconds": 1930.9970430051908}
{"completed_queries": 69, "queries": 151, "elapsed_seconds": 1982.4983957167715}
{"completed_queries": 70, "queries": 151, "elapsed_seconds": 2032.6431949501857}
{"completed_queries": 71, "queries": 151, "elapsed_seconds": 2089.507170953788}
{"completed_queries": 73, "queries": 151, "elapsed_seconds": 2135.497198491823}
{"completed_queries": 74, "queries": 151, "elapsed_seconds": 2177.3778204051778}
{"completed_queries": 76, "queries": 151, "elapsed_seconds": 2223.10800246289}
{"completed_queries": 77, "queries": 151, "elapsed_seconds": 2270.0728929359466}
{"completed_queries": 82, "queries": 151, "elapsed_seconds": 2316.385781269055}
{"completed_queries": 83, "queries": 151, "elapsed_seconds": 2372.531392869074}
{"completed_queries": 87, "queries": 151, "elapsed_seconds": 2422.738520503044}
{"completed_queries": 91, "queries": 151, "elapsed_seconds": 2464.182931123767}
{"completed_queries": 92, "queries": 151, "elapsed_seconds": 2524.4139898079447}
{"completed_queries": 95, "queries": 151, "elapsed_seconds": 2573.359674031846}
{"completed_queries": 96, "queries": 151, "elapsed_seconds": 2622.1242403038777}
{"completed_queries": 98, "queries": 151, "elapsed_seconds": 2685.6555759031326}
{"completed_queries": 100, "queries": 151, "elapsed_seconds": 2720.9149087239057}
{"completed_queries": 101, "queries": 151, "elapsed_seconds": 2765.759650296066}
{"completed_queries": 102, "queries": 151, "elapsed_seconds": 2806.80323961284}
{"completed_queries": 105, "queries": 151, "elapsed_seconds": 2858.901234793011}
{"completed_queries": 107, "queries": 151, "elapsed_seconds": 2908.593348241877}
{"completed_queries": 109, "queries": 151, "elapsed_seconds": 2970.5736818430014}
{"completed_queries": 110, "queries": 151, "elapsed_seconds": 3016.5032646069303}
{"completed_queries": 111, "queries": 151, "elapsed_seconds": 3055.67893104814}
{"completed_queries": 112, "queries": 151, "elapsed_seconds": 3111.7958067981526}
{"completed_queries": 113, "queries": 151, "elapsed_seconds": 3151.7709285560995}
{"completed_queries": 115, "queries": 151, "elapsed_seconds": 3188.9406657577492}
{"completed_queries": 117, "queries": 151, "elapsed_seconds": 3240.362650037743}
{"completed_queries": 120, "queries": 151, "elapsed_seconds": 3281.7320797177963}
{"completed_queries": 121, "queries": 151, "elapsed_seconds": 3340.4140804349445}
{"completed_queries": 126, "queries": 151, "elapsed_seconds": 3390.771316547878}
{"completed_queries": 127, "queries": 151, "elapsed_seconds": 3440.82002365496}
{"completed_queries": 129, "queries": 151, "elapsed_seconds": 3484.2172715109773}
{"completed_queries": 131, "queries": 151, "elapsed_seconds": 3530.6546325529926}
{"completed_queries": 133, "queries": 151, "elapsed_seconds": 3572.678853389807}
{"completed_queries": 134, "queries": 151, "elapsed_seconds": 3621.9087750217877}
{"completed_queries": 135, "queries": 151, "elapsed_seconds": 3680.6544723929837}
{"completed_queries": 137, "queries": 151, "elapsed_seconds": 3721.487896673847}
{"completed_queries": 138, "queries": 151, "elapsed_seconds": 3775.227076565847}
{"completed_queries": 140, "queries": 151, "elapsed_seconds": 3820.4471666608006}
{"completed_queries": 142, "queries": 151, "elapsed_seconds": 3863.250870804768}
{"completed_queries": 146, "queries": 151, "elapsed_seconds": 3917.317427564878}
{"completed_queries": 147, "queries": 151, "elapsed_seconds": 3964.5825689849444}
{"completed_queries": 149, "queries": 151, "elapsed_seconds": 3998.353338030167}
{"completed_queries": 151, "queries": 151, "elapsed_seconds": 4046.4441066319123}
Traceback (most recent call last):
  File "/data/gb/envs/gola/lib/python3.10/runpy.py", line 196, in _run_module_as_main
    return _run_code(code, main_globals, None,
  File "/data/gb/envs/gola/lib/python3.10/runpy.py", line 86, in _run_code
    exec(code, run_globals)
  File "/data/gb/GOLA/research/audit_dense_candidates.py", line 332, in <module>
    report['summary']['extra_search'] = {
  File "/data/gb/GOLA/research/audit_dense_candidates.py", line 328, in main
    'target_center_inside_actual_adjusted_original_crop': sum(r['target_center_inside_actual_adjusted_crop'] for r in rows),
  File "/data/gb/envs/gola/lib/python3.10/json/__init__.py", line 238, in dumps
    **kw).encode(obj)
  File "/data/gb/envs/gola/lib/python3.10/json/encoder.py", line 201, in encode
    chunks = list(chunks)
  File "/data/gb/envs/gola/lib/python3.10/json/encoder.py", line 431, in _iterencode
    yield from _iterencode_dict(o, _current_indent_level)
  File "/data/gb/envs/gola/lib/python3.10/json/encoder.py", line 405, in _iterencode_dict
    yield from chunks
  File "/data/gb/envs/gola/lib/python3.10/json/encoder.py", line 325, in _iterencode_list
    yield from chunks
  File "/data/gb/envs/gola/lib/python3.10/json/encoder.py", line 405, in _iterencode_dict
    yield from chunks
  File "/data/gb/envs/gola/lib/python3.10/json/encoder.py", line 405, in _iterencode_dict
    yield from chunks
  File "/data/gb/envs/gola/lib/python3.10/json/encoder.py", line 397, in _iterencode_dict
    yield _floatstr(value)
  File "/data/gb/envs/gola/lib/python3.10/json/encoder.py", line 239, in floatstr
    raise ValueError(
ValueError: Out of range float values are not JSON compliant: nan
