/data/gb/envs/gola/lib/python3.10/site-packages/timm/models/layers/__init__.py:48: FutureWarning: Importing from timm.models.layers is deprecated, please import via timm.layers
  warnings.warn(f"Importing from {__name__} is deprecated, please import via timm.layers", FutureWarning)
{"completed": 1, "total": 24, "sequence": "midtallboycoming", "query_frame": 186, "event_id": "midtallboycoming:failure:187"}
{"completed": 2, "total": 24, "sequence": "midtallboycoming", "query_frame": 188, "event_id": "midtallboycoming:failure:187"}
{"completed": 3, "total": 24, "sequence": "lastrowrightboy", "query_frame": 76, "event_id": "lastrowrightboy:failure:78"}
{"completed": 4, "total": 24, "sequence": "lastrowrightboy", "query_frame": 78, "event_id": "lastrowrightboy:failure:78"}
{"completed": 5, "total": 24, "sequence": "lastrowrightboy", "query_frame": 81, "event_id": "lastrowrightboy:failure:78"}
{"completed": 6, "total": 24, "sequence": "midpinkblkglasscup", "query_frame": 68, "event_id": "midpinkblkglasscup:failure:69"}
{"completed": 7, "total": 24, "sequence": "midpinkblkglasscup", "query_frame": 70, "event_id": "midpinkblkglasscup:failure:69"}
{"completed": 8, "total": 24, "sequence": "redbaginbike", "query_frame": 58, "event_id": "redbaginbike:failure:60"}
{"completed": 9, "total": 24, "sequence": "redbaginbike", "query_frame": 60, "event_id": "redbaginbike:failure:60"}
{"completed": 10, "total": 24, "sequence": "redbaginbike", "query_frame": 63, "event_id": "redbaginbike:failure:60"}
{"completed": 11, "total": 24, "sequence": "leftbroom", "query_frame": 350, "event_id": "leftbroom:failure:351"}
{"completed": 12, "total": 24, "sequence": "leftbroom", "query_frame": 352, "event_id": "leftbroom:failure:351"}
{"completed": 13, "total": 24, "sequence": "whiteboycome", "query_frame": 597, "event_id": "whiteboycome:failure:599"}
{"completed": 14, "total": 24, "sequence": "whiteboycome", "query_frame": 599, "event_id": "whiteboycome:failure:599"}
{"completed": 15, "total": 24, "sequence": "whiteboycome", "query_frame": 602, "event_id": "whiteboycome:failure:599"}
{"completed": 16, "total": 24, "sequence": "rightwhiteboy", "query_frame": 585, "event_id": "rightwhiteboy:failure:586"}
{"completed": 17, "total": 24, "sequence": "rightwhiteboy", "query_frame": 587, "event_id": "rightwhiteboy:failure:586"}
{"completed": 18, "total": 24, "sequence": "leftconergirl", "query_frame": 322, "event_id": "leftconergirl:failure:324"}
{"completed": 19, "total": 24, "sequence": "leftconergirl", "query_frame": 324, "event_id": "leftconergirl:failure:324"}
{"completed": 20, "total": 24, "sequence": "leftconergirl", "query_frame": 327, "event_id": "leftconergirl:failure:324"}
{"completed": 21, "total": 24, "sequence": "whitegirl209", "query_frame": 52, "event_id": "whitegirl209:normal:52"}
{"completed": 22, "total": 24, "sequence": "whitacatfrombush", "query_frame": 476, "event_id": "whitacatfrombush:normal:476"}
{"completed": 23, "total": 24, "sequence": "Aab_whitecarturn", "query_frame": 135, "event_id": "Aab_whitecarturn:normal:135"}
{"completed": 24, "total": 24, "sequence": "blackboypushbike", "query_frame": 132, "event_id": "blackboypushbike:normal:132"}
