/data/gb/envs/gola/lib/python3.10/site-packages/timm/models/layers/__init__.py:48: FutureWarning: Importing from timm.models.layers is deprecated, please import via timm.layers
  warnings.warn(f"Importing from {__name__} is deprecated, please import via timm.layers", FutureWarning)
{"completed": 1, "total": 23, "sequence": "midtallboycoming", "query_frame": 187, "event_id": "midtallboycoming:failure:187"}
{"completed": 2, "total": 23, "sequence": "midtallboycoming", "query_frame": 190, "event_id": "midtallboycoming:failure:187"}
{"completed": 3, "total": 23, "sequence": "lastrowrightboy", "query_frame": 77, "event_id": "lastrowrightboy:failure:78"}
{"completed": 4, "total": 23, "sequence": "lastrowrightboy", "query_frame": 79, "event_id": "lastrowrightboy:failure:78"}
{"completed": 5, "total": 23, "sequence": "midpinkblkglasscup", "query_frame": 67, "event_id": "midpinkblkglasscup:failure:69"}
{"completed": 6, "total": 23, "sequence": "midpinkblkglasscup", "query_frame": 69, "event_id": "midpinkblkglasscup:failure:69"}
{"completed": 7, "total": 23, "sequence": "midpinkblkglasscup", "query_frame": 72, "event_id": "midpinkblkglasscup:failure:69"}
{"completed": 8, "total": 23, "sequence": "redbaginbike", "query_frame": 59, "event_id": "redbaginbike:failure:60"}
{"completed": 9, "total": 23, "sequence": "redbaginbike", "query_frame": 61, "event_id": "redbaginbike:failure:60"}
{"completed": 10, "total": 23, "sequence": "leftbroom", "query_frame": 349, "event_id": "leftbroom:failure:351"}
{"completed": 11, "total": 23, "sequence": "leftbroom", "query_frame": 351, "event_id": "leftbroom:failure:351"}
{"completed": 12, "total": 23, "sequence": "leftbroom", "query_frame": 354, "event_id": "leftbroom:failure:351"}
{"completed": 13, "total": 23, "sequence": "whiteboycome", "query_frame": 598, "event_id": "whiteboycome:failure:599"}
{"completed": 14, "total": 23, "sequence": "whiteboycome", "query_frame": 600, "event_id": "whiteboycome:failure:599"}
{"completed": 15, "total": 23, "sequence": "rightwhiteboy", "query_frame": 584, "event_id": "rightwhiteboy:failure:586"}
{"completed": 16, "total": 23, "sequence": "rightwhiteboy", "query_frame": 586, "event_id": "rightwhiteboy:failure:586"}
{"completed": 17, "total": 23, "sequence": "rightwhiteboy", "query_frame": 589, "event_id": "rightwhiteboy:failure:586"}
{"completed": 18, "total": 23, "sequence": "leftconergirl", "query_frame": 323, "event_id": "leftconergirl:failure:324"}
{"completed": 19, "total": 23, "sequence": "leftconergirl", "query_frame": 325, "event_id": "leftconergirl:failure:324"}
{"completed": 20, "total": 23, "sequence": "lowerfoam2throw", "query_frame": 19, "event_id": "lowerfoam2throw:normal:19"}
{"completed": 21, "total": 23, "sequence": "rightboybesidesredcar", "query_frame": 136, "event_id": "rightboybesidesredcar:normal:136"}
{"completed": 22, "total": 23, "sequence": "womanstartbike", "query_frame": 80, "event_id": "womanstartbike:normal:80"}
{"completed": 23, "total": 23, "sequence": "manopendoor", "query_frame": 25, "event_id": "manopendoor:normal:25"}
