/data/gb/envs/gola/lib/python3.10/site-packages/timm/models/layers/__init__.py:48: FutureWarning: Importing from timm.models.layers is deprecated, please import via timm.layers
  warnings.warn(f"Importing from {__name__} is deprecated, please import via timm.layers", FutureWarning)
INITIAL {"clips": 196, "loss": 1.3384453058242798, "valid_actions": 7251, "current": 0.7523692846298218, "c1_current": 0.7510399222373962, "utility_before_search_cost": 0.7534797787666321, "utility": 0.7533267140388489, "c1_utility": 0.7520859241485596, "pause": 0, "search_triggered": 3, "changed_location": 2, "rescued": 0, "harmed": 0, "failed": 11, "c1_failed": 12, "original_recall": 176, "budget_recall": 177, "missing_candidate_found": 1, "wrong_update_fraction": 0.015306122601032257, "c1_wrong_update_fraction": 0.015306122601032257, "current_gain_against_c1": 0.0013293623924255371, "utility_gain_against_c1": 0.0012407898902893066}
TRAIN {"epoch": 1, "step": 1, "optimizer_steps": 1, "loss": 1.8139030933380127, "parts": {"advantage": 0.05867227166891098, "action_ranking": 0.013021014630794525, "harm": 1.6973552703857422, "quality": 0.780573308467865, "query_write_risk": 0.058643706142902374, "future": 0.12669417262077332, "memory_gate": 1.3776450157165527, "margin_preservation": 0.0018240429926663637, "identity_margin": 0.17257878184318542, "search_value": 0.0013088666601106524, "search_success": 0.688663899898529, "candidate_absence": 1.0270764827728271, "search_ranking": 2.2644972801208496}, "module_gradient_norms": {"A": 0.0891725942492485, "B": 8.240653038024902, "C": 1.0315349102020264}, "elapsed_seconds": 8.40601564059034, "peak_cuda_mib": 20122.81591796875}
TRAIN {"epoch": 1, "step": 7, "optimizer_steps": 7, "loss": 1.3623590469360352, "parts": {"advantage": 0.0526353195309639, "action_ranking": 0.011222387664020061, "harm": 1.752905011177063, "quality": 0.8145714402198792, "query_write_risk": 0.05481715127825737, "future": 0.12630707025527954, "memory_gate": 1.378403902053833, "margin_preservation": 0.0023887204006314278, "identity_margin": 0.16530416905879974, "search_value": 0.0008212123648263514, "search_success": 0.6866404414176941, "candidate_absence": 0.992268979549408, "search_ranking": 0.0}, "module_gradient_norms": {"A": 0.0865684524178505, "B": 0.37825703620910645, "C": 0.722663164138794}, "elapsed_seconds": 54.972948614973575, "peak_cuda_mib": 20122.81591796875}
VALIDATION {"epoch": 1, "clips": 196, "loss": 1.680518388748169, "valid_actions": 7251, "current": 0.7499532699584961, "c1_current": 0.7510399222373962, "utility_before_search_cost": 0.7511250972747803, "utility": 0.7511250972747803, "c1_utility": 0.7520859241485596, "pause": 0, "search_triggered": 0, "changed_location": 6, "rescued": 0, "harmed": 1, "failed": 12, "c1_failed": 12, "original_recall": 176, "budget_recall": 176, "missing_candidate_found": 0, "wrong_update_fraction": 0.015306122601032257, "c1_wrong_update_fraction": 0.015306122601032257, "current_gain_against_c1": -0.0010866522789001465, "utility_gain_against_c1": -0.0009608268737792969}
TRAIN {"epoch": 2, "step": 1, "optimizer_steps": 8, "loss": 1.7364428043365479, "parts": {"advantage": 0.050593361258506775, "action_ranking": 0.011298393830657005, "harm": 1.635254144668579, "quality": 0.7757716774940491, "query_write_risk": 0.05621848627924919, "future": 0.1323208212852478, "memory_gate": 1.3991338014602661, "margin_preservation": 0.0027690313290804625, "identity_margin": 0.16552937030792236, "search_value": 0.0014252479886636138, "search_success": 0.6902031898498535, "candidate_absence": 1.2074164152145386, "search_ranking": 1.7798635959625244}, "module_gradient_norms": {"A": 0.09400200098752975, "B": 4.154587745666504, "C": 0.6658710241317749}, "elapsed_seconds": 63.82122273556888, "peak_cuda_mib": 20122.81591796875}
Traceback (most recent call last):
  File "/data/gb/envs/gola/lib/python3.10/runpy.py", line 196, in _run_module_as_main
    return _run_code(code, main_globals, None,
  File "/data/gb/envs/gola/lib/python3.10/runpy.py", line 86, in _run_code
    exec(code, run_globals)
  File "/data/gb/experiments/recoverability_write_events_fit_20261005/research/train_recoverability.py", line 291, in <module>
    main()
  File "/data/gb/experiments/recoverability_write_events_fit_20261005/research/train_recoverability.py", line 228, in main
    loss.backward()
  File "/data/gb/envs/gola/lib/python3.10/site-packages/torch/_tensor.py", line 581, in backward
    torch.autograd.backward(
  File "/data/gb/envs/gola/lib/python3.10/site-packages/torch/autograd/__init__.py", line 347, in backward
    _engine_run_backward(
  File "/data/gb/envs/gola/lib/python3.10/site-packages/torch/autograd/graph.py", line 825, in _engine_run_backward
    return Variable._execution_engine.run_backward(  # Calls into the C++ engine to run the backward pass
torch.OutOfMemoryError: CUDA out of memory. Tried to allocate 2.25 GiB. GPU 0 has a total capacity of 23.68 GiB of which 1.97 GiB is free. Process 3494704 has 312.51 MiB memory in use. Including non-PyTorch memory, this process has 21.37 GiB memory in use. Of the allocated memory 15.80 GiB is allocated by PyTorch, and 5.21 GiB is reserved by PyTorch but unallocated. If reserved but unallocated memory is large try setting PYTORCH_CUDA_ALLOC_CONF=expandable_segments:True to avoid fragmentation.  See documentation for Memory Management  (https://pytorch.org/docs/stable/notes/cuda.html#environment-variables)
