/data/gb/envs/gola/lib/python3.10/site-packages/timm/models/layers/__init__.py:48: FutureWarning: Importing from timm.models.layers is deprecated, please import via timm.layers
  warnings.warn(f"Importing from {__name__} is deprecated, please import via timm.layers", FutureWarning)
EPOCH {"epoch": 0, "optimizer_steps": 0, "elapsed_seconds": 0.16355441696941853, "training_pair_loss": null, "training_positive_negative_pairs": 0, "selected_query_mean_iou": 0.5511079430580139, "c1_query_mean_iou": 0.5513848066329956, "rescued": 0, "harmed": 0}
EPOCH {"epoch": 1, "optimizer_steps": 28, "elapsed_seconds": 0.36730553209781647, "training_pair_loss": 0.832968280842908, "training_positive_negative_pairs": 36578, "selected_query_mean_iou": 0.5513848066329956, "c1_query_mean_iou": 0.5513848066329956, "rescued": 0, "harmed": 0}
EPOCH {"epoch": 2, "optimizer_steps": 56, "elapsed_seconds": 0.4555752598680556, "training_pair_loss": 0.8122916566946892, "training_positive_negative_pairs": 36578, "selected_query_mean_iou": 0.5513848066329956, "c1_query_mean_iou": 0.5513848066329956, "rescued": 0, "harmed": 0}
EPOCH {"epoch": 3, "optimizer_steps": 84, "elapsed_seconds": 0.543793227057904, "training_pair_loss": 0.7947725588548985, "training_positive_negative_pairs": 36578, "selected_query_mean_iou": 0.5513848066329956, "c1_query_mean_iou": 0.5513848066329956, "rescued": 0, "harmed": 0}
EPOCH {"epoch": 4, "optimizer_steps": 112, "elapsed_seconds": 0.628451919183135, "training_pair_loss": 0.7798345759686167, "training_positive_negative_pairs": 36578, "selected_query_mean_iou": 0.5513848066329956, "c1_query_mean_iou": 0.5513848066329956, "rescued": 0, "harmed": 0}
EPOCH {"epoch": 5, "optimizer_steps": 140, "elapsed_seconds": 0.7159946640022099, "training_pair_loss": 0.7674800705310717, "training_positive_negative_pairs": 36578, "selected_query_mean_iou": 0.5513848066329956, "c1_query_mean_iou": 0.5513848066329956, "rescued": 0, "harmed": 0}
EPOCH {"epoch": 6, "optimizer_steps": 168, "elapsed_seconds": 0.8029788602143526, "training_pair_loss": 0.7573284874531953, "training_positive_negative_pairs": 36578, "selected_query_mean_iou": 0.5513848066329956, "c1_query_mean_iou": 0.5513848066329956, "rescued": 0, "harmed": 0}
EPOCH {"epoch": 7, "optimizer_steps": 196, "elapsed_seconds": 0.8897010190412402, "training_pair_loss": 0.7487494769293351, "training_positive_negative_pairs": 36578, "selected_query_mean_iou": 0.5513848066329956, "c1_query_mean_iou": 0.5513848066329956, "rescued": 0, "harmed": 0}
EPOCH {"epoch": 8, "optimizer_steps": 224, "elapsed_seconds": 0.9788518352434039, "training_pair_loss": 0.7414110419826997, "training_positive_negative_pairs": 36578, "selected_query_mean_iou": 0.5513848066329956, "c1_query_mean_iou": 0.5513848066329956, "rescued": 0, "harmed": 0}
EPOCH {"epoch": 9, "optimizer_steps": 252, "elapsed_seconds": 1.0685401000082493, "training_pair_loss": 0.7350071913313857, "training_positive_negative_pairs": 36578, "selected_query_mean_iou": 0.5513848066329956, "c1_query_mean_iou": 0.5513848066329956, "rescued": 0, "harmed": 0}
EPOCH {"epoch": 10, "optimizer_steps": 280, "elapsed_seconds": 1.159322328865528, "training_pair_loss": 0.7294293149912219, "training_positive_negative_pairs": 36578, "selected_query_mean_iou": 0.5513848066329956, "c1_query_mean_iou": 0.5513848066329956, "rescued": 0, "harmed": 0}
EPOCH {"epoch": 11, "optimizer_steps": 308, "elapsed_seconds": 1.248003070242703, "training_pair_loss": 0.724465236506928, "training_positive_negative_pairs": 36578, "selected_query_mean_iou": 0.5513848066329956, "c1_query_mean_iou": 0.5513848066329956, "rescued": 0, "harmed": 0}
EPOCH {"epoch": 12, "optimizer_steps": 336, "elapsed_seconds": 1.3372418899089098, "training_pair_loss": 0.7200066146497175, "training_positive_negative_pairs": 36578, "selected_query_mean_iou": 0.5513848066329956, "c1_query_mean_iou": 0.5513848066329956, "rescued": 0, "harmed": 0}
EPOCH {"epoch": 13, "optimizer_steps": 364, "elapsed_seconds": 1.4244329929351807, "training_pair_loss": 0.7160053223516533, "training_positive_negative_pairs": 36578, "selected_query_mean_iou": 0.5513848066329956, "c1_query_mean_iou": 0.5513848066329956, "rescued": 0, "harmed": 0}
EPOCH {"epoch": 14, "optimizer_steps": 392, "elapsed_seconds": 1.5125360959209502, "training_pair_loss": 0.7123153682997152, "training_positive_negative_pairs": 36578, "selected_query_mean_iou": 0.5513848066329956, "c1_query_mean_iou": 0.5513848066329956, "rescued": 0, "harmed": 0}
EPOCH {"epoch": 15, "optimizer_steps": 420, "elapsed_seconds": 1.6023098230361938, "training_pair_loss": 0.7089268549127129, "training_positive_negative_pairs": 36578, "selected_query_mean_iou": 0.5513848066329956, "c1_query_mean_iou": 0.5513848066329956, "rescued": 0, "harmed": 0}
EPOCH {"epoch": 16, "optimizer_steps": 448, "elapsed_seconds": 1.6894299238920212, "training_pair_loss": 0.7058116220236411, "training_positive_negative_pairs": 36578, "selected_query_mean_iou": 0.5513848066329956, "c1_query_mean_iou": 0.5513848066329956, "rescued": 0, "harmed": 0}
EPOCH {"epoch": 17, "optimizer_steps": 476, "elapsed_seconds": 1.777710353024304, "training_pair_loss": 0.7028919849376719, "training_positive_negative_pairs": 36578, "selected_query_mean_iou": 0.5513848066329956, "c1_query_mean_iou": 0.5513848066329956, "rescued": 0, "harmed": 0}
EPOCH {"epoch": 18, "optimizer_steps": 504, "elapsed_seconds": 1.8649142771027982, "training_pair_loss": 0.7001569935916205, "training_positive_negative_pairs": 36578, "selected_query_mean_iou": 0.5513848066329956, "c1_query_mean_iou": 0.5513848066329956, "rescued": 0, "harmed": 0}
EPOCH {"epoch": 19, "optimizer_steps": 532, "elapsed_seconds": 1.95189601322636, "training_pair_loss": 0.6975597892688019, "training_positive_negative_pairs": 36578, "selected_query_mean_iou": 0.5513848066329956, "c1_query_mean_iou": 0.5513848066329956, "rescued": 0, "harmed": 0}
EPOCH {"epoch": 20, "optimizer_steps": 560, "elapsed_seconds": 2.0405221632681787, "training_pair_loss": 0.6950874006554613, "training_positive_negative_pairs": 36578, "selected_query_mean_iou": 0.5513848066329956, "c1_query_mean_iou": 0.5513848066329956, "rescued": 0, "harmed": 0}
EPOCH {"epoch": 21, "optimizer_steps": 588, "elapsed_seconds": 2.1280244472436607, "training_pair_loss": 0.6927260722875582, "training_positive_negative_pairs": 36578, "selected_query_mean_iou": 0.5513848066329956, "c1_query_mean_iou": 0.5513848066329956, "rescued": 0, "harmed": 0}
EPOCH {"epoch": 22, "optimizer_steps": 616, "elapsed_seconds": 2.2147497152909636, "training_pair_loss": 0.6904549678996678, "training_positive_negative_pairs": 36578, "selected_query_mean_iou": 0.5513848066329956, "c1_query_mean_iou": 0.5513848066329956, "rescued": 0, "harmed": 0}
EPOCH {"epoch": 23, "optimizer_steps": 644, "elapsed_seconds": 2.3021266139112413, "training_pair_loss": 0.6882782090996906, "training_positive_negative_pairs": 36578, "selected_query_mean_iou": 0.5513848066329956, "c1_query_mean_iou": 0.5513848066329956, "rescued": 0, "harmed": 0}
EPOCH {"epoch": 24, "optimizer_steps": 672, "elapsed_seconds": 2.3884144290350378, "training_pair_loss": 0.6861374170896595, "training_positive_negative_pairs": 36578, "selected_query_mean_iou": 0.5513848066329956, "c1_query_mean_iou": 0.5513848066329956, "rescued": 0, "harmed": 0}
EPOCH {"epoch": 25, "optimizer_steps": 700, "elapsed_seconds": 2.4747660849243402, "training_pair_loss": 0.6840496499390201, "training_positive_negative_pairs": 36578, "selected_query_mean_iou": 0.5513848066329956, "c1_query_mean_iou": 0.5513848066329956, "rescued": 0, "harmed": 0}
EPOCH {"epoch": 26, "optimizer_steps": 728, "elapsed_seconds": 2.5618150238879025, "training_pair_loss": 0.6820009591685161, "training_positive_negative_pairs": 36578, "selected_query_mean_iou": 0.5513848066329956, "c1_query_mean_iou": 0.5513848066329956, "rescued": 0, "harmed": 0}
EPOCH {"epoch": 27, "optimizer_steps": 756, "elapsed_seconds": 2.6487532891333103, "training_pair_loss": 0.6799736207182943, "training_positive_negative_pairs": 36578, "selected_query_mean_iou": 0.5513848066329956, "c1_query_mean_iou": 0.5513848066329956, "rescued": 0, "harmed": 0}
EPOCH {"epoch": 28, "optimizer_steps": 784, "elapsed_seconds": 2.735883621033281, "training_pair_loss": 0.6779744554875463, "training_positive_negative_pairs": 36578, "selected_query_mean_iou": 0.5513848066329956, "c1_query_mean_iou": 0.5513848066329956, "rescued": 0, "harmed": 0}
EPOCH {"epoch": 29, "optimizer_steps": 812, "elapsed_seconds": 2.821923086885363, "training_pair_loss": 0.6759747683454403, "training_positive_negative_pairs": 36578, "selected_query_mean_iou": 0.5513848066329956, "c1_query_mean_iou": 0.5513848066329956, "rescued": 0, "harmed": 0}
EPOCH {"epoch": 30, "optimizer_steps": 840, "elapsed_seconds": 2.9076154022477567, "training_pair_loss": 0.6739905211055863, "training_positive_negative_pairs": 36578, "selected_query_mean_iou": 0.5513848066329956, "c1_query_mean_iou": 0.5513848066329956, "rescued": 0, "harmed": 0}
EPOCH {"epoch": 31, "optimizer_steps": 868, "elapsed_seconds": 2.9948500259779394, "training_pair_loss": 0.6719997849147767, "training_positive_negative_pairs": 36578, "selected_query_mean_iou": 0.5513848066329956, "c1_query_mean_iou": 0.5513848066329956, "rescued": 0, "harmed": 0}
EPOCH {"epoch": 32, "optimizer_steps": 896, "elapsed_seconds": 3.0818259031511843, "training_pair_loss": 0.6700142520572588, "training_positive_negative_pairs": 36578, "selected_query_mean_iou": 0.5513848066329956, "c1_query_mean_iou": 0.5513848066329956, "rescued": 0, "harmed": 0}
COMPLETED {"completed": true, "epochs": 32, "optimizer_steps": 896, "max_gradient_norm": 1.5744153261184692, "parameters_changed": true, "best_epoch": 1, "strict_reload_metrics_equal": true, "validation_metrics": {"selected_query_mean_iou": 0.5513848066329956, "c1_query_mean_iou": 0.5513848066329956, "rescued": 0, "harmed": 0}, "identity_only_pretraining": true, "native_tracking_accuracy": false, "elapsed_seconds": 3.0867743431590497, "peak_cuda_mib": 655.01953125}
