/data/gb/envs/gola/lib/python3.10/site-packages/timm/models/layers/__init__.py:48: FutureWarning: Importing from timm.models.layers is deprecated, please import via timm.layers
  warnings.warn(f"Importing from {__name__} is deprecated, please import via timm.layers", FutureWarning)
EPOCH {"epoch": 0, "optimizer_steps": 0, "elapsed_seconds": 0.15953731769695878, "training_pair_loss": null, "training_positive_negative_pairs": 0, "selected_query_mean_iou": 0.5464146733283997, "c1_query_mean_iou": 0.5513848066329956, "rescued": 0, "harmed": 7}
EPOCH {"epoch": 1, "optimizer_steps": 28, "elapsed_seconds": 0.3614001818932593, "training_pair_loss": 6.381934236701904, "training_positive_negative_pairs": 36578, "selected_query_mean_iou": 0.5472762584686279, "c1_query_mean_iou": 0.5513848066329956, "rescued": 0, "harmed": 5}
EPOCH {"epoch": 2, "optimizer_steps": 56, "elapsed_seconds": 0.4505584887228906, "training_pair_loss": 5.695948367682258, "training_positive_negative_pairs": 36578, "selected_query_mean_iou": 0.547779381275177, "c1_query_mean_iou": 0.5513848066329956, "rescued": 0, "harmed": 4}
EPOCH {"epoch": 3, "optimizer_steps": 84, "elapsed_seconds": 0.5392118999734521, "training_pair_loss": 4.971906613232015, "training_positive_negative_pairs": 36578, "selected_query_mean_iou": 0.5486293435096741, "c1_query_mean_iou": 0.5513848066329956, "rescued": 0, "harmed": 3}
EPOCH {"epoch": 4, "optimizer_steps": 112, "elapsed_seconds": 0.6271381569094956, "training_pair_loss": 4.2222780657346455, "training_positive_negative_pairs": 36578, "selected_query_mean_iou": 0.5487303733825684, "c1_query_mean_iou": 0.5513848066329956, "rescued": 0, "harmed": 3}
EPOCH {"epoch": 5, "optimizer_steps": 140, "elapsed_seconds": 0.7148144557140768, "training_pair_loss": 3.46319414325133, "training_positive_negative_pairs": 36578, "selected_query_mean_iou": 0.5492950081825256, "c1_query_mean_iou": 0.5513848066329956, "rescued": 0, "harmed": 2}
EPOCH {"epoch": 6, "optimizer_steps": 168, "elapsed_seconds": 0.8028955478221178, "training_pair_loss": 2.7290367917512897, "training_positive_negative_pairs": 36578, "selected_query_mean_iou": 0.5493640899658203, "c1_query_mean_iou": 0.5513848066329956, "rescued": 0, "harmed": 2}
EPOCH {"epoch": 7, "optimizer_steps": 196, "elapsed_seconds": 0.8912796997465193, "training_pair_loss": 2.0484055259469054, "training_positive_negative_pairs": 36578, "selected_query_mean_iou": 0.5497715473175049, "c1_query_mean_iou": 0.5513848066329956, "rescued": 0, "harmed": 1}
EPOCH {"epoch": 8, "optimizer_steps": 224, "elapsed_seconds": 0.9792415988631546, "training_pair_loss": 1.453086375854504, "training_positive_negative_pairs": 36578, "selected_query_mean_iou": 0.5504366159439087, "c1_query_mean_iou": 0.5513848066329956, "rescued": 0, "harmed": 0}
EPOCH {"epoch": 9, "optimizer_steps": 252, "elapsed_seconds": 1.067271698731929, "training_pair_loss": 0.9682181334947247, "training_positive_negative_pairs": 36578, "selected_query_mean_iou": 0.5506752133369446, "c1_query_mean_iou": 0.5513848066329956, "rescued": 0, "harmed": 0}
EPOCH {"epoch": 10, "optimizer_steps": 280, "elapsed_seconds": 1.1550148706883192, "training_pair_loss": 0.610717011465005, "training_positive_negative_pairs": 36578, "selected_query_mean_iou": 0.5509520173072815, "c1_query_mean_iou": 0.5513848066329956, "rescued": 0, "harmed": 0}
EPOCH {"epoch": 11, "optimizer_steps": 308, "elapsed_seconds": 1.2348990580067039, "training_pair_loss": 0.3691052014567396, "training_positive_negative_pairs": 36578, "selected_query_mean_iou": 0.5513848066329956, "c1_query_mean_iou": 0.5513848066329956, "rescued": 0, "harmed": 0}
EPOCH {"epoch": 12, "optimizer_steps": 336, "elapsed_seconds": 1.313921497669071, "training_pair_loss": 0.21927450550641164, "training_positive_negative_pairs": 36578, "selected_query_mean_iou": 0.5513848066329956, "c1_query_mean_iou": 0.5513848066329956, "rescued": 0, "harmed": 0}
EPOCH {"epoch": 13, "optimizer_steps": 364, "elapsed_seconds": 1.3907272168435156, "training_pair_loss": 0.13407493679937466, "training_positive_negative_pairs": 36578, "selected_query_mean_iou": 0.5519658327102661, "c1_query_mean_iou": 0.5513848066329956, "rescued": 1, "harmed": 0}
EPOCH {"epoch": 14, "optimizer_steps": 392, "elapsed_seconds": 1.4698958308435977, "training_pair_loss": 0.09233967930264272, "training_positive_negative_pairs": 36578, "selected_query_mean_iou": 0.5519658327102661, "c1_query_mean_iou": 0.5513848066329956, "rescued": 1, "harmed": 0}
EPOCH {"epoch": 15, "optimizer_steps": 420, "elapsed_seconds": 1.5463013257831335, "training_pair_loss": 0.0742862806517721, "training_positive_negative_pairs": 36578, "selected_query_mean_iou": 0.5521727204322815, "c1_query_mean_iou": 0.5513848066329956, "rescued": 1, "harmed": 0}
EPOCH {"epoch": 16, "optimizer_steps": 448, "elapsed_seconds": 1.623283640947193, "training_pair_loss": 0.0648711108872422, "training_positive_negative_pairs": 36578, "selected_query_mean_iou": 0.5521727204322815, "c1_query_mean_iou": 0.5513848066329956, "rescued": 1, "harmed": 0}
EPOCH {"epoch": 17, "optimizer_steps": 476, "elapsed_seconds": 1.7007308998145163, "training_pair_loss": 0.05897091379215725, "training_positive_negative_pairs": 36578, "selected_query_mean_iou": 0.5521727204322815, "c1_query_mean_iou": 0.5513848066329956, "rescued": 1, "harmed": 0}
EPOCH {"epoch": 18, "optimizer_steps": 504, "elapsed_seconds": 1.7762311859987676, "training_pair_loss": 0.05491124395116291, "training_positive_negative_pairs": 36578, "selected_query_mean_iou": 0.5522158741950989, "c1_query_mean_iou": 0.5513848066329956, "rescued": 1, "harmed": 0}
EPOCH {"epoch": 19, "optimizer_steps": 532, "elapsed_seconds": 1.8538629706017673, "training_pair_loss": 0.05192953216504621, "training_positive_negative_pairs": 36578, "selected_query_mean_iou": 0.5522158741950989, "c1_query_mean_iou": 0.5513848066329956, "rescued": 1, "harmed": 0}
EPOCH {"epoch": 20, "optimizer_steps": 560, "elapsed_seconds": 1.9296512957662344, "training_pair_loss": 0.049640442373287984, "training_positive_negative_pairs": 36578, "selected_query_mean_iou": 0.5522158741950989, "c1_query_mean_iou": 0.5513848066329956, "rescued": 1, "harmed": 0}
EPOCH {"epoch": 21, "optimizer_steps": 588, "elapsed_seconds": 2.005506813991815, "training_pair_loss": 0.047819424286668855, "training_positive_negative_pairs": 36578, "selected_query_mean_iou": 0.5525593757629395, "c1_query_mean_iou": 0.5513848066329956, "rescued": 2, "harmed": 0}
EPOCH {"epoch": 22, "optimizer_steps": 616, "elapsed_seconds": 2.082014722749591, "training_pair_loss": 0.04634084957075605, "training_positive_negative_pairs": 36578, "selected_query_mean_iou": 0.5525593757629395, "c1_query_mean_iou": 0.5513848066329956, "rescued": 2, "harmed": 0}
EPOCH {"epoch": 23, "optimizer_steps": 644, "elapsed_seconds": 2.157959552947432, "training_pair_loss": 0.04509444279483467, "training_positive_negative_pairs": 36578, "selected_query_mean_iou": 0.5525593757629395, "c1_query_mean_iou": 0.5513848066329956, "rescued": 2, "harmed": 0}
EPOCH {"epoch": 24, "optimizer_steps": 672, "elapsed_seconds": 2.235450883861631, "training_pair_loss": 0.04403535349872922, "training_positive_negative_pairs": 36578, "selected_query_mean_iou": 0.5528928637504578, "c1_query_mean_iou": 0.5513848066329956, "rescued": 3, "harmed": 0}
EPOCH {"epoch": 25, "optimizer_steps": 700, "elapsed_seconds": 2.3161811786703765, "training_pair_loss": 0.04312225745008984, "training_positive_negative_pairs": 36578, "selected_query_mean_iou": 0.5528928637504578, "c1_query_mean_iou": 0.5513848066329956, "rescued": 3, "harmed": 0}
EPOCH {"epoch": 26, "optimizer_steps": 728, "elapsed_seconds": 2.3936325977556407, "training_pair_loss": 0.04232097034473916, "training_positive_negative_pairs": 36578, "selected_query_mean_iou": 0.5528928637504578, "c1_query_mean_iou": 0.5513848066329956, "rescued": 3, "harmed": 0}
EPOCH {"epoch": 27, "optimizer_steps": 756, "elapsed_seconds": 2.4708812297321856, "training_pair_loss": 0.04160579538842667, "training_positive_negative_pairs": 36578, "selected_query_mean_iou": 0.5528928637504578, "c1_query_mean_iou": 0.5513848066329956, "rescued": 3, "harmed": 0}
EPOCH {"epoch": 28, "optimizer_steps": 784, "elapsed_seconds": 2.547719799913466, "training_pair_loss": 0.04096940519779381, "training_positive_negative_pairs": 36578, "selected_query_mean_iou": 0.5528928637504578, "c1_query_mean_iou": 0.5513848066329956, "rescued": 3, "harmed": 0}
EPOCH {"epoch": 29, "optimizer_steps": 812, "elapsed_seconds": 2.623448592610657, "training_pair_loss": 0.040394648751352416, "training_positive_negative_pairs": 36578, "selected_query_mean_iou": 0.5528928637504578, "c1_query_mean_iou": 0.5513848066329956, "rescued": 3, "harmed": 0}
EPOCH {"epoch": 30, "optimizer_steps": 840, "elapsed_seconds": 2.700094055850059, "training_pair_loss": 0.03987544848566783, "training_positive_negative_pairs": 36578, "selected_query_mean_iou": 0.5528928637504578, "c1_query_mean_iou": 0.5513848066329956, "rescued": 3, "harmed": 0}
EPOCH {"epoch": 31, "optimizer_steps": 868, "elapsed_seconds": 2.7764885406941175, "training_pair_loss": 0.03939508332565009, "training_positive_negative_pairs": 36578, "selected_query_mean_iou": 0.5528928637504578, "c1_query_mean_iou": 0.5513848066329956, "rescued": 3, "harmed": 0}
EPOCH {"epoch": 32, "optimizer_steps": 896, "elapsed_seconds": 2.852290046866983, "training_pair_loss": 0.03895234422088794, "training_positive_negative_pairs": 36578, "selected_query_mean_iou": 0.5528928637504578, "c1_query_mean_iou": 0.5513848066329956, "rescued": 3, "harmed": 0}
COMPLETED {"completed": true, "epochs": 32, "optimizer_steps": 896, "max_gradient_norm": 15.152656555175781, "parameters_changed": true, "best_epoch": 24, "strict_reload_metrics_equal": true, "validation_metrics": {"selected_query_mean_iou": 0.5528928637504578, "c1_query_mean_iou": 0.5513848066329956, "rescued": 3, "harmed": 0}, "identity_only_pretraining": true, "native_tracking_accuracy": false, "elapsed_seconds": 2.8568636449053884, "peak_cuda_mib": 655.01953125}
