/data/gb/envs/gola/lib/python3.10/site-packages/timm/models/layers/__init__.py:48: FutureWarning: Importing from timm.models.layers is deprecated, please import via timm.layers
  warnings.warn(f"Importing from {__name__} is deprecated, please import via timm.layers", FutureWarning)
EPOCH {"epoch": 0, "optimizer_steps": 0, "elapsed_seconds": 0.1584624731913209, "training_pair_loss": null, "training_positive_negative_pairs": 0, "selected_query_mean_iou": 0.5464146733283997, "c1_query_mean_iou": 0.5513848066329956, "rescued": 0, "harmed": 7}
EPOCH {"epoch": 1, "optimizer_steps": 28, "elapsed_seconds": 0.3609016751870513, "training_pair_loss": 3.498590787237668, "training_positive_negative_pairs": 36578, "selected_query_mean_iou": 0.5506752133369446, "c1_query_mean_iou": 0.5513848066329956, "rescued": 0, "harmed": 0}
EPOCH {"epoch": 2, "optimizer_steps": 56, "elapsed_seconds": 0.45081744715571404, "training_pair_loss": 0.2215679965642795, "training_positive_negative_pairs": 36578, "selected_query_mean_iou": 0.5522158741950989, "c1_query_mean_iou": 0.5513848066329956, "rescued": 1, "harmed": 0}
EPOCH {"epoch": 3, "optimizer_steps": 84, "elapsed_seconds": 0.5413906187750399, "training_pair_loss": 0.04416713129043207, "training_positive_negative_pairs": 36578, "selected_query_mean_iou": 0.5528928637504578, "c1_query_mean_iou": 0.5513848066329956, "rescued": 3, "harmed": 0}
EPOCH {"epoch": 4, "optimizer_steps": 112, "elapsed_seconds": 0.6325622010044754, "training_pair_loss": 0.03831349081775383, "training_positive_negative_pairs": 36578, "selected_query_mean_iou": 0.5528928637504578, "c1_query_mean_iou": 0.5513848066329956, "rescued": 3, "harmed": 0}
EPOCH {"epoch": 5, "optimizer_steps": 140, "elapsed_seconds": 0.7233720310032368, "training_pair_loss": 0.0361600502628027, "training_positive_negative_pairs": 36578, "selected_query_mean_iou": 0.5528928637504578, "c1_query_mean_iou": 0.5513848066329956, "rescued": 3, "harmed": 0}
EPOCH {"epoch": 6, "optimizer_steps": 168, "elapsed_seconds": 0.812768726143986, "training_pair_loss": 0.03465010510093841, "training_positive_negative_pairs": 36578, "selected_query_mean_iou": 0.5528928637504578, "c1_query_mean_iou": 0.5513848066329956, "rescued": 3, "harmed": 0}
EPOCH {"epoch": 7, "optimizer_steps": 196, "elapsed_seconds": 0.9014522079378366, "training_pair_loss": 0.033490265940901986, "training_positive_negative_pairs": 36578, "selected_query_mean_iou": 0.5528928637504578, "c1_query_mean_iou": 0.5513848066329956, "rescued": 3, "harmed": 0}
EPOCH {"epoch": 8, "optimizer_steps": 224, "elapsed_seconds": 0.9933246420696378, "training_pair_loss": 0.032533387408592164, "training_positive_negative_pairs": 36578, "selected_query_mean_iou": 0.5528928637504578, "c1_query_mean_iou": 0.5513848066329956, "rescued": 3, "harmed": 0}
EPOCH {"epoch": 9, "optimizer_steps": 252, "elapsed_seconds": 1.0850592330098152, "training_pair_loss": 0.03170994653743995, "training_positive_negative_pairs": 36578, "selected_query_mean_iou": 0.5531460642814636, "c1_query_mean_iou": 0.5513848066329956, "rescued": 3, "harmed": 0}
EPOCH {"epoch": 10, "optimizer_steps": 280, "elapsed_seconds": 1.1747531271539629, "training_pair_loss": 0.030985330405286424, "training_positive_negative_pairs": 36578, "selected_query_mean_iou": 0.5531460642814636, "c1_query_mean_iou": 0.5513848066329956, "rescued": 3, "harmed": 0}
EPOCH {"epoch": 11, "optimizer_steps": 308, "elapsed_seconds": 1.2648677951656282, "training_pair_loss": 0.030323999120308816, "training_positive_negative_pairs": 36578, "selected_query_mean_iou": 0.5531460642814636, "c1_query_mean_iou": 0.5513848066329956, "rescued": 3, "harmed": 0}
EPOCH {"epoch": 12, "optimizer_steps": 336, "elapsed_seconds": 1.3568929941393435, "training_pair_loss": 0.029738581690327635, "training_positive_negative_pairs": 36578, "selected_query_mean_iou": 0.5531460642814636, "c1_query_mean_iou": 0.5513848066329956, "rescued": 3, "harmed": 0}
EPOCH {"epoch": 13, "optimizer_steps": 364, "elapsed_seconds": 1.4472958310507238, "training_pair_loss": 0.029209854805035327, "training_positive_negative_pairs": 36578, "selected_query_mean_iou": 0.5531460642814636, "c1_query_mean_iou": 0.5513848066329956, "rescued": 3, "harmed": 0}
EPOCH {"epoch": 14, "optimizer_steps": 392, "elapsed_seconds": 1.5378687540069222, "training_pair_loss": 0.028722398617110897, "training_positive_negative_pairs": 36578, "selected_query_mean_iou": 0.5531460642814636, "c1_query_mean_iou": 0.5513848066329956, "rescued": 3, "harmed": 0}
EPOCH {"epoch": 15, "optimizer_steps": 420, "elapsed_seconds": 1.6276351301930845, "training_pair_loss": 0.028258204920789457, "training_positive_negative_pairs": 36578, "selected_query_mean_iou": 0.5531460642814636, "c1_query_mean_iou": 0.5513848066329956, "rescued": 3, "harmed": 0}
EPOCH {"epoch": 16, "optimizer_steps": 448, "elapsed_seconds": 1.7193788010627031, "training_pair_loss": 0.02777185599749474, "training_positive_negative_pairs": 36578, "selected_query_mean_iou": 0.5531460642814636, "c1_query_mean_iou": 0.5513848066329956, "rescued": 3, "harmed": 0}
EPOCH {"epoch": 17, "optimizer_steps": 476, "elapsed_seconds": 1.809643352869898, "training_pair_loss": 0.027341434191994907, "training_positive_negative_pairs": 36578, "selected_query_mean_iou": 0.5531460642814636, "c1_query_mean_iou": 0.5513848066329956, "rescued": 3, "harmed": 0}
EPOCH {"epoch": 18, "optimizer_steps": 504, "elapsed_seconds": 1.90078827412799, "training_pair_loss": 0.026953102592528567, "training_positive_negative_pairs": 36578, "selected_query_mean_iou": 0.5531460642814636, "c1_query_mean_iou": 0.5513848066329956, "rescued": 3, "harmed": 0}
EPOCH {"epoch": 19, "optimizer_steps": 532, "elapsed_seconds": 1.991855523083359, "training_pair_loss": 0.02651483718087063, "training_positive_negative_pairs": 36578, "selected_query_mean_iou": 0.5531460642814636, "c1_query_mean_iou": 0.5513848066329956, "rescued": 3, "harmed": 0}
EPOCH {"epoch": 20, "optimizer_steps": 560, "elapsed_seconds": 2.079712247941643, "training_pair_loss": 0.026105037395254677, "training_positive_negative_pairs": 36578, "selected_query_mean_iou": 0.5531460642814636, "c1_query_mean_iou": 0.5513848066329956, "rescued": 3, "harmed": 0}
EPOCH {"epoch": 21, "optimizer_steps": 588, "elapsed_seconds": 2.1686791479587555, "training_pair_loss": 0.025731485004749307, "training_positive_negative_pairs": 36578, "selected_query_mean_iou": 0.5531460642814636, "c1_query_mean_iou": 0.5513848066329956, "rescued": 3, "harmed": 0}
EPOCH {"epoch": 22, "optimizer_steps": 616, "elapsed_seconds": 2.25883157690987, "training_pair_loss": 0.025314864213666244, "training_positive_negative_pairs": 36578, "selected_query_mean_iou": 0.5531460642814636, "c1_query_mean_iou": 0.5513848066329956, "rescued": 3, "harmed": 0}
EPOCH {"epoch": 23, "optimizer_steps": 644, "elapsed_seconds": 2.350387821905315, "training_pair_loss": 0.024954577754744845, "training_positive_negative_pairs": 36578, "selected_query_mean_iou": 0.5531460642814636, "c1_query_mean_iou": 0.5513848066329956, "rescued": 3, "harmed": 0}
EPOCH {"epoch": 24, "optimizer_steps": 672, "elapsed_seconds": 2.442807684186846, "training_pair_loss": 0.024519582896589773, "training_positive_negative_pairs": 36578, "selected_query_mean_iou": 0.5531460642814636, "c1_query_mean_iou": 0.5513848066329956, "rescued": 3, "harmed": 0}
EPOCH {"epoch": 25, "optimizer_steps": 700, "elapsed_seconds": 2.5346114258281887, "training_pair_loss": 0.024100677203799496, "training_positive_negative_pairs": 36578, "selected_query_mean_iou": 0.5531460642814636, "c1_query_mean_iou": 0.5513848066329956, "rescued": 3, "harmed": 0}
EPOCH {"epoch": 26, "optimizer_steps": 728, "elapsed_seconds": 2.6255968320183456, "training_pair_loss": 0.023744903524428203, "training_positive_negative_pairs": 36578, "selected_query_mean_iou": 0.5531460642814636, "c1_query_mean_iou": 0.5513848066329956, "rescued": 3, "harmed": 0}
EPOCH {"epoch": 27, "optimizer_steps": 756, "elapsed_seconds": 2.7187612378038466, "training_pair_loss": 0.023333820454368704, "training_positive_negative_pairs": 36578, "selected_query_mean_iou": 0.5531460642814636, "c1_query_mean_iou": 0.5513848066329956, "rescued": 3, "harmed": 0}
EPOCH {"epoch": 28, "optimizer_steps": 784, "elapsed_seconds": 2.8089411379769444, "training_pair_loss": 0.0227964374087203, "training_positive_negative_pairs": 36578, "selected_query_mean_iou": 0.5531460642814636, "c1_query_mean_iou": 0.5513848066329956, "rescued": 3, "harmed": 0}
EPOCH {"epoch": 29, "optimizer_steps": 812, "elapsed_seconds": 2.9005021220073104, "training_pair_loss": 0.022342942191360286, "training_positive_negative_pairs": 36578, "selected_query_mean_iou": 0.5531460642814636, "c1_query_mean_iou": 0.5513848066329956, "rescued": 3, "harmed": 0}
EPOCH {"epoch": 30, "optimizer_steps": 840, "elapsed_seconds": 2.991529829800129, "training_pair_loss": 0.02195017074695989, "training_positive_negative_pairs": 36578, "selected_query_mean_iou": 0.5531460642814636, "c1_query_mean_iou": 0.5513848066329956, "rescued": 3, "harmed": 0}
EPOCH {"epoch": 31, "optimizer_steps": 868, "elapsed_seconds": 3.081661608070135, "training_pair_loss": 0.021368376438583504, "training_positive_negative_pairs": 36578, "selected_query_mean_iou": 0.5531460642814636, "c1_query_mean_iou": 0.5513848066329956, "rescued": 3, "harmed": 0}
EPOCH {"epoch": 32, "optimizer_steps": 896, "elapsed_seconds": 3.170681859832257, "training_pair_loss": 0.020810983724544034, "training_positive_negative_pairs": 36578, "selected_query_mean_iou": 0.5531460642814636, "c1_query_mean_iou": 0.5513848066329956, "rescued": 3, "harmed": 0}
COMPLETED {"completed": true, "epochs": 32, "optimizer_steps": 896, "max_gradient_norm": 14.382701873779297, "parameters_changed": true, "best_epoch": 9, "strict_reload_metrics_equal": true, "validation_metrics": {"selected_query_mean_iou": 0.5531460642814636, "c1_query_mean_iou": 0.5513848066329956, "rescued": 3, "harmed": 0}, "identity_only_pretraining": true, "native_tracking_accuracy": false, "elapsed_seconds": 3.175268517807126, "peak_cuda_mib": 655.01953125}
