/data/gb/envs/gola/lib/python3.10/site-packages/timm/models/layers/__init__.py:48: FutureWarning: Importing from timm.models.layers is deprecated, please import via timm.layers
  warnings.warn(f"Importing from {__name__} is deprecated, please import via timm.layers", FutureWarning)
{"prefix_closed": {"sequence": "blkboygoleft", "query_frame": 30}, "elapsed_seconds": 1.9038965408690274}
{"prefix_closed": {"sequence": "redbaginbike", "query_frame": 60}, "elapsed_seconds": 4.530803089030087}
{"prefix_closed": {"sequence": "boystandinglefttree", "query_frame": 769}, "elapsed_seconds": 62.3232651297003}
{"prefix_closed": {"sequence": "boyturn", "query_frame": 102}, "elapsed_seconds": 66.81917163589969}
{"prefix_closed": {"sequence": "bord", "query_frame": 549}, "elapsed_seconds": 106.7961707059294}
{"prefix_closed": {"sequence": "leftshortgirl", "query_frame": 300}, "elapsed_seconds": 118.77901569707319}
{"prefix_closed": {"sequence": "huggirl", "query_frame": 524}, "elapsed_seconds": 136.71930583193898}
{"prefix_closed": {"sequence": "boyof2leaders", "query_frame": 449}, "elapsed_seconds": 152.12970891594887}
{"prefix_closed": {"sequence": "tworightbehindboy-gai", "query_frame": 720}, "elapsed_seconds": 206.0189904468134}
{"prefix_closed": {"sequence": "huggirl", "query_frame": 734}, "elapsed_seconds": 232.30897199269384}
{"prefix_closed": {"sequence": "1strowleft3rdgirl", "query_frame": 61}, "elapsed_seconds": 234.65624862490222}
{"prefix_closed": {"sequence": "mengointrees", "query_frame": 129}, "elapsed_seconds": 240.6242114128545}
{"prefix_closed": {"sequence": "highright2ndboy", "query_frame": 588}, "elapsed_seconds": 276.51976441964507}
{"prefix_closed": {"sequence": "basketballshooting2", "query_frame": 222}, "elapsed_seconds": 291.2780499467626}
{"prefix_closed": {"sequence": "left3rdgirlbesideswhitepants", "query_frame": 96}, "elapsed_seconds": 297.27264627767727}
{"prefix_closed": {"sequence": "the4thboystandby", "query_frame": 392}, "elapsed_seconds": 322.4423938798718}
/data/gb/GOLA/research/collect_rollouts.py:76: UserWarning: The given NumPy array is not writable, and PyTorch does not support non-writable tensors. This means writing to this tensor will result in undefined behavior. You may want to copy the array to protect its data or make it writable before converting it to a tensor. This type of warning will be suppressed for the rest of this program. (Triggered internally at ../torch/csrc/utils/tensor_numpy.cpp:206.)
  return float(box_iou(torch.from_numpy(box), torch.from_numpy(target)))
{"completed": true, "source": "/data/gb/outputs/current_relation_policy_collection_20261006/train/full/gpu1", "queries": 16, "partition": "train", "model": "/data/gb/outputs/candidate_relation_native_recovery_20261006/reconstructed_epoch5/best.pth", "scope": "Matched numeric/input/state check, not native accuracy or proof of a unique cause", "new_optimizer_updates": 0, "no_future_images_decoded": true, "GT_only_first_init_and_post_decision_labels": true, "serial_grouped_original_choice_disagreements": 0, "grouped_existing_cache_choice_disagreements": 0, "memory_reconstruction_decision_changes": 0, "max_identity_memory_reconstruction_error": 2.682209014892578e-07, "elapsed_seconds": 345.7444674130529, "peak_cuda_allocated_mib": 1486.7275390625}
