/data/gb/envs/gola/lib/python3.10/site-packages/timm/models/layers/__init__.py:48: FutureWarning: Importing from timm.models.layers is deprecated, please import via timm.layers
  warnings.warn(f"Importing from {__name__} is deprecated, please import via timm.layers", FutureWarning)
{"completed": 1, "total": 19, "sequence": "Awoman2openthecardoor", "query_frame": 10, "event_id": "Awoman2openthecardoor:GT_unknown:10"}
{"completed": 2, "total": 19, "sequence": "ab_girlrideintrees", "query_frame": 144, "event_id": "ab_girlrideintrees:GT_unknown:144"}
{"completed": 3, "total": 19, "sequence": "ab_leftmirrordancing", "query_frame": 368, "event_id": "ab_leftmirrordancing:GT_unknown:368"}
{"completed": 4, "total": 19, "sequence": "ab_pingpongball", "query_frame": 17, "event_id": "ab_pingpongball:GT_unknown:17"}
{"completed": 5, "total": 19, "sequence": "ab_pingpongball", "query_frame": 53, "event_id": "ab_pingpongball:GT_unknown:53"}
{"completed": 6, "total": 19, "sequence": "belowrightwhiteboy", "query_frame": 220, "event_id": "belowrightwhiteboy:GT_unknown:220"}
{"completed": 7, "total": 19, "sequence": "belowrightwhiteboy", "query_frame": 331, "event_id": "belowrightwhiteboy:GT_unknown:331"}
{"completed": 8, "total": 19, "sequence": "blackdownball", "query_frame": 353, "event_id": "blackdownball:GT_unknown:353"}
{"completed": 9, "total": 19, "sequence": "blackdresswithwhitefar", "query_frame": 215, "event_id": "blackdresswithwhitefar:GT_unknown:215"}
{"completed": 10, "total": 19, "sequence": "blackdresswithwhitefar", "query_frame": 460, "event_id": "blackdresswithwhitefar:GT_unknown:460"}
{"completed": 11, "total": 19, "sequence": "blklittlebag", "query_frame": 19, "event_id": "blklittlebag:GT_unknown:19"}
{"completed": 12, "total": 19, "sequence": "blklittlebag", "query_frame": 357, "event_id": "blklittlebag:GT_unknown:357"}
{"completed": 13, "total": 19, "sequence": "blkskirtwoman", "query_frame": 146, "event_id": "blkskirtwoman:GT_unknown:146"}
{"completed": 14, "total": 19, "sequence": "boyscome", "query_frame": 256, "event_id": "boyscome:GT_unknown:256"}
{"completed": 15, "total": 19, "sequence": "right2ndfarboytakinglight2left", "query_frame": 390, "event_id": "right2ndfarboytakinglight2left:GT_unknown:390"}
{"completed": 16, "total": 19, "sequence": "rightblkgirlNo_11", "query_frame": 139, "event_id": "rightblkgirlNo_11:GT_unknown:139"}
{"completed": 17, "total": 19, "sequence": "rightblkgirlNo_11", "query_frame": 371, "event_id": "rightblkgirlNo_11:GT_unknown:371"}
{"completed": 18, "total": 19, "sequence": "rightblkgirlNo_11", "query_frame": 393, "event_id": "rightblkgirlNo_11:GT_unknown:393"}
{"completed": 19, "total": 19, "sequence": "whiteboy-gai", "query_frame": 106, "event_id": "whiteboy-gai:GT_unknown:106"}
